Archive member included to satisfy reference by file (symbol)

c:/progra~2/armgnu~1/12977f~1.2mp/bin/../lib/gcc/arm-none-eabi/12.2.1/thumb/v7e-m+fp/hard\libgcc.a(_arm_muldf3.o)
                              CMakeFiles/test.elf.dir/Core/Src/chassis.cpp.obj (__aeabi_dmul)
c:/progra~2/armgnu~1/12977f~1.2mp/bin/../lib/gcc/arm-none-eabi/12.2.1/thumb/v7e-m+fp/hard\libgcc.a(_arm_addsubdf3.o)
                              CMakeFiles/test.elf.dir/Core/Src/chassis.cpp.obj (__aeabi_dsub)
c:/progra~2/armgnu~1/12977f~1.2mp/bin/../lib/gcc/arm-none-eabi/12.2.1/thumb/v7e-m+fp/hard\libgcc.a(_arm_muldivdf3.o)
                              CMakeFiles/test.elf.dir/Core/Src/chassis.cpp.obj (__aeabi_ddiv)
c:/progra~2/armgnu~1/12977f~1.2mp/bin/../lib/gcc/arm-none-eabi/12.2.1/thumb/v7e-m+fp/hard\libgcc.a(_arm_cmpdf2.o)
                              CMakeFiles/test.elf.dir/Core/Src/freertos.c.obj (__aeabi_dcmpeq)
c:/progra~2/armgnu~1/12977f~1.2mp/bin/../lib/gcc/arm-none-eabi/12.2.1/thumb/v7e-m+fp/hard\libgcc.a(_arm_fixdfsi.o)
                              CMakeFiles/test.elf.dir/Core/Src/chassis.cpp.obj (__aeabi_d2iz)
c:/progra~2/armgnu~1/12977f~1.2mp/bin/../lib/gcc/arm-none-eabi/12.2.1/thumb/v7e-m+fp/hard\libgcc.a(_arm_truncdfsf2.o)
                              CMakeFiles/test.elf.dir/Core/Src/chassis.cpp.obj (__aeabi_d2f)
c:/progra~2/armgnu~1/12977f~1.2mp/bin/../lib/gcc/arm-none-eabi/12.2.1/thumb/v7e-m+fp/hard\libgcc.a(_aeabi_uldivmod.o)
                              CMakeFiles/test.elf.dir/Drivers/STM32F4xx_HAL_Driver/Src/stm32f4xx_hal_rcc.c.obj (__aeabi_uldivmod)
c:/progra~2/armgnu~1/12977f~1.2mp/bin/../lib/gcc/arm-none-eabi/12.2.1/thumb/v7e-m+fp/hard\libgcc.a(_udivmoddi4.o)
                              c:/progra~2/armgnu~1/12977f~1.2mp/bin/../lib/gcc/arm-none-eabi/12.2.1/thumb/v7e-m+fp/hard\libgcc.a(_aeabi_uldivmod.o) (__udivmoddi4)
c:/progra~2/armgnu~1/12977f~1.2mp/bin/../lib/gcc/arm-none-eabi/12.2.1/thumb/v7e-m+fp/hard\libgcc.a(unwind-arm.o)
                              CMakeFiles/test.elf.dir/Core/Src/freertos.c.obj (__aeabi_unwind_cpp_pr0)
c:/progra~2/armgnu~1/12977f~1.2mp/bin/../lib/gcc/arm-none-eabi/12.2.1/thumb/v7e-m+fp/hard\libgcc.a(libunwind.o)
                              c:/progra~2/armgnu~1/12977f~1.2mp/bin/../lib/gcc/arm-none-eabi/12.2.1/thumb/v7e-m+fp/hard\libgcc.a(unwind-arm.o) (restore_core_regs)
c:/progra~2/armgnu~1/12977f~1.2mp/bin/../lib/gcc/arm-none-eabi/12.2.1/thumb/v7e-m+fp/hard\libgcc.a(pr-support.o)
                              c:/progra~2/armgnu~1/12977f~1.2mp/bin/../lib/gcc/arm-none-eabi/12.2.1/thumb/v7e-m+fp/hard\libgcc.a(unwind-arm.o) (__gnu_unwind_execute)
c:/progra~2/armgnu~1/12977f~1.2mp/bin/../lib/gcc/arm-none-eabi/12.2.1/thumb/v7e-m+fp/hard\libgcc.a(_dvmd_tls.o)
                              c:/progra~2/armgnu~1/12977f~1.2mp/bin/../lib/gcc/arm-none-eabi/12.2.1/thumb/v7e-m+fp/hard\libgcc.a(_aeabi_uldivmod.o) (__aeabi_ldiv0)
c:/progra~2/armgnu~1/12977f~1.2mp/bin/../lib/gcc/arm-none-eabi/12.2.1/thumb/v7e-m+fp/hard\libg.a(libc_a-abort.o)
                              c:/progra~2/armgnu~1/12977f~1.2mp/bin/../lib/gcc/arm-none-eabi/12.2.1/thumb/v7e-m+fp/hard\libgcc.a(pr-support.o) (abort)
c:/progra~2/armgnu~1/12977f~1.2mp/bin/../lib/gcc/arm-none-eabi/12.2.1/thumb/v7e-m+fp/hard\libg.a(libc_a-assert.o)
                              CMakeFiles/test.elf.dir/oslib/utils/oslib_hash.c.obj (__assert_func)
c:/progra~2/armgnu~1/12977f~1.2mp/bin/../lib/gcc/arm-none-eabi/12.2.1/thumb/v7e-m+fp/hard\libg.a(libc_a-atoi.o)
                              CMakeFiles/test.elf.dir/oslib/components/easylogger/port/elog_cmd.c.obj (atoi)
c:/progra~2/armgnu~1/12977f~1.2mp/bin/../lib/gcc/arm-none-eabi/12.2.1/thumb/v7e-m+fp/hard\libg.a(libc_a-exit.o)
                              c:/progra~2/armgnu~1/12977f~1.2mp/bin/../lib/gcc/arm-none-eabi/12.2.1/thumb/v7e-m+fp/hard/crt0.o (exit)
c:/progra~2/armgnu~1/12977f~1.2mp/bin/../lib/gcc/arm-none-eabi/12.2.1/thumb/v7e-m+fp/hard\libg.a(libc_a-strtol.o)
                              c:/progra~2/armgnu~1/12977f~1.2mp/bin/../lib/gcc/arm-none-eabi/12.2.1/thumb/v7e-m+fp/hard\libg.a(libc_a-atoi.o) (_strtol_r)
c:/progra~2/armgnu~1/12977f~1.2mp/bin/../lib/gcc/arm-none-eabi/12.2.1/thumb/v7e-m+fp/hard\libg.a(libc_a-ctype_.o)
                              CMakeFiles/test.elf.dir/oslib/components/easylogger/port/elog_cmd.c.obj (_ctype_)
c:/progra~2/armgnu~1/12977f~1.2mp/bin/../lib/gcc/arm-none-eabi/12.2.1/thumb/v7e-m+fp/hard\libg.a(libc_a-fiprintf.o)
                              c:/progra~2/armgnu~1/12977f~1.2mp/bin/../lib/gcc/arm-none-eabi/12.2.1/thumb/v7e-m+fp/hard\libg.a(libc_a-assert.o) (fiprintf)
c:/progra~2/armgnu~1/12977f~1.2mp/bin/../lib/gcc/arm-none-eabi/12.2.1/thumb/v7e-m+fp/hard\libg.a(libc_a-vfiprintf.o)
                              c:/progra~2/armgnu~1/12977f~1.2mp/bin/../lib/gcc/arm-none-eabi/12.2.1/thumb/v7e-m+fp/hard\libg.a(libc_a-fiprintf.o) (_vfiprintf_r)
c:/progra~2/armgnu~1/12977f~1.2mp/bin/../lib/gcc/arm-none-eabi/12.2.1/thumb/v7e-m+fp/hard\libg.a(libc_a-fflush.o)
[...]
Memory Configuration

Name             Origin             Length             Attributes
CCMRAM           0x10000000         0x00010000         xrw
RAM              0x20000000         0x00020000         xrw
FLASH            0x08000000         0x00100000         xr
*default*        0x00000000         0xffffffff

Linker script and memory map

LOAD c:/progra~2/armgnu~1/12977f~1.2mp/bin/../lib/gcc/arm-none-eabi/12.2.1/thumb/v7e-m+fp/hard/crti.o
LOAD c:/progra~2/armgnu~1/12977f~1.2mp/bin/../lib/gcc/arm-none-eabi/12.2.1/thumb/v7e-m+fp/hard/crtbegin.o
LOAD c:/progra~2/armgnu~1/12977f~1.2mp/bin/../lib/gcc/arm-none-eabi/12.2.1/thumb/v7e-m+fp/hard/crt0.o
LOAD CMakeFiles/test.elf.dir/Core/Src/can.c.obj
LOAD CMakeFiles/test.elf.dir/Core/Src/dma.c.obj
LOAD CMakeFiles/test.elf.dir/Core/Src/freertos.c.obj
LOAD CMakeFiles/test.elf.dir/Core/Src/gpio.c.obj
LOAD CMakeFiles/test.elf.dir/Core/Src/main.c.obj
LOAD CMakeFiles/test.elf.dir/Core/Src/stm32f4xx_hal_msp.c.obj
LOAD CMakeFiles/test.elf.dir/Core/Src/stm32f4xx_hal_timebase_tim.c.obj
LOAD CMakeFiles/test.elf.dir/Core/Src/stm32f4xx_it.c.obj
LOAD CMakeFiles/test.elf.dir/Core/Src/syscalls.c.obj
LOAD CMakeFiles/test.elf.dir/Core/Src/sysmem.c.obj
LOAD CMakeFiles/test.elf.dir/Core/Src/system_stm32f4xx.c.obj
LOAD CMakeFiles/test.elf.dir/Core/Src/usart.c.obj
LOAD CMakeFiles/test.elf.dir/Core/Startup/startup_stm32f407zgtx.s.obj
LOAD CMakeFiles/test.elf.dir/Core/Src/chassis.cpp.obj
LOAD CMakeFiles/test.elf.dir/Middlewares/Third_Party/FreeRTOS/Source/CMSIS_RTOS_V2/cmsis_os2.c.obj
LOAD CMakeFiles/test.elf.dir/Middlewares/Third_Party/FreeRTOS/Source/croutine.c.obj
LOAD CMakeFiles/test.elf.dir/Middlewares/Third_Party/FreeRTOS/Source/event_groups.c.obj
LOAD CMakeFiles/test.elf.dir/Middlewares/Third_Party/FreeRTOS/Source/list.c.obj
LOAD CMakeFiles/test.elf.dir/Middlewares/Third_Party/FreeRTOS/Source/portable/GCC/ARM_CM4F/port.c.obj
LOAD CMakeFiles/test.elf.dir/Middlewares/Third_Party/FreeRTOS/Source/portable/MemMang/heap_4.c.obj
LOAD CMakeFiles/test.elf.dir/Middlewares/Third_Party/FreeRTOS/Source/queue.c.obj
LOAD CMakeFiles/test.elf.dir/Middlewares/Third_Party/FreeRTOS/Source/stream_buffer.c.obj
LOAD CMakeFiles/test.elf.dir/Middlewares/Third_Party/FreeRTOS/Source/tasks.c.obj
LOAD CMakeFiles/test.elf.dir/Middlewares/Third_Party/FreeRTOS/Source/timers.c.obj
LOAD CMakeFiles/test.elf.dir/Drivers/STM32F4xx_HAL_Driver/Src/stm32f4xx_hal.c.obj
LOAD CMakeFiles/test.elf.dir/Drivers/STM32F4xx_HAL_Driver/Src/stm32f4xx_hal_can.c.obj
LOAD CMakeFiles/test.elf.dir/Drivers/STM32F4xx_HAL_Driver/Src/stm32f4xx_hal_cortex.c.obj
LOAD CMakeFiles/test.elf.dir/Drivers/STM32F4xx_HAL_Driver/Src/stm32f4xx_hal_dma.c.obj
LOAD CMakeFiles/test.elf.dir/Drivers/STM32F4xx_HAL_Driver/Src/stm32f4xx_hal_dma_ex.c.obj
LOAD CMakeFiles/test.elf.dir/Drivers/STM32F4xx_HAL_Driver/Src/stm32f4xx_hal_exti.c.obj
LOAD CMakeFiles/test.elf.dir/Drivers/STM32F4xx_HAL_Driver/Src/stm32f4xx_hal_flash.c.obj
LOAD CMakeFiles/test.elf.dir/Drivers/STM32F4xx_HAL_Driver/Src/stm32f4xx_hal_flash_ex.c.obj
LOAD CMakeFiles/test.elf.dir/Drivers/STM32F4xx_HAL_Driver/Src/stm32f4xx_hal_flash_ramfunc.c.obj
LOAD CMakeFiles/test.elf.dir/Drivers/STM32F4xx_HAL_Driver/Src/stm32f4xx_hal_gpio.c.obj
LOAD CMakeFiles/test.elf.dir/Drivers/STM32F4xx_HAL_Driver/Src/stm32f4xx_hal_pwr.c.obj
LOAD CMakeFiles/test.elf.dir/Drivers/STM32F4xx_HAL_Driver/Src/stm32f4xx_hal_pwr_ex.c.obj
LOAD CMakeFiles/test.elf.dir/Drivers/STM32F4xx_HAL_Driver/Src/stm32f4xx_hal_rcc.c.obj
LOAD CMakeFiles/test.elf.dir/Drivers/STM32F4xx_HAL_Driver/Src/stm32f4xx_hal_rcc_ex.c.obj
LOAD CMakeFiles/test.elf.dir/Drivers/STM32F4xx_HAL_Driver/Src/stm32f4xx_hal_tim.c.obj
LOAD CMakeFiles/test.elf.dir/Drivers/STM32F4xx_HAL_Driver/Src/stm32f4xx_hal_tim_ex.c.obj
LOAD CMakeFiles/test.elf.dir/Drivers/STM32F4xx_HAL_Driver/Src/stm32f4xx_hal_uart.c.obj
LOAD CMakeFiles/test.elf.dir/oslib/oslib.c.obj
LOAD CMakeFiles/test.elf.dir/oslib/port/stm32f407zg/oslib_can_port.c.obj
LOAD CMakeFiles/test.elf.dir/oslib/port/stm32f407zg/oslib_uart_port.c.obj
LOAD CMakeFiles/test.elf.dir/oslib/can/oslib_can.c.obj
LOAD CMakeFiles/test.elf.dir/oslib/can/oslib_can_dispatch.c.obj
LOAD CMakeFiles/test.elf.dir/oslib/uart/oslib_uart.c.obj
LOAD CMakeFiles/test.elf.dir/oslib/uart/oslib_uart_cmd.c.obj
LOAD CMakeFiles/test.elf.dir/oslib/utils/oslib_hash.c.obj
LOAD CMakeFiles/test.elf.dir/oslib/debug/SEGGER_RTT.c.obj
LOAD CMakeFiles/test.elf.dir/oslib/debug/SEGGER_RTT_ASM_ARMv7M.S.obj
LOAD CMakeFiles/test.elf.dir/oslib/debug/SEGGER_RTT_printf.c.obj
LOAD CMakeFiles/test.elf.dir/oslib/components/easylogger/port/elog_port.c.obj
LOAD CMakeFiles/test.elf.dir/oslib/components/easylogger/port/elog_cmd.c.obj
LOAD CMakeFiles/test.elf.dir/oslib/components/easylogger/src/elog.c.obj
LOAD CMakeFiles/test.elf.dir/oslib/components/easylogger/src/elog_async.c.obj
LOAD CMakeFiles/test.elf.dir/oslib/components/easylogger/src/elog_utils.c.obj
LOAD CMakeFiles/test.elf.dir/oslib/components/vofaDataDriver/vofaDataDriver.c.obj
LOAD CMakeFiles/test.elf.dir/oslib/example/can_func.c.obj
LOAD CMakeFiles/test.elf.dir/oslib/example/cmd_func.c.obj
LOAD CMakeFiles/test.elf.dir/BUPT_RobotTeam_Libraries/MotorLib/dji_boardv2_can.c.obj
LOAD c:/progra~2/armgnu~1/12977f~1.2mp/bin/../lib/gcc/arm-none-eabi/12.2.1/thumb/v7e-m+fp/hard\libstdc++.a
LOAD c:/progra~2/armgnu~1/12977f~1.2mp/bin/../lib/gcc/arm-none-eabi/12.2.1/thumb/v7e-m+fp/hard\libm.a
START GROUP
LOAD c:/progra~2/armgnu~1/12977f~1.2mp/bin/../lib/gcc/arm-none-eabi/12.2.1/thumb/v7e-m+fp/hard\libgcc.a
LOAD c:/progra~2/armgnu~1/12977f~1.2mp/bin/../lib/gcc/arm-none-eabi/12.2.1/thumb/v7e-m+fp/hard\libg.a
LOAD c:/progra~2/armgnu~1/12977f~1.2mp/bin/../lib/gcc/arm-none-eabi/12.2.1/thumb/v7e-m+fp/hard\libc.a
END GROUP
LOAD c:/progra~2/armgnu~1/12977f~1.2mp/bin/../lib/gcc/arm-none-eabi/12.2.1/thumb/v7e-m+fp/hard/crtend.o
LOAD c:/progra~2/armgnu~1/12977f~1.2mp/bin/../lib/gcc/arm-none-eabi/12.2.1/thumb/v7e-m+fp/hard/crtn.o
                0x20020000                        _estack = (ORIGIN (RAM) + LENGTH (RAM))
                0x00000200                        _Min_Heap_Size = 0x200
                0x00000400                        _Min_Stack_Size = 0x400

.isr_vector     0x08000000      0x188
                0x08000000                        . = ALIGN (0x4)
 *(.isr_vector)
 .isr_vector    0x08000000      0x188 CMakeFiles/test.elf.dir/Core/Startup/startup_stm32f407zgtx.s.obj
                0x08000000                g_pfnVectors
                0x08000188                        . = ALIGN (0x4)

.text           0x080001c0    0x11148
                0x080001c0                        . = ALIGN (0x4)
 *(.text)
 .text          0x080001c0      0x378 c:/progra~2/armgnu~1/12977f~1.2mp/bin/../lib/gcc/arm-none-eabi/12.2.1/thumb/v7e-m+fp/hard\libgcc.a(_arm_addsubdf3.o)
                0x080001c0                __aeabi_drsub
                0x080001c8                __aeabi_dsub
                0x080001c8                __subdf3
                0x080001cc                __aeabi_dadd
                0x080001cc                __adddf3
                0x08000444                __floatunsidf
                0x08000444                __aeabi_ui2d
                0x08000464                __floatsidf
                0x08000464                __aeabi_i2d
                0x08000488                __aeabi_f2d
                0x08000488                __extendsfdf2
                0x080004cc                __floatundidf
                0x080004cc                __aeabi_ul2d
                0x080004dc                __floatdidf
                0x080004dc                __aeabi_l2d
 .text          0x08000538      0x424 c:/progra~2/armgnu~1/12977f~1.2mp/bin/../lib/gcc/arm-none-eabi/12.2.1/thumb/v7e-m+fp/hard\libgcc.a(_arm_muldivdf3.o)
                0x08000538                __aeabi_dmul
                0x08000538                __muldf3
                0x0800078c                __divdf3
                0x0800078c                __aeabi_ddiv
 .text          0x0800095c      0x110 c:/progra~2/armgnu~1/12977f~1.2mp/bin/../lib/gcc/arm-none-eabi/12.2.1/thumb/v7e-m+fp/hard\libgcc.a(_arm_cmpdf2.o)
                0x0800095c                __gtdf2
                0x0800095c                __gedf2
                0x08000964                __ltdf2
                0x08000964                __ledf2
                0x0800096c                __nedf2
                0x0800096c                __eqdf2
                0x0800096c                __cmpdf2
                0x080009e8                __aeabi_cdrcmple
                0x080009f8                __aeabi_cdcmpeq
                0x080009f8                __aeabi_cdcmple
                0x08000a08                __aeabi_dcmpeq
                0x08000a1c                __aeabi_dcmplt
                0x08000a30                __aeabi_dcmple
                0x08000a44                __aeabi_dcmpge
                0x08000a58                __aeabi_dcmpgt
 .text          0x08000a6c       0x50 c:/progra~2/armgnu~1/12977f~1.2mp/bin/../lib/gcc/arm-none-eabi/12.2.1/thumb/v7e-m+fp/hard\libgcc.a(_arm_fixdfsi.o)
                0x08000a6c                __aeabi_d2iz
                0x08000a6c                __fixdfsi
 .text          0x08000abc       0xa0 c:/progra~2/armgnu~1/12977f~1.2mp/bin/../lib/gcc/arm-none-eabi/12.2.1/thumb/v7e-m+fp/hard\libgcc.a(_arm_truncdfsf2.o)
                0x08000abc                __truncdfsf2
                0x08000abc                __aeabi_d2f
 .text          0x08000b5c       0x30 c:/progra~2/armgnu~1/12977f~1.2mp/bin/../lib/gcc/arm-none-eabi/12.2.1/thumb/v7e-m+fp/hard\libgcc.a(_aeabi_uldivmod.o)
                0x08000b5c                __aeabi_uldivmod
 .text          0x08000b8c      0x1ac c:/progra~2/armgnu~1/12977f~1.2mp/bin/../lib/gcc/arm-none-eabi/12.2.1/thumb/v7e-m+fp/hard\libgcc.a(libunwind.o)
                0x08000b8c                __restore_core_regs
                0x08000b8c                restore_core_regs
                0x08000ba4                __gnu_Unwind_Restore_VFP
                0x08000bac                __gnu_Unwind_Save_VFP
                0x08000bb4                __gnu_Unwind_Restore_VFP_D
                0x08000bbc                __gnu_Unwind_Save_VFP_D
                0x08000bc4                __gnu_Unwind_Restore_VFP_D_16_to_31
                0x08000bcc                __gnu_Unwind_Save_VFP_D_16_to_31
                0x08000bd4                __gnu_Unwind_Restore_WMMXD
                0x08000c18                __gnu_Unwind_Save_WMMXD
                0x08000c5c                __gnu_Unwind_Restore_WMMXC
                0x08000c70                __gnu_Unwind_Save_WMMXC
                0x08000c84                ___Unwind_RaiseException
                0x08000c84                _Unwind_RaiseException
                0x08000ca8                _Unwind_Resume
                0x08000ca8                ___Unwind_Resume
                0x08000ccc                _Unwind_Resume_or_Rethrow
                0x08000ccc                ___Unwind_Resume_or_Rethrow
                0x08000cf0                _Unwind_ForcedUnwind
                0x08000cf0                ___Unwind_ForcedUnwind
                0x08000d14                ___Unwind_Backtrace
                0x08000d14                _Unwind_Backtrace
 .text          0x08000d38        0x4 c:/progra~2/armgnu~1/12977f~1.2mp/bin/../lib/gcc/arm-none-eabi/12.2.1/thumb/v7e-m+fp/hard\libgcc.a(_dvmd_tls.o)
                0x08000d38                __aeabi_idiv0
                0x08000d38                __aeabi_ldiv0
 *fill*         0x08000d3c        0x4 
 .text          0x08000d40      0x2e0 c:/progra~2/armgnu~1/12977f~1.2mp/bin/../lib/gcc/arm-none-eabi/12.2.1/thumb/v7e-m+fp/hard\libg.a(libc_a-strcmp.o)
                0x08000d40                strcmp
 .text          0x08001020       0xa0 c:/progra~2/armgnu~1/12977f~1.2mp/bin/../lib/gcc/arm-none-eabi/12.2.1/thumb/v7e-m+fp/hard\libg.a(libc_a-memchr.o)
                0x08001020                memchr
 .text          0x080010c0      0x134 c:/progra~2/armgnu~1/12977f~1.2mp/bin/../lib/gcc/arm-none-eabi/12.2.1/thumb/v7e-m+fp/hard\libg.a(libc_a-memcpy.o)
                0x080010c0                memcpy
 *fill*         0x080011f4        0xc 
 .text          0x08001200       0xd8 c:/progra~2/armgnu~1/12977f~1.2mp/bin/../lib/gcc/arm-none-eabi/12.2.1/thumb/v7e-m+fp/hard\libg.a(libc_a-strlen.o)
                0x08001200                strlen
 .text          0x080012d8       0x2c c:/progra~2/armgnu~1/12977f~1.2mp/bin/../lib/gcc/arm-none-eabi/12.2.1/thumb/v7e-m+fp/hard\libgcc.a(_arm_unorddf2.o)
                0x080012d8                __unorddf2
                0x080012d8                __aeabi_dcmpun
 *(.text*)
 .text.deregister_tm_clones
                0x08001304       0x1c c:/progra~2/armgnu~1/12977f~1.2mp/bin/../lib/gcc/arm-none-eabi/12.2.1/thumb/v7e-m+fp/hard/crtbegin.o
 .text.register_tm_clones
                0x08001320       0x24 c:/progra~2/armgnu~1/12977f~1.2mp/bin/../lib/gcc/arm-none-eabi/12.2.1/thumb/v7e-m+fp/hard/crtbegin.o
 .text.__do_global_dtors_aux
                0x08001344       0x28 c:/progra~2/armgnu~1/12977f~1.2mp/bin/../lib/gcc/arm-none-eabi/12.2.1/thumb/v7e-m+fp/hard/crtbegin.o
 .text.frame_dummy
                0x0800136c       0x24 c:/progra~2/armgnu~1/12977f~1.2mp/bin/../lib/gcc/arm-none-eabi/12.2.1/thumb/v7e-m+fp/hard/crtbegin.o
 .text.MX_CAN1_Init
                0x08001390       0x44 CMakeFiles/test.elf.dir/Core/Src/can.c.obj
                0x08001390                MX_CAN1_Init
 .text.MX_CAN2_Init
                0x080013d4       0x44 CMakeFiles/test.elf.dir/Core/Src/can.c.obj
                0x080013d4                MX_CAN2_Init
 .text.HAL_CAN_MspInit
                0x08001418      0x164 CMakeFiles/test.elf.dir/Core/Src/can.c.obj
                0x08001418                HAL_CAN_MspInit
 .text.MX_DMA_Init
                0x0800157c       0x98 CMakeFiles/test.elf.dir/Core/Src/dma.c.obj
                0x0800157c                MX_DMA_Init
 .text.StartDefaultTask
                0x08001614       0x18 CMakeFiles/test.elf.dir/Core/Src/freertos.c.obj
                0x08001614                StartDefaultTask
 .text.StartBalance
                0x0800162c        0xa CMakeFiles/test.elf.dir/Core/Src/freertos.c.obj
                0x0800162c                StartBalance
 *fill*         0x08001636        0x2 
 .text.StartChassisControl
                0x08001638       0xb4 CMakeFiles/test.elf.dir/Core/Src/freertos.c.obj
                0x08001638                StartChassisControl
 .text.StartWaterVase
                0x080016ec       0x5c CMakeFiles/test.elf.dir/Core/Src/freertos.c.obj
                0x080016ec                StartWaterVase
 .text.MX_FREERTOS_Init
                0x08001748       0x88 CMakeFiles/test.elf.dir/Core/Src/freertos.c.obj
                0x08001748                MX_FREERTOS_Init
 .text.MX_GPIO_Init
                0x080017d0       0xc8 CMakeFiles/test.elf.dir/Core/Src/gpio.c.obj
                0x080017d0                MX_GPIO_Init
 .text.HAL_TIM_PeriodElapsedCallback
                0x08001898       0x18 CMakeFiles/test.elf.dir/Core/Src/main.c.obj
                0x08001898                HAL_TIM_PeriodElapsedCallback
 .text.Error_Handler
                0x080018b0        0x4 CMakeFiles/test.elf.dir/Core/Src/main.c.obj
                0x080018b0                Error_Handler
 .text.SystemClock_Config
                0x080018b4       0xa8 CMakeFiles/test.elf.dir/Core/Src/main.c.obj
                0x080018b4                SystemClock_Config
 .text.main     0x0800195c       0x34 CMakeFiles/test.elf.dir/Core/Src/main.c.obj
                0x0800195c                main
 .text.HAL_MspInit
                0x08001990       0x44 CMakeFiles/test.elf.dir/Core/Src/stm32f4xx_hal_msp.c.obj
                0x08001990                HAL_MspInit
 .text.HAL_InitTick
                0x080019d4       0x98 CMakeFiles/test.elf.dir/Core/Src/stm32f4xx_hal_timebase_tim.c.obj
                0x080019d4                HAL_InitTick
 .text.NMI_Handler
                0x08001a6c        0x2 CMakeFiles/test.elf.dir/Core/Src/stm32f4xx_it.c.obj
                0x08001a6c                NMI_Handler
 .text.HardFault_Handler
                0x08001a6e        0x2 CMakeFiles/test.elf.dir/Core/Src/stm32f4xx_it.c.obj
                0x08001a6e                HardFault_Handler
 .text.MemManage_Handler
                0x08001a70        0x2 CMakeFiles/test.elf.dir/Core/Src/stm32f4xx_it.c.obj
                0x08001a70                MemManage_Handler
 .text.BusFault_Handler
                0x08001a72        0x2 CMakeFiles/test.elf.dir/Core/Src/stm32f4xx_it.c.obj
                0x08001a72                BusFault_Handler
 .text.UsageFault_Handler
                0x08001a74        0x2 CMakeFiles/test.elf.dir/Core/Src/stm32f4xx_it.c.obj
                0x08001a74                UsageFault_Handler
 .text.DebugMon_Handler
                0x08001a76        0x2 CMakeFiles/test.elf.dir/Core/Src/stm32f4xx_it.c.obj
                0x08001a76                DebugMon_Handler
 .text.DMA1_Stream1_IRQHandler
                0x08001a78       0x10 CMakeFiles/test.elf.dir/Core/Src/stm32f4xx_it.c.obj
                0x08001a78                DMA1_Stream1_IRQHandler
 .text.DMA1_Stream3_IRQHandler
                0x08001a88       0x10 CMakeFiles/test.elf.dir/Core/Src/stm32f4xx_it.c.obj
                0x08001a88                DMA1_Stream3_IRQHandler
 .text.DMA1_Stream5_IRQHandler
                0x08001a98       0x10 CMakeFiles/test.elf.dir/Core/Src/stm32f4xx_it.c.obj
                0x08001a98                DMA1_Stream5_IRQHandler
 .text.DMA1_Stream6_IRQHandler
                0x08001aa8       0x10 CMakeFiles/test.elf.dir/Core/Src/stm32f4xx_it.c.obj
                0x08001aa8                DMA1_Stream6_IRQHandler
 .text.CAN1_TX_IRQHandler
                0x08001ab8       0x10 CMakeFiles/test.elf.dir/Core/Src/stm32f4xx_it.c.obj
                0x08001ab8                CAN1_TX_IRQHandler
 .text.CAN1_RX0_IRQHandler
                0x08001ac8       0x10 CMakeFiles/test.elf.dir/Core/Src/stm32f4xx_it.c.obj
                0x08001ac8                CAN1_RX0_IRQHandler
 .text.CAN1_RX1_IRQHandler
                0x08001ad8       0x10 CMakeFiles/test.elf.dir/Core/Src/stm32f4xx_it.c.obj
                0x08001ad8                CAN1_RX1_IRQHandler
 .text.TIM1_UP_TIM10_IRQHandler
                0x08001ae8       0x10 CMakeFiles/test.elf.dir/Core/Src/stm32f4xx_it.c.obj
                0x08001ae8                TIM1_UP_TIM10_IRQHandler
 .text.USART1_IRQHandler
                0x08001af8       0x24 CMakeFiles/test.elf.dir/Core/Src/stm32f4xx_it.c.obj
                0x08001af8                USART1_IRQHandler
 .text.USART2_IRQHandler
                0x08001b1c       0x24 CMakeFiles/test.elf.dir/Core/Src/stm32f4xx_it.c.obj
                0x08001b1c                USART2_IRQHandler
 .text.USART3_IRQHandler
                0x08001b40       0x10 CMakeFiles/test.elf.dir/Core/Src/stm32f4xx_it.c.obj
                0x08001b40                USART3_IRQHandler
 .text.DMA2_Stream2_IRQHandler
                0x08001b50       0x10 CMakeFiles/test.elf.dir/Core/Src/stm32f4xx_it.c.obj
                0x08001b50                DMA2_Stream2_IRQHandler
 .text.CAN2_TX_IRQHandler
                0x08001b60       0x10 CMakeFiles/test.elf.dir/Core/Src/stm32f4xx_it.c.obj
                0x08001b60                CAN2_TX_IRQHandler
 .text.CAN2_RX0_IRQHandler
                0x08001b70       0x10 CMakeFiles/test.elf.dir/Core/Src/stm32f4xx_it.c.obj
                0x08001b70                CAN2_RX0_IRQHandler
 .text.CAN2_RX1_IRQHandler
                0x08001b80       0x10 CMakeFiles/test.elf.dir/Core/Src/stm32f4xx_it.c.obj
                0x08001b80                CAN2_RX1_IRQHandler
 .text.DMA2_Stream7_IRQHandler
                0x08001b90       0x10 CMakeFiles/test.elf.dir/Core/Src/stm32f4xx_it.c.obj
                0x08001b90                DMA2_Stream7_IRQHandler
 .text._getpid  0x08001ba0        0x4 CMakeFiles/test.elf.dir/Core/Src/syscalls.c.obj
                0x08001ba0                _getpid
 .text._kill    0x08001ba4       0x10 CMakeFiles/test.elf.dir/Core/Src/syscalls.c.obj
                0x08001ba4                _kill
 .text._exit    0x08001bb4        0xc CMakeFiles/test.elf.dir/Core/Src/syscalls.c.obj
                0x08001bb4                _exit
 .text._read    0x08001bc0       0x20 CMakeFiles/test.elf.dir/Core/Src/syscalls.c.obj
                0x08001bc0                _read
 .text._write   0x08001be0       0x1c CMakeFiles/test.elf.dir/Core/Src/syscalls.c.obj
                0x08001be0                _write
 .text._close   0x08001bfc        0x6 CMakeFiles/test.elf.dir/Core/Src/syscalls.c.obj
                0x08001bfc                _close
 .text._fstat   0x08001c02        0xa CMakeFiles/test.elf.dir/Core/Src/syscalls.c.obj
                0x08001c02                _fstat
 .text._isatty  0x08001c0c        0x4 CMakeFiles/test.elf.dir/Core/Src/syscalls.c.obj
                0x08001c0c                _isatty
 .text._lseek   0x08001c10        0x4 CMakeFiles/test.elf.dir/Core/Src/syscalls.c.obj
                0x08001c10                _lseek
 .text._sbrk    0x08001c14       0x48 CMakeFiles/test.elf.dir/Core/Src/sysmem.c.obj
                0x08001c14                _sbrk
 .text.SystemInit
                0x08001c5c       0x14 CMakeFiles/test.elf.dir/Core/Src/system_stm32f4xx.c.obj
                0x08001c5c                SystemInit
 .text.MX_USART1_UART_Init
                0x08001c70       0x34 CMakeFiles/test.elf.dir/Core/Src/usart.c.obj
                0x08001c70                MX_USART1_UART_Init
 .text.MX_USART2_UART_Init
                0x08001ca4       0x34 CMakeFiles/test.elf.dir/Core/Src/usart.c.obj
                0x08001ca4                MX_USART2_UART_Init
 .text.MX_USART3_UART_Init
                0x08001cd8       0x34 CMakeFiles/test.elf.dir/Core/Src/usart.c.obj
                0x08001cd8                MX_USART3_UART_Init
 .text.HAL_UART_MspInit
                0x08001d0c      0x2c0 CMakeFiles/test.elf.dir/Core/Src/usart.c.obj
                0x08001d0c                HAL_UART_MspInit
 .text.Reset_Handler
                0x08001fcc       0x50 CMakeFiles/test.elf.dir/Core/Startup/startup_stm32f407zgtx.s.obj
                0x08001fcc                Reset_Handler
 .text.Default_Handler
                0x0800201c        0x2 CMakeFiles/test.elf.dir/Core/Startup/startup_stm32f407zgtx.s.obj
                0x0800201c                RTC_Alarm_IRQHandler
                0x0800201c                HASH_RNG_IRQHandler
                0x0800201c                EXTI2_IRQHandler
                0x0800201c                TIM8_CC_IRQHandler
                0x0800201c                TIM1_CC_IRQHandler
                0x0800201c                DMA2_Stream5_IRQHandler
                0x0800201c                PVD_IRQHandler
                0x0800201c                SDIO_IRQHandler
                0x0800201c                TAMP_STAMP_IRQHandler
                0x0800201c                EXTI3_IRQHandler
                0x0800201c                TIM8_TRG_COM_TIM14_IRQHandler
                0x0800201c                TIM8_UP_TIM13_IRQHandler
                0x0800201c                I2C3_ER_IRQHandler
                0x0800201c                EXTI0_IRQHandler
                0x0800201c                I2C2_EV_IRQHandler
                0x0800201c                DMA1_Stream2_IRQHandler
                0x0800201c                FPU_IRQHandler
                0x0800201c                OTG_HS_WKUP_IRQHandler
                0x0800201c                CAN2_SCE_IRQHandler
                0x0800201c                SPI1_IRQHandler
                0x0800201c                TIM6_DAC_IRQHandler
                0x0800201c                TIM1_BRK_TIM9_IRQHandler
                0x0800201c                DCMI_IRQHandler
                0x0800201c                DMA2_Stream3_IRQHandler
                0x0800201c                USART6_IRQHandler
                0x0800201c                UART5_IRQHandler
                0x0800201c                DMA2_Stream0_IRQHandler
                0x0800201c                TIM4_IRQHandler
                0x0800201c                I2C1_EV_IRQHandler
                0x0800201c                UART4_IRQHandler
                0x0800201c                TIM3_IRQHandler
                0x0800201c                RCC_IRQHandler
                0x0800201c                TIM8_BRK_TIM12_IRQHandler
                0x0800201c                Default_Handler
                0x0800201c                EXTI15_10_IRQHandler
                0x0800201c                ADC_IRQHandler
                0x0800201c                DMA1_Stream7_IRQHandler
                0x0800201c                TIM7_IRQHandler
                0x0800201c                TIM5_IRQHandler
                0x0800201c                I2C3_EV_IRQHandler
                0x0800201c                EXTI9_5_IRQHandler
                0x0800201c                RTC_WKUP_IRQHandler
                0x0800201c                ETH_WKUP_IRQHandler
                0x0800201c                SPI2_IRQHandler
                0x0800201c                OTG_HS_EP1_IN_IRQHandler
                0x0800201c                DMA1_Stream0_IRQHandler
                0x0800201c                EXTI4_IRQHandler
                0x0800201c                FSMC_IRQHandler
                0x0800201c                ETH_IRQHandler
                0x0800201c                OTG_HS_EP1_OUT_IRQHandler
                0x0800201c                WWDG_IRQHandler
                0x0800201c                TIM2_IRQHandler
                0x0800201c                OTG_FS_WKUP_IRQHandler
                0x0800201c                TIM1_TRG_COM_TIM11_IRQHandler
                0x0800201c                OTG_HS_IRQHandler
                0x0800201c                EXTI1_IRQHandler
                0x0800201c                I2C2_ER_IRQHandler
                0x0800201c                DMA2_Stream1_IRQHandler
                0x0800201c                CAN1_SCE_IRQHandler
                0x0800201c                FLASH_IRQHandler
                0x0800201c                DMA2_Stream4_IRQHandler
                0x0800201c                OTG_FS_IRQHandler
                0x0800201c                SPI3_IRQHandler
                0x0800201c                DMA1_Stream4_IRQHandler
                0x0800201c                I2C1_ER_IRQHandler
                0x0800201c                DMA2_Stream6_IRQHandler
 .text._ZN7chassis12chassis_initEP19__CAN_HandleTypeDef
                0x0800201e       0x28 CMakeFiles/test.elf.dir/Core/Src/chassis.cpp.obj
                0x0800201e                chassis::chassis_init(__CAN_HandleTypeDef*)
 *fill*         0x08002046        0x2 
 .text._ZN7chassis12chassis_moveEP19__CAN_HandleTypeDef19SerialVelMsgTypeDef
                0x08002048      0x13c CMakeFiles/test.elf.dir/Core/Src/chassis.cpp.obj
                0x08002048                chassis::chassis_move(__CAN_HandleTypeDef*, SerialVelMsgTypeDef)
 .text.SysTick_Handler
                0x08002184       0x18 CMakeFiles/test.elf.dir/Middlewares/Third_Party/FreeRTOS/Source/CMSIS_RTOS_V2/cmsis_os2.c.obj
                0x08002184                SysTick_Handler
 .text.osKernelInitialize
                0x0800219c       0x24 CMakeFiles/test.elf.dir/Middlewares/Third_Party/FreeRTOS/Source/CMSIS_RTOS_V2/cmsis_os2.c.obj
                0x0800219c                osKernelInitialize
 .text.osKernelStart
                0x080021c0       0x38 CMakeFiles/test.elf.dir/Middlewares/Third_Party/FreeRTOS/Source/CMSIS_RTOS_V2/cmsis_os2.c.obj
                0x080021c0                osKernelStart
 .text.osKernelGetTickCount
                0x080021f8       0x14 CMakeFiles/test.elf.dir/Middlewares/Third_Party/FreeRTOS/Source/CMSIS_RTOS_V2/cmsis_os2.c.obj
                0x080021f8                osKernelGetTickCount
 .text.osThreadNew
                0x0800220c       0xbe CMakeFiles/test.elf.dir/Middlewares/Third_Party/FreeRTOS/Source/CMSIS_RTOS_V2/cmsis_os2.c.obj
                0x0800220c                osThreadNew
 .text.osDelay  0x080022ca       0x1c CMakeFiles/test.elf.dir/Middlewares/Third_Party/FreeRTOS/Source/CMSIS_RTOS_V2/cmsis_os2.c.obj
                0x080022ca                osDelay
 .text.osSemaphoreNew
                0x080022e6       0xb2 CMakeFiles/test.elf.dir/Middlewares/Third_Party/FreeRTOS/Source/CMSIS_RTOS_V2/cmsis_os2.c.obj
                0x080022e6                osSemaphoreNew
 .text.osSemaphoreAcquire
                0x08002398       0x68 CMakeFiles/test.elf.dir/Middlewares/Third_Party/FreeRTOS/Source/CMSIS_RTOS_V2/cmsis_os2.c.obj
                0x08002398                osSemaphoreAcquire
 .text.osSemaphoreRelease
                0x08002400       0x5e CMakeFiles/test.elf.dir/Middlewares/Third_Party/FreeRTOS/Source/CMSIS_RTOS_V2/cmsis_os2.c.obj
                0x08002400                osSemaphoreRelease
 .text.osMessageQueueNew
                0x0800245e       0x96 CMakeFiles/test.elf.dir/Middlewares/Third_Party/FreeRTOS/Source/CMSIS_RTOS_V2/cmsis_os2.c.obj
                0x0800245e                osMessageQueueNew
 .text.osMessageQueuePut
                0x080024f4       0x84 CMakeFiles/test.elf.dir/Middlewares/Third_Party/FreeRTOS/Source/CMSIS_RTOS_V2/cmsis_os2.c.obj
                0x080024f4                osMessageQueuePut
 .text.osMessageQueueGet
                0x08002578       0x82 CMakeFiles/test.elf.dir/Middlewares/Third_Party/FreeRTOS/Source/CMSIS_RTOS_V2/cmsis_os2.c.obj
                0x08002578                osMessageQueueGet
 *fill*         0x080025fa        0x2 
 .text.vApplicationGetIdleTaskMemory
                0x080025fc       0x18 CMakeFiles/test.elf.dir/Middlewares/Third_Party/FreeRTOS/Source/CMSIS_RTOS_V2/cmsis_os2.c.obj
                0x080025fc                vApplicationGetIdleTaskMemory
 .text.vApplicationGetTimerTaskMemory
                0x08002614       0x18 CMakeFiles/test.elf.dir/Middlewares/Third_Party/FreeRTOS/Source/CMSIS_RTOS_V2/cmsis_os2.c.obj
                0x08002614                vApplicationGetTimerTaskMemory
 .text.vListInitialise
                0x0800262c       0x16 CMakeFiles/test.elf.dir/Middlewares/Third_Party/FreeRTOS/Source/list.c.obj
                0x0800262c                vListInitialise
 .text.vListInitialiseItem
                0x08002642        0x6 CMakeFiles/test.elf.dir/Middlewares/Third_Party/FreeRTOS/Source/list.c.obj
                0x08002642                vListInitialiseItem
 .text.vListInsertEnd
                0x08002648       0x16 CMakeFiles/test.elf.dir/Middlewares/Third_Party/FreeRTOS/Source/list.c.obj
                0x08002648                vListInsertEnd
 .text.vListInsert
                0x0800265e       0x32 CMakeFiles/test.elf.dir/Middlewares/Third_Party/FreeRTOS/Source/list.c.obj
                0x0800265e                vListInsert
 .text.uxListRemove
                0x08002690       0x26 CMakeFiles/test.elf.dir/Middlewares/Third_Party/FreeRTOS/Source/list.c.obj
                0x08002690                uxListRemove
 *fill*         0x080026b6        0x2 
 .text.prvTaskExitError
                0x080026b8       0x40 CMakeFiles/test.elf.dir/Middlewares/Third_Party/FreeRTOS/Source/portable/GCC/ARM_CM4F/port.c.obj
 .text.prvPortStartFirstTask
                0x080026f8       0x28 CMakeFiles/test.elf.dir/Middlewares/Third_Party/FreeRTOS/Source/portable/GCC/ARM_CM4F/port.c.obj
 .text.vPortEnableVFP
                0x08002720       0x14 CMakeFiles/test.elf.dir/Middlewares/Third_Party/FreeRTOS/Source/portable/GCC/ARM_CM4F/port.c.obj
 .text.pxPortInitialiseStack
                0x08002734       0x2c CMakeFiles/test.elf.dir/Middlewares/Third_Party/FreeRTOS/Source/portable/GCC/ARM_CM4F/port.c.obj
                0x08002734                pxPortInitialiseStack
 .text.SVC_Handler
                0x08002760       0x24 CMakeFiles/test.elf.dir/Middlewares/Third_Party/FreeRTOS/Source/portable/GCC/ARM_CM4F/port.c.obj
                0x08002760                SVC_Handler
 .text.vPortEnterCritical
                0x08002784       0x44 CMakeFiles/test.elf.dir/Middlewares/Third_Party/FreeRTOS/Source/portable/GCC/ARM_CM4F/port.c.obj
                0x08002784                vPortEnterCritical
 .text.vPortExitCritical
                0x080027c8       0x2c CMakeFiles/test.elf.dir/Middlewares/Third_Party/FreeRTOS/Source/portable/GCC/ARM_CM4F/port.c.obj
                0x080027c8                vPortExitCritical
 *fill*         0x080027f4        0xc 
 .text.PendSV_Handler
                0x08002800       0x64 CMakeFiles/test.elf.dir/Middlewares/Third_Party/FreeRTOS/Source/portable/GCC/ARM_CM4F/port.c.obj
                0x08002800                PendSV_Handler
 .text.xPortSysTickHandler
                0x08002864       0x2c CMakeFiles/test.elf.dir/Middlewares/Third_Party/FreeRTOS/Source/portable/GCC/ARM_CM4F/port.c.obj
                0x08002864                xPortSysTickHandler
 .text.vPortSetupTimerInterrupt
                0x08002890       0x28 CMakeFiles/test.elf.dir/Middlewares/Third_Party/FreeRTOS/Source/portable/GCC/ARM_CM4F/port.c.obj
                0x08002890                vPortSetupTimerInterrupt
 .text.xPortStartScheduler
                0x080028b8      0x118 CMakeFiles/test.elf.dir/Middlewares/Third_Party/FreeRTOS/Source/portable/GCC/ARM_CM4F/port.c.obj
                0x080028b8                xPortStartScheduler
 .text.vPortValidateInterruptPriority
                0x080029d0       0x5c CMakeFiles/test.elf.dir/Middlewares/Third_Party/FreeRTOS/Source/portable/GCC/ARM_CM4F/port.c.obj
                0x080029d0                vPortValidateInterruptPriority
 .text.prvHeapInit
                0x08002a2c       0x64 CMakeFiles/test.elf.dir/Middlewares/Third_Party/FreeRTOS/Source/portable/MemMang/heap_4.c.obj
 .text.prvInsertBlockIntoFreeList
                0x08002a90       0x64 CMakeFiles/test.elf.dir/Middlewares/Third_Party/FreeRTOS/Source/portable/MemMang/heap_4.c.obj
 .text.pvPortMalloc
                0x08002af4      0x104 CMakeFiles/test.elf.dir/Middlewares/Third_Party/FreeRTOS/Source/portable/MemMang/heap_4.c.obj
                0x08002af4                pvPortMalloc
 .text.vPortFree
                0x08002bf8       0x7c CMakeFiles/test.elf.dir/Middlewares/Third_Party/FreeRTOS/Source/portable/MemMang/heap_4.c.obj
                0x08002bf8                vPortFree
 .text.xPortGetFreeHeapSize
                0x08002c74        0xc CMakeFiles/test.elf.dir/Middlewares/Third_Party/FreeRTOS/Source/portable/MemMang/heap_4.c.obj
                0x08002c74                xPortGetFreeHeapSize
 .text.prvGetDisinheritPriorityAfterTimeout
                0x08002c80       0x10 CMakeFiles/test.elf.dir/Middlewares/Third_Party/FreeRTOS/Source/queue.c.obj
 .text.prvIsQueueFull
                0x08002c90       0x1e CMakeFiles/test.elf.dir/Middlewares/Third_Party/FreeRTOS/Source/queue.c.obj
 .text.prvIsQueueEmpty
                0x08002cae       0x1a CMakeFiles/test.elf.dir/Middlewares/Third_Party/FreeRTOS/Source/queue.c.obj
 .text.prvCopyDataToQueue
                0x08002cc8       0x76 CMakeFiles/test.elf.dir/Middlewares/Third_Party/FreeRTOS/Source/queue.c.obj
 .text.prvCopyDataFromQueue
                0x08002d3e       0x24 CMakeFiles/test.elf.dir/Middlewares/Third_Party/FreeRTOS/Source/queue.c.obj
 .text.prvUnlockQueue
                0x08002d62       0x6e CMakeFiles/test.elf.dir/Middlewares/Third_Party/FreeRTOS/Source/queue.c.obj
 .text.xQueueGenericReset
                0x08002dd0       0x84 CMakeFiles/test.elf.dir/Middlewares/Third_Party/FreeRTOS/Source/queue.c.obj
                0x08002dd0                xQueueGenericReset
 .text.prvInitialiseNewQueue
                0x08002e54       0x22 CMakeFiles/test.elf.dir/Middlewares/Third_Party/FreeRTOS/Source/queue.c.obj
 .text.xQueueGenericCreateStatic
                0x08002e76       0x94 CMakeFiles/test.elf.dir/Middlewares/Third_Party/FreeRTOS/Source/queue.c.obj
                0x08002e76                xQueueGenericCreateStatic
 .text.xQueueGenericCreate
                0x08002f0a       0x48 CMakeFiles/test.elf.dir/Middlewares/Third_Party/FreeRTOS/Source/queue.c.obj
                0x08002f0a                xQueueGenericCreate
 .text.xQueueCreateCountingSemaphoreStatic
                0x08002f52       0x46 CMakeFiles/test.elf.dir/Middlewares/Third_Party/FreeRTOS/Source/queue.c.obj
                0x08002f52                xQueueCreateCountingSemaphoreStatic
 .text.xQueueCreateCountingSemaphore
                0x08002f98       0x3c CMakeFiles/test.elf.dir/Middlewares/Third_Party/FreeRTOS/Source/queue.c.obj
                0x08002f98                xQueueCreateCountingSemaphore
 .text.xQueueGenericSend
                0x08002fd4      0x188 CMakeFiles/test.elf.dir/Middlewares/Third_Party/FreeRTOS/Source/queue.c.obj
                0x08002fd4                xQueueGenericSend
 .text.xQueueGenericSendFromISR
                0x0800315c       0xce CMakeFiles/test.elf.dir/Middlewares/Third_Party/FreeRTOS/Source/queue.c.obj
                0x0800315c                xQueueGenericSendFromISR
 .text.xQueueGiveFromISR
                0x0800322a       0xb2 CMakeFiles/test.elf.dir/Middlewares/Third_Party/FreeRTOS/Source/queue.c.obj
                0x0800322a                xQueueGiveFromISR
 .text.xQueueReceive
                0x080032dc      0x15e CMakeFiles/test.elf.dir/Middlewares/Third_Party/FreeRTOS/Source/queue.c.obj
                0x080032dc                xQueueReceive
 .text.xQueueSemaphoreTake
                0x0800343a      0x1a6 CMakeFiles/test.elf.dir/Middlewares/Third_Party/FreeRTOS/Source/queue.c.obj
                0x0800343a                xQueueSemaphoreTake
 .text.xQueueReceiveFromISR
                0x080035e0       0xae CMakeFiles/test.elf.dir/Middlewares/Third_Party/FreeRTOS/Source/queue.c.obj
                0x080035e0                xQueueReceiveFromISR
 *fill*         0x0800368e        0x2 
 .text.vQueueAddToRegistry
                0x08003690       0x28 CMakeFiles/test.elf.dir/Middlewares/Third_Party/FreeRTOS/Source/queue.c.obj
                0x08003690                vQueueAddToRegistry
 .text.vQueueUnregisterQueue
                0x080036b8       0x2c CMakeFiles/test.elf.dir/Middlewares/Third_Party/FreeRTOS/Source/queue.c.obj
                0x080036b8                vQueueUnregisterQueue
 .text.vQueueDelete
                0x080036e4       0x2c CMakeFiles/test.elf.dir/Middlewares/Third_Party/FreeRTOS/Source/queue.c.obj
                0x080036e4                vQueueDelete
 .text.vQueueWaitForMessageRestricted
                0x08003710       0x52 CMakeFiles/test.elf.dir/Middlewares/Third_Party/FreeRTOS/Source/queue.c.obj
                0x08003710                vQueueWaitForMessageRestricted
 .text.prvTaskCheckFreeStackSpace
                0x08003762       0x14 CMakeFiles/test.elf.dir/Middlewares/Third_Party/FreeRTOS/Source/tasks.c.obj
 *fill*         0x08003776        0x2 
 .text.prvResetNextTaskUnblockTime
                0x08003778       0x2c CMakeFiles/test.elf.dir/Middlewares/Third_Party/FreeRTOS/Source/tasks.c.obj
 .text.prvInitialiseNewTask
                0x080037a4      0x104 CMakeFiles/test.elf.dir/Middlewares/Third_Party/FreeRTOS/Source/tasks.c.obj
 .text.prvInitialiseTaskLists
                0x080038a8       0x68 CMakeFiles/test.elf.dir/Middlewares/Third_Party/FreeRTOS/Source/tasks.c.obj
 .text.prvAddNewTaskToReadyList
                0x08003910       0xac CMakeFiles/test.elf.dir/Middlewares/Third_Party/FreeRTOS/Source/tasks.c.obj
 .text.prvDeleteTCB
                0x080039bc       0x40 CMakeFiles/test.elf.dir/Middlewares/Third_Party/FreeRTOS/Source/tasks.c.obj
 .text.prvCheckTasksWaitingTermination
                0x080039fc       0x4c CMakeFiles/test.elf.dir/Middlewares/Third_Party/FreeRTOS/Source/tasks.c.obj
 .text.prvIdleTask
                0x08003a48       0x28 CMakeFiles/test.elf.dir/Middlewares/Third_Party/FreeRTOS/Source/tasks.c.obj
 .text.prvAddCurrentTaskToDelayedList
                0x08003a70       0x7c CMakeFiles/test.elf.dir/Middlewares/Third_Party/FreeRTOS/Source/tasks.c.obj
 .text.prvWriteNameToBuffer
                0x08003aec       0x22 CMakeFiles/test.elf.dir/Middlewares/Third_Party/FreeRTOS/Source/tasks.c.obj
 .text.xTaskCreateStatic
                0x08003b0e       0x7a CMakeFiles/test.elf.dir/Middlewares/Third_Party/FreeRTOS/Source/tasks.c.obj
                0x08003b0e                xTaskCreateStatic
 .text.xTaskCreate
                0x08003b88       0x66 CMakeFiles/test.elf.dir/Middlewares/Third_Party/FreeRTOS/Source/tasks.c.obj
                0x08003b88                xTaskCreate
 *fill*         0x08003bee        0x2 
 .text.eTaskGetState
                0x08003bf0       0x90 CMakeFiles/test.elf.dir/Middlewares/Third_Party/FreeRTOS/Source/tasks.c.obj
                0x08003bf0                eTaskGetState
 .text.vTaskStartScheduler
                0x08003c80       0xac CMakeFiles/test.elf.dir/Middlewares/Third_Party/FreeRTOS/Source/tasks.c.obj
                0x08003c80                vTaskStartScheduler
 .text.vTaskSuspendAll
                0x08003d2c       0x10 CMakeFiles/test.elf.dir/Middlewares/Third_Party/FreeRTOS/Source/tasks.c.obj
                0x08003d2c                vTaskSuspendAll
 .text.xTaskGetTickCount
                0x08003d3c        0xc CMakeFiles/test.elf.dir/Middlewares/Third_Party/FreeRTOS/Source/tasks.c.obj
                0x08003d3c                xTaskGetTickCount
 .text.xTaskGetTickCountFromISR
                0x08003d48       0x10 CMakeFiles/test.elf.dir/Middlewares/Third_Party/FreeRTOS/Source/tasks.c.obj
                0x08003d48                xTaskGetTickCountFromISR
 .text.xTaskIncrementTick
                0x08003d58      0x118 CMakeFiles/test.elf.dir/Middlewares/Third_Party/FreeRTOS/Source/tasks.c.obj
                0x08003d58                xTaskIncrementTick
 .text.xTaskResumeAll
                0x08003e70       0xf8 CMakeFiles/test.elf.dir/Middlewares/Third_Party/FreeRTOS/Source/tasks.c.obj
                0x08003e70                xTaskResumeAll
 .text.vTaskDelay
                0x08003f68       0x4c CMakeFiles/test.elf.dir/Middlewares/Third_Party/FreeRTOS/Source/tasks.c.obj
                0x08003f68                vTaskDelay
 .text.vTaskSwitchContext
                0x08003fb4       0xa4 CMakeFiles/test.elf.dir/Middlewares/Third_Party/FreeRTOS/Source/tasks.c.obj
                0x08003fb4                vTaskSwitchContext
 .text.vTaskPlaceOnEventList
                0x08004058       0x30 CMakeFiles/test.elf.dir/Middlewares/Third_Party/FreeRTOS/Source/tasks.c.obj
                0x08004058                vTaskPlaceOnEventList
 .text.vTaskPlaceOnEventListRestricted
                0x08004088       0x38 CMakeFiles/test.elf.dir/Middlewares/Third_Party/FreeRTOS/Source/tasks.c.obj
                0x08004088                vTaskPlaceOnEventListRestricted
 .text.xTaskRemoveFromEventList
                0x080040c0       0x8c CMakeFiles/test.elf.dir/Middlewares/Third_Party/FreeRTOS/Source/tasks.c.obj
                0x080040c0                xTaskRemoveFromEventList
 .text.vTaskInternalSetTimeOutState
                0x0800414c       0x18 CMakeFiles/test.elf.dir/Middlewares/Third_Party/FreeRTOS/Source/tasks.c.obj
                0x0800414c                vTaskInternalSetTimeOutState
 .text.xTaskCheckForTimeOut
                0x08004164       0x84 CMakeFiles/test.elf.dir/Middlewares/Third_Party/FreeRTOS/Source/tasks.c.obj
                0x08004164                xTaskCheckForTimeOut
 .text.vTaskMissedYield
                0x080041e8        0xc CMakeFiles/test.elf.dir/Middlewares/Third_Party/FreeRTOS/Source/tasks.c.obj
                0x080041e8                vTaskMissedYield
 .text.vTaskGetInfo
                0x080041f4       0x78 CMakeFiles/test.elf.dir/Middlewares/Third_Party/FreeRTOS/Source/tasks.c.obj
                0x080041f4                vTaskGetInfo
 .text.prvListTasksWithinSingleList
                0x0800426c       0x5e CMakeFiles/test.elf.dir/Middlewares/Third_Party/FreeRTOS/Source/tasks.c.obj
 *fill*         0x080042ca        0x2 
 .text.uxTaskGetSystemState
                0x080042cc       0xb0 CMakeFiles/test.elf.dir/Middlewares/Third_Party/FreeRTOS/Source/tasks.c.obj
                0x080042cc                uxTaskGetSystemState
 .text.xTaskGetSchedulerState
                0x0800437c       0x20 CMakeFiles/test.elf.dir/Middlewares/Third_Party/FreeRTOS/Source/tasks.c.obj
                0x0800437c                xTaskGetSchedulerState
 .text.xTaskPriorityInherit
                0x0800439c       0x98 CMakeFiles/test.elf.dir/Middlewares/Third_Party/FreeRTOS/Source/tasks.c.obj
                0x0800439c                xTaskPriorityInherit
 .text.xTaskPriorityDisinherit
                0x08004434       0x90 CMakeFiles/test.elf.dir/Middlewares/Third_Party/FreeRTOS/Source/tasks.c.obj
                0x08004434                xTaskPriorityDisinherit
 .text.vTaskPriorityDisinheritAfterTimeout
                0x080044c4       0xa0 CMakeFiles/test.elf.dir/Middlewares/Third_Party/FreeRTOS/Source/tasks.c.obj
                0x080044c4                vTaskPriorityDisinheritAfterTimeout
 .text.vTaskList
                0x08004564       0xbc CMakeFiles/test.elf.dir/Middlewares/Third_Party/FreeRTOS/Source/tasks.c.obj
                0x08004564                vTaskList
 .text.pvTaskIncrementMutexHeldCount
                0x08004620       0x1c CMakeFiles/test.elf.dir/Middlewares/Third_Party/FreeRTOS/Source/tasks.c.obj
                0x08004620                pvTaskIncrementMutexHeldCount
 .text.prvGetNextExpireTime
                0x0800463c       0x20 CMakeFiles/test.elf.dir/Middlewares/Third_Party/FreeRTOS/Source/timers.c.obj
 .text.prvInsertTimerInActiveList
                0x0800465c       0x48 CMakeFiles/test.elf.dir/Middlewares/Third_Party/FreeRTOS/Source/timers.c.obj
 .text.prvCheckForValidListAndQueue
                0x080046a4       0x70 CMakeFiles/test.elf.dir/Middlewares/Third_Party/FreeRTOS/Source/timers.c.obj
 .text.xTimerCreateTimerTask
                0x08004714       0x64 CMakeFiles/test.elf.dir/Middlewares/Third_Party/FreeRTOS/Source/timers.c.obj
                0x08004714                xTimerCreateTimerTask
 .text.xTimerGenericCommand
                0x08004778       0x6c CMakeFiles/test.elf.dir/Middlewares/Third_Party/FreeRTOS/Source/timers.c.obj
                0x08004778                xTimerGenericCommand
 .text.prvSwitchTimerLists
                0x080047e4       0x7c CMakeFiles/test.elf.dir/Middlewares/Third_Party/FreeRTOS/Source/timers.c.obj
 .text.prvSampleTimeNow
                0x08004860       0x2c CMakeFiles/test.elf.dir/Middlewares/Third_Party/FreeRTOS/Source/timers.c.obj
 .text.prvProcessExpiredTimer
                0x0800488c       0x6c CMakeFiles/test.elf.dir/Middlewares/Third_Party/FreeRTOS/Source/timers.c.obj
 .text.prvProcessTimerOrBlockTask
                0x080048f8       0x74 CMakeFiles/test.elf.dir/Middlewares/Third_Party/FreeRTOS/Source/timers.c.obj
 .text.prvProcessReceivedCommands
                0x0800496c      0x10c CMakeFiles/test.elf.dir/Middlewares/Third_Party/FreeRTOS/Source/timers.c.obj
 .text.prvTimerTask
                0x08004a78       0x16 CMakeFiles/test.elf.dir/Middlewares/Third_Party/FreeRTOS/Source/timers.c.obj
 *fill*         0x08004a8e        0x2 
 .text.HAL_Init
                0x08004a90       0x34 CMakeFiles/test.elf.dir/Drivers/STM32F4xx_HAL_Driver/Src/stm32f4xx_hal.c.obj
                0x08004a90                HAL_Init
 .text.HAL_IncTick
                0x08004ac4       0x18 CMakeFiles/test.elf.dir/Drivers/STM32F4xx_HAL_Driver/Src/stm32f4xx_hal.c.obj
                0x08004ac4                HAL_IncTick
 .text.HAL_GetTick
                0x08004adc        0xc CMakeFiles/test.elf.dir/Drivers/STM32F4xx_HAL_Driver/Src/stm32f4xx_hal.c.obj
                0x08004adc                HAL_GetTick
 .text.HAL_CAN_Init
                0x08004ae8      0x14c CMakeFiles/test.elf.dir/Drivers/STM32F4xx_HAL_Driver/Src/stm32f4xx_hal_can.c.obj
                0x08004ae8                HAL_CAN_Init
 .text.HAL_CAN_ConfigFilter
                0x08004c34      0x138 CMakeFiles/test.elf.dir/Drivers/STM32F4xx_HAL_Driver/Src/stm32f4xx_hal_can.c.obj
                0x08004c34                HAL_CAN_ConfigFilter
 .text.HAL_CAN_Start
                0x08004d6c       0x5c CMakeFiles/test.elf.dir/Drivers/STM32F4xx_HAL_Driver/Src/stm32f4xx_hal_can.c.obj
                0x08004d6c                HAL_CAN_Start
 .text.HAL_CAN_AddTxMessage
                0x08004dc8       0xfc CMakeFiles/test.elf.dir/Drivers/STM32F4xx_HAL_Driver/Src/stm32f4xx_hal_can.c.obj
                0x08004dc8                HAL_CAN_AddTxMessage
 .text.HAL_CAN_GetTxMailboxesFreeLevel
                0x08004ec4       0x32 CMakeFiles/test.elf.dir/Drivers/STM32F4xx_HAL_Driver/Src/stm32f4xx_hal_can.c.obj
                0x08004ec4                HAL_CAN_GetTxMailboxesFreeLevel
 .text.HAL_CAN_GetRxMessage
                0x08004ef6      0x14a CMakeFiles/test.elf.dir/Drivers/STM32F4xx_HAL_Driver/Src/stm32f4xx_hal_can.c.obj
                0x08004ef6                HAL_CAN_GetRxMessage
 .text.HAL_CAN_ActivateNotification
                0x08005040       0x24 CMakeFiles/test.elf.dir/Drivers/STM32F4xx_HAL_Driver/Src/stm32f4xx_hal_can.c.obj
                0x08005040                HAL_CAN_ActivateNotification
 .text.HAL_CAN_TxMailbox0AbortCallback
                0x08005064        0x2 CMakeFiles/test.elf.dir/Drivers/STM32F4xx_HAL_Driver/Src/stm32f4xx_hal_can.c.obj
                0x08005064                HAL_CAN_TxMailbox0AbortCallback
 .text.HAL_CAN_TxMailbox1AbortCallback
                0x08005066        0x2 CMakeFiles/test.elf.dir/Drivers/STM32F4xx_HAL_Driver/Src/stm32f4xx_hal_can.c.obj
                0x08005066                HAL_CAN_TxMailbox1AbortCallback
 .text.HAL_CAN_TxMailbox2AbortCallback
                0x08005068        0x2 CMakeFiles/test.elf.dir/Drivers/STM32F4xx_HAL_Driver/Src/stm32f4xx_hal_can.c.obj
                0x08005068                HAL_CAN_TxMailbox2AbortCallback
 .text.HAL_CAN_SleepCallback
                0x0800506a        0x2 CMakeFiles/test.elf.dir/Drivers/STM32F4xx_HAL_Driver/Src/stm32f4xx_hal_can.c.obj
                0x0800506a                HAL_CAN_SleepCallback
 .text.HAL_CAN_WakeUpFromRxMsgCallback
                0x0800506c        0x2 CMakeFiles/test.elf.dir/Drivers/STM32F4xx_HAL_Driver/Src/stm32f4xx_hal_can.c.obj
                0x0800506c                HAL_CAN_WakeUpFromRxMsgCallback
 .text.HAL_CAN_IRQHandler
                0x0800506e      0x24a CMakeFiles/test.elf.dir/Drivers/STM32F4xx_HAL_Driver/Src/stm32f4xx_hal_can.c.obj
                0x0800506e                HAL_CAN_IRQHandler
 .text.__NVIC_SetPriority
                0x080052b8       0x28 CMakeFiles/test.elf.dir/Drivers/STM32F4xx_HAL_Driver/Src/stm32f4xx_hal_cortex.c.obj
 .text.NVIC_EncodePriority
                0x080052e0       0x3e CMakeFiles/test.elf.dir/Drivers/STM32F4xx_HAL_Driver/Src/stm32f4xx_hal_cortex.c.obj
 *fill*         0x0800531e        0x2 
 .text.HAL_NVIC_SetPriorityGrouping
                0x08005320       0x24 CMakeFiles/test.elf.dir/Drivers/STM32F4xx_HAL_Driver/Src/stm32f4xx_hal_cortex.c.obj
                0x08005320                HAL_NVIC_SetPriorityGrouping
 .text.HAL_NVIC_SetPriority
                0x08005344       0x20 CMakeFiles/test.elf.dir/Drivers/STM32F4xx_HAL_Driver/Src/stm32f4xx_hal_cortex.c.obj
                0x08005344                HAL_NVIC_SetPriority
 .text.HAL_NVIC_EnableIRQ
                0x08005364       0x1c CMakeFiles/test.elf.dir/Drivers/STM32F4xx_HAL_Driver/Src/stm32f4xx_hal_cortex.c.obj
                0x08005364                HAL_NVIC_EnableIRQ
 .text.DMA_SetConfig
                0x08005380       0x2c CMakeFiles/test.elf.dir/Drivers/STM32F4xx_HAL_Driver/Src/stm32f4xx_hal_dma.c.obj
 .text.DMA_CalcBaseAndBitshift
                0x080053ac       0x44 CMakeFiles/test.elf.dir/Drivers/STM32F4xx_HAL_Driver/Src/stm32f4xx_hal_dma.c.obj
 .text.DMA_CheckFifoParam
                0x080053f0       0x8e CMakeFiles/test.elf.dir/Drivers/STM32F4xx_HAL_Driver/Src/stm32f4xx_hal_dma.c.obj
 *fill*         0x0800547e        0x2 
 .text.HAL_DMA_Init
                0x08005480       0xcc CMakeFiles/test.elf.dir/Drivers/STM32F4xx_HAL_Driver/Src/stm32f4xx_hal_dma.c.obj
                0x08005480                HAL_DMA_Init
 .text.HAL_DMA_Start_IT
                0x0800554c       0x6a CMakeFiles/test.elf.dir/Drivers/STM32F4xx_HAL_Driver/Src/stm32f4xx_hal_dma.c.obj
                0x0800554c                HAL_DMA_Start_IT
 .text.HAL_DMA_Abort
                0x080055b6       0x94 CMakeFiles/test.elf.dir/Drivers/STM32F4xx_HAL_Driver/Src/stm32f4xx_hal_dma.c.obj
                0x080055b6                HAL_DMA_Abort
 .text.HAL_DMA_Abort_IT
                0x0800564a       0x26 CMakeFiles/test.elf.dir/Drivers/STM32F4xx_HAL_Driver/Src/stm32f4xx_hal_dma.c.obj
                0x0800564a                HAL_DMA_Abort_IT
 .text.HAL_DMA_IRQHandler
                0x08005670      0x1dc CMakeFiles/test.elf.dir/Drivers/STM32F4xx_HAL_Driver/Src/stm32f4xx_hal_dma.c.obj
                0x08005670                HAL_DMA_IRQHandler
 .text.HAL_DMA_GetState
                0x0800584c        0x6 CMakeFiles/test.elf.dir/Drivers/STM32F4xx_HAL_Driver/Src/stm32f4xx_hal_dma.c.obj
                0x0800584c                HAL_DMA_GetState
 *fill*         0x08005852        0x2 
 .text.HAL_GPIO_Init
                0x08005854      0x1ec CMakeFiles/test.elf.dir/Drivers/STM32F4xx_HAL_Driver/Src/stm32f4xx_hal_gpio.c.obj
                0x08005854                HAL_GPIO_Init
 .text.HAL_GPIO_WritePin
                0x08005a40        0xc CMakeFiles/test.elf.dir/Drivers/STM32F4xx_HAL_Driver/Src/stm32f4xx_hal_gpio.c.obj
                0x08005a40                HAL_GPIO_WritePin
 .text.HAL_GPIO_TogglePin
                0x08005a4c       0x12 CMakeFiles/test.elf.dir/Drivers/STM32F4xx_HAL_Driver/Src/stm32f4xx_hal_gpio.c.obj
                0x08005a4c                HAL_GPIO_TogglePin
 *fill*         0x08005a5e        0x2 
 .text.HAL_RCC_OscConfig
                0x08005a60      0x3f8 CMakeFiles/test.elf.dir/Drivers/STM32F4xx_HAL_Driver/Src/stm32f4xx_hal_rcc.c.obj
                0x08005a60                HAL_RCC_OscConfig
 .text.HAL_RCC_GetSysClockFreq
                0x08005e58       0xdc CMakeFiles/test.elf.dir/Drivers/STM32F4xx_HAL_Driver/Src/stm32f4xx_hal_rcc.c.obj
                0x08005e58                HAL_RCC_GetSysClockFreq
 .text.HAL_RCC_ClockConfig
                0x08005f34      0x160 CMakeFiles/test.elf.dir/Drivers/STM32F4xx_HAL_Driver/Src/stm32f4xx_hal_rcc.c.obj
                0x08005f34                HAL_RCC_ClockConfig
 .text.HAL_RCC_GetHCLKFreq
                0x08006094        0xc CMakeFiles/test.elf.dir/Drivers/STM32F4xx_HAL_Driver/Src/stm32f4xx_hal_rcc.c.obj
                0x08006094                HAL_RCC_GetHCLKFreq
 .text.HAL_RCC_GetPCLK1Freq
                0x080060a0       0x20 CMakeFiles/test.elf.dir/Drivers/STM32F4xx_HAL_Driver/Src/stm32f4xx_hal_rcc.c.obj
                0x080060a0                HAL_RCC_GetPCLK1Freq
 .text.HAL_RCC_GetPCLK2Freq
                0x080060c0       0x20 CMakeFiles/test.elf.dir/Drivers/STM32F4xx_HAL_Driver/Src/stm32f4xx_hal_rcc.c.obj
                0x080060c0                HAL_RCC_GetPCLK2Freq
 .text.HAL_RCC_GetClockConfig
                0x080060e0       0x3c CMakeFiles/test.elf.dir/Drivers/STM32F4xx_HAL_Driver/Src/stm32f4xx_hal_rcc.c.obj
                0x080060e0                HAL_RCC_GetClockConfig
 .text.HAL_TIM_Base_MspInit
                0x0800611c        0x2 CMakeFiles/test.elf.dir/Drivers/STM32F4xx_HAL_Driver/Src/stm32f4xx_hal_tim.c.obj
                0x0800611c                HAL_TIM_Base_MspInit
 *fill*         0x0800611e        0x2 
 .text.HAL_TIM_Base_Start_IT
                0x08006120       0x88 CMakeFiles/test.elf.dir/Drivers/STM32F4xx_HAL_Driver/Src/stm32f4xx_hal_tim.c.obj
                0x08006120                HAL_TIM_Base_Start_IT
 .text.HAL_TIM_OC_DelayElapsedCallback
                0x080061a8        0x2 CMakeFiles/test.elf.dir/Drivers/STM32F4xx_HAL_Driver/Src/stm32f4xx_hal_tim.c.obj
                0x080061a8                HAL_TIM_OC_DelayElapsedCallback
 .text.HAL_TIM_IC_CaptureCallback
                0x080061aa        0x2 CMakeFiles/test.elf.dir/Drivers/STM32F4xx_HAL_Driver/Src/stm32f4xx_hal_tim.c.obj
                0x080061aa                HAL_TIM_IC_CaptureCallback
 .text.HAL_TIM_PWM_PulseFinishedCallback
                0x080061ac        0x2 CMakeFiles/test.elf.dir/Drivers/STM32F4xx_HAL_Driver/Src/stm32f4xx_hal_tim.c.obj
                0x080061ac                HAL_TIM_PWM_PulseFinishedCallback
 .text.HAL_TIM_TriggerCallback
                0x080061ae        0x2 CMakeFiles/test.elf.dir/Drivers/STM32F4xx_HAL_Driver/Src/stm32f4xx_hal_tim.c.obj
                0x080061ae                HAL_TIM_TriggerCallback
 .text.HAL_TIM_IRQHandler
                0x080061b0      0x17a CMakeFiles/test.elf.dir/Drivers/STM32F4xx_HAL_Driver/Src/stm32f4xx_hal_tim.c.obj
                0x080061b0                HAL_TIM_IRQHandler
 *fill*         0x0800632a        0x2 
 .text.TIM_Base_SetConfig
                0x0800632c       0xc8 CMakeFiles/test.elf.dir/Drivers/STM32F4xx_HAL_Driver/Src/stm32f4xx_hal_tim.c.obj
                0x0800632c                TIM_Base_SetConfig
 .text.HAL_TIM_Base_Init
                0x080063f4       0x58 CMakeFiles/test.elf.dir/Drivers/STM32F4xx_HAL_Driver/Src/stm32f4xx_hal_tim.c.obj
                0x080063f4                HAL_TIM_Base_Init
 .text.HAL_TIMEx_CommutCallback
                0x0800644c        0x2 CMakeFiles/test.elf.dir/Drivers/STM32F4xx_HAL_Driver/Src/stm32f4xx_hal_tim_ex.c.obj
                0x0800644c                HAL_TIMEx_CommutCallback
 .text.HAL_TIMEx_BreakCallback
                0x0800644e        0x2 CMakeFiles/test.elf.dir/Drivers/STM32F4xx_HAL_Driver/Src/stm32f4xx_hal_tim_ex.c.obj
                0x0800644e                HAL_TIMEx_BreakCallback
 .text.UART_EndTxTransfer
                0x08006450       0x20 CMakeFiles/test.elf.dir/Drivers/STM32F4xx_HAL_Driver/Src/stm32f4xx_hal_uart.c.obj
 .text.UART_EndRxTransfer
                0x08006470       0x5c CMakeFiles/test.elf.dir/Drivers/STM32F4xx_HAL_Driver/Src/stm32f4xx_hal_uart.c.obj
 .text.UART_Transmit_IT
                0x080064cc       0x60 CMakeFiles/test.elf.dir/Drivers/STM32F4xx_HAL_Driver/Src/stm32f4xx_hal_uart.c.obj
 .text.UART_SetConfig
                0x0800652c      0x110 CMakeFiles/test.elf.dir/Drivers/STM32F4xx_HAL_Driver/Src/stm32f4xx_hal_uart.c.obj
 .text.HAL_UART_Init
                0x0800663c       0x5e CMakeFiles/test.elf.dir/Drivers/STM32F4xx_HAL_Driver/Src/stm32f4xx_hal_uart.c.obj
                0x0800663c                HAL_UART_Init
 *fill*         0x0800669a        0x2 
 .text.HAL_UART_Transmit_DMA
                0x0800669c       0x9c CMakeFiles/test.elf.dir/Drivers/STM32F4xx_HAL_Driver/Src/stm32f4xx_hal_uart.c.obj
                0x0800669c                HAL_UART_Transmit_DMA
 .text.UART_DMATransmitCplt
                0x08006738       0x4c CMakeFiles/test.elf.dir/Drivers/STM32F4xx_HAL_Driver/Src/stm32f4xx_hal_uart.c.obj
 .text.UART_EndTransmit_IT
                0x08006784       0x1a CMakeFiles/test.elf.dir/Drivers/STM32F4xx_HAL_Driver/Src/stm32f4xx_hal_uart.c.obj
 .text.HAL_UART_TxHalfCpltCallback
                0x0800679e        0x2 CMakeFiles/test.elf.dir/Drivers/STM32F4xx_HAL_Driver/Src/stm32f4xx_hal_uart.c.obj
                0x0800679e                HAL_UART_TxHalfCpltCallback
 .text.UART_DMATxHalfCplt
                0x080067a0        0xa CMakeFiles/test.elf.dir/Drivers/STM32F4xx_HAL_Driver/Src/stm32f4xx_hal_uart.c.obj
 .text.HAL_UART_RxHalfCpltCallback
                0x080067aa        0x2 CMakeFiles/test.elf.dir/Drivers/STM32F4xx_HAL_Driver/Src/stm32f4xx_hal_uart.c.obj
                0x080067aa                HAL_UART_RxHalfCpltCallback
 .text.UART_DMAError
                0x080067ac       0x58 CMakeFiles/test.elf.dir/Drivers/STM32F4xx_HAL_Driver/Src/stm32f4xx_hal_uart.c.obj
 .text.UART_DMAAbortOnError
                0x08006804       0x10 CMakeFiles/test.elf.dir/Drivers/STM32F4xx_HAL_Driver/Src/stm32f4xx_hal_uart.c.obj
 .text.HAL_UARTEx_RxEventCallback
                0x08006814        0x2 CMakeFiles/test.elf.dir/Drivers/STM32F4xx_HAL_Driver/Src/stm32f4xx_hal_uart.c.obj
                0x08006814                HAL_UARTEx_RxEventCallback
 .text.UART_Receive_IT
                0x08006816       0xe2 CMakeFiles/test.elf.dir/Drivers/STM32F4xx_HAL_Driver/Src/stm32f4xx_hal_uart.c.obj
 .text.HAL_UART_IRQHandler
                0x080068f8      0x27c CMakeFiles/test.elf.dir/Drivers/STM32F4xx_HAL_Driver/Src/stm32f4xx_hal_uart.c.obj
                0x080068f8                HAL_UART_IRQHandler
 .text.UART_DMARxHalfCplt
                0x08006b74       0x1a CMakeFiles/test.elf.dir/Drivers/STM32F4xx_HAL_Driver/Src/stm32f4xx_hal_uart.c.obj
 .text.UART_DMAReceiveCplt
                0x08006b8e       0x96 CMakeFiles/test.elf.dir/Drivers/STM32F4xx_HAL_Driver/Src/stm32f4xx_hal_uart.c.obj
 .text.UART_Start_Receive_IT
                0x08006c24       0x3a CMakeFiles/test.elf.dir/Drivers/STM32F4xx_HAL_Driver/Src/stm32f4xx_hal_uart.c.obj
                0x08006c24                UART_Start_Receive_IT
 .text.HAL_UART_Receive_IT
                0x08006c5e       0x38 CMakeFiles/test.elf.dir/Drivers/STM32F4xx_HAL_Driver/Src/stm32f4xx_hal_uart.c.obj
                0x08006c5e                HAL_UART_Receive_IT
 *fill*         0x08006c96        0x2 
 .text.UART_Start_Receive_DMA
                0x08006c98       0xa8 CMakeFiles/test.elf.dir/Drivers/STM32F4xx_HAL_Driver/Src/stm32f4xx_hal_uart.c.obj
                0x08006c98                UART_Start_Receive_DMA
 .text.HAL_UART_Receive_DMA
                0x08006d40       0x38 CMakeFiles/test.elf.dir/Drivers/STM32F4xx_HAL_Driver/Src/stm32f4xx_hal_uart.c.obj
                0x08006d40                HAL_UART_Receive_DMA
 .text.OSLIB_Init
                0x08006d78       0x34 CMakeFiles/test.elf.dir/oslib/oslib.c.obj
                0x08006d78                OSLIB_Init
 .text.OSLIB_CAN_Init
                0x08006dac       0x6c CMakeFiles/test.elf.dir/oslib/port/stm32f407zg/oslib_can_port.c.obj
                0x08006dac                OSLIB_CAN_Init
 .text.OSLIB_UART_Init
                0x08006e18       0x8c CMakeFiles/test.elf.dir/oslib/port/stm32f407zg/oslib_uart_port.c.obj
                0x08006e18                OSLIB_UART_Init
 .text.OSLIB_CAN_Handle_Get
                0x08006ea4       0x18 CMakeFiles/test.elf.dir/oslib/can/oslib_can.c.obj
 .text.OSLIB_CAN_Handle_Register
                0x08006ebc       0x28 CMakeFiles/test.elf.dir/oslib/can/oslib_can.c.obj
 .text.HAL_CAN_TxMailbox0CompleteCallback
                0x08006ee4       0x38 CMakeFiles/test.elf.dir/oslib/can/oslib_can.c.obj
                0x08006ee4                HAL_CAN_TxMailbox0CompleteCallback
 .text.HAL_CAN_TxMailbox1CompleteCallback
                0x08006f1c       0x38 CMakeFiles/test.elf.dir/oslib/can/oslib_can.c.obj
                0x08006f1c                HAL_CAN_TxMailbox1CompleteCallback
 .text.HAL_CAN_TxMailbox2CompleteCallback
                0x08006f54       0x38 CMakeFiles/test.elf.dir/oslib/can/oslib_can.c.obj
                0x08006f54                HAL_CAN_TxMailbox2CompleteCallback
 .text.HAL_CAN_RxFifo0MsgPendingCallback
                0x08006f8c       0x58 CMakeFiles/test.elf.dir/oslib/can/oslib_can.c.obj
                0x08006f8c                HAL_CAN_RxFifo0MsgPendingCallback
 .text.HAL_CAN_RxFifo0FullCallback
                0x08006fe4        0x2 CMakeFiles/test.elf.dir/oslib/can/oslib_can.c.obj
                0x08006fe4                HAL_CAN_RxFifo0FullCallback
 .text.HAL_CAN_RxFifo1MsgPendingCallback
                0x08006fe6       0x5a CMakeFiles/test.elf.dir/oslib/can/oslib_can.c.obj
                0x08006fe6                HAL_CAN_RxFifo1MsgPendingCallback
 .text.HAL_CAN_RxFifo1FullCallback
                0x08007040        0x2 CMakeFiles/test.elf.dir/oslib/can/oslib_can.c.obj
                0x08007040                HAL_CAN_RxFifo1FullCallback
 *fill*         0x08007042        0x2 
 .text.HAL_CAN_ErrorCallback
                0x08007044       0x8c CMakeFiles/test.elf.dir/oslib/can/oslib_can.c.obj
                0x08007044                HAL_CAN_ErrorCallback
 .text.OSLIB_CAN_Handle_Init
                0x080070d0       0xa4 CMakeFiles/test.elf.dir/oslib/can/oslib_can.c.obj
                0x080070d0                OSLIB_CAN_Handle_Init
 .text.OSLIB_CAN_SendMessage
                0x08007174       0x62 CMakeFiles/test.elf.dir/oslib/can/oslib_can.c.obj
                0x08007174                OSLIB_CAN_SendMessage
 *fill*         0x080071d6        0x2 
 .text.CAN_Dispatch_Task
                0x080071d8       0x90 CMakeFiles/test.elf.dir/oslib/can/oslib_can_dispatch.c.obj
 .text.OSLIB_CAN_List32FilterConfig
                0x08007268       0x78 CMakeFiles/test.elf.dir/oslib/can/oslib_can_dispatch.c.obj
 .text.OSLIB_CAN_List16FilterConfig
                0x080072e0       0x88 CMakeFiles/test.elf.dir/oslib/can/oslib_can_dispatch.c.obj
 .text.OSLIB_CAN_MaskFilterConfig
                0x08007368       0x78 CMakeFiles/test.elf.dir/oslib/can/oslib_can_dispatch.c.obj
 .text.OSLIB_CAN_Dispatch_Init
                0x080073e0      0x3ac CMakeFiles/test.elf.dir/oslib/can/oslib_can_dispatch.c.obj
                0x080073e0                OSLIB_CAN_Dispatch_Init
 .text.OSLIB_UART_Handle_Register
                0x0800778c       0x28 CMakeFiles/test.elf.dir/oslib/uart/oslib_uart.c.obj
 .text.OSLIB_UART_Handle_Get
                0x080077b4       0x18 CMakeFiles/test.elf.dir/oslib/uart/oslib_uart.c.obj
                0x080077b4                OSLIB_UART_Handle_Get
 .text.HAL_UART_TxCpltCallback
                0x080077cc       0x38 CMakeFiles/test.elf.dir/oslib/uart/oslib_uart.c.obj
                0x080077cc                HAL_UART_TxCpltCallback
 .text.HAL_UART_RxCpltCallback
                0x08007804       0x58 CMakeFiles/test.elf.dir/oslib/uart/oslib_uart.c.obj
                0x08007804                HAL_UART_RxCpltCallback
 .text.HAL_UART_ErrorCallback
                0x0800785c       0xe4 CMakeFiles/test.elf.dir/oslib/uart/oslib_uart.c.obj
                0x0800785c                HAL_UART_ErrorCallback
 .text.OSLIB_UART_RxIdleCallback
                0x08007940       0xb8 CMakeFiles/test.elf.dir/oslib/uart/oslib_uart.c.obj
                0x08007940                OSLIB_UART_RxIdleCallback
 .text.OSLIB_UART_Handle_DMA_Init
                0x080079f8       0x68 CMakeFiles/test.elf.dir/oslib/uart/oslib_uart.c.obj
                0x080079f8                OSLIB_UART_Handle_DMA_Init
 .text.OSLIB_UART_Printf
                0x08007a60       0x88 CMakeFiles/test.elf.dir/oslib/uart/oslib_uart.c.obj
                0x08007a60                OSLIB_UART_Printf
 .text.OSLIB_UART_SendData
                0x08007ae8       0x78 CMakeFiles/test.elf.dir/oslib/uart/oslib_uart.c.obj
                0x08007ae8                OSLIB_UART_SendData
 .text.OSLIB_UART_CLI_StrTok
                0x08007b60       0x5c CMakeFiles/test.elf.dir/oslib/uart/oslib_uart_cmd.c.obj
 .text.OSLIB_UART_CLI_CommandSplit
                0x08007bbc       0x20 CMakeFiles/test.elf.dir/oslib/uart/oslib_uart_cmd.c.obj
 .text.Command_Help
                0x08007bdc       0x14 CMakeFiles/test.elf.dir/oslib/uart/oslib_uart_cmd.c.obj
 .text._Command_Help
                0x08007bf0       0x1c CMakeFiles/test.elf.dir/oslib/uart/oslib_uart_cmd.c.obj
 .text.OSLIB_UART_CLI_ProcessCommand
                0x08007c0c       0x5c CMakeFiles/test.elf.dir/oslib/uart/oslib_uart_cmd.c.obj
 .text.UART_CLI_Task
                0x08007c68       0x5c CMakeFiles/test.elf.dir/oslib/uart/oslib_uart_cmd.c.obj
 .text.OSLIB_UART_CLI_AddCommand
                0x08007cc4       0x24 CMakeFiles/test.elf.dir/oslib/uart/oslib_uart_cmd.c.obj
                0x08007cc4                OSLIB_UART_CLI_AddCommand
 .text.OSLIB_UART_CLI_Init
                0x08007ce8       0x78 CMakeFiles/test.elf.dir/oslib/uart/oslib_uart_cmd.c.obj
                0x08007ce8                OSLIB_UART_CLI_Init
 .text.cmpAtom  0x08007d60        0x8 CMakeFiles/test.elf.dir/oslib/utils/oslib_hash.c.obj
 .text.hashAtom
                0x08007d68        0x4 CMakeFiles/test.elf.dir/oslib/utils/oslib_hash.c.obj
 .text.freeKeyAtom
                0x08007d6c        0x2 CMakeFiles/test.elf.dir/oslib/utils/oslib_hash.c.obj
 .text.cmpStr   0x08007d6e        0xe CMakeFiles/test.elf.dir/oslib/utils/oslib_hash.c.obj
                0x08007d6e                cmpStr
 .text.hashStr  0x08007d7c       0x1a CMakeFiles/test.elf.dir/oslib/utils/oslib_hash.c.obj
                0x08007d7c                hashStr
 *fill*         0x08007d96        0x2 
 .text.HashTable_create
                0x08007d98       0x54 CMakeFiles/test.elf.dir/oslib/utils/oslib_hash.c.obj
                0x08007d98                HashTable_create
 .text.HashTable_insert
                0x08007dec       0xa8 CMakeFiles/test.elf.dir/oslib/utils/oslib_hash.c.obj
                0x08007dec                HashTable_insert
 .text.HashTable_get
                0x08007e94       0x70 CMakeFiles/test.elf.dir/oslib/utils/oslib_hash.c.obj
                0x08007e94                HashTable_get
 .text.HashTable_map
                0x08007f04       0x7c CMakeFiles/test.elf.dir/oslib/utils/oslib_hash.c.obj
                0x08007f04                HashTable_map
 .text._GetAvailWriteSpace
                0x08007f80       0x18 CMakeFiles/test.elf.dir/oslib/debug/SEGGER_RTT.c.obj
 .text._WriteNoCheck
                0x08007f98       0x4c CMakeFiles/test.elf.dir/oslib/debug/SEGGER_RTT.c.obj
 .text._WriteBlocking
                0x08007fe4       0x62 CMakeFiles/test.elf.dir/oslib/debug/SEGGER_RTT.c.obj
 *fill*         0x08008046        0x2 
 .text._DoInit  0x08008048       0x70 CMakeFiles/test.elf.dir/oslib/debug/SEGGER_RTT.c.obj
 .text.SEGGER_RTT_WriteNoLock
                0x080080b8       0x6c CMakeFiles/test.elf.dir/oslib/debug/SEGGER_RTT.c.obj
                0x080080b8                SEGGER_RTT_WriteNoLock
 .text.SEGGER_RTT_Write
                0x08008124       0x34 CMakeFiles/test.elf.dir/oslib/debug/SEGGER_RTT.c.obj
                0x08008124                SEGGER_RTT_Write
 .text._StoreChar
                0x08008158       0x40 CMakeFiles/test.elf.dir/oslib/debug/SEGGER_RTT_printf.c.obj
 .text._PrintUnsigned
                0x08008198       0xe0 CMakeFiles/test.elf.dir/oslib/debug/SEGGER_RTT_printf.c.obj
 .text._PrintInt
                0x08008278       0xea CMakeFiles/test.elf.dir/oslib/debug/SEGGER_RTT_printf.c.obj
 *fill*         0x08008362        0x2 
 .text.SEGGER_RTT_vprintf
                0x08008364      0x1f0 CMakeFiles/test.elf.dir/oslib/debug/SEGGER_RTT_printf.c.obj
                0x08008364                SEGGER_RTT_vprintf
 .text.SEGGER_RTT_printf
                0x08008554       0x1e CMakeFiles/test.elf.dir/oslib/debug/SEGGER_RTT_printf.c.obj
                0x08008554                SEGGER_RTT_printf
 *fill*         0x08008572        0x2 
 .text.OSLIB_Elog_Init
                0x08008574       0x58 CMakeFiles/test.elf.dir/oslib/components/easylogger/port/elog_port.c.obj
                0x08008574                OSLIB_Elog_Init
 .text.elog_port_init
                0x080085cc       0x40 CMakeFiles/test.elf.dir/oslib/components/easylogger/port/elog_port.c.obj
                0x080085cc                elog_port_init
 .text.elog_port_output
                0x0800860c       0x14 CMakeFiles/test.elf.dir/oslib/components/easylogger/port/elog_port.c.obj
                0x0800860c                elog_port_output
 .text.StartElogTask
                0x08008620       0x3c CMakeFiles/test.elf.dir/oslib/components/easylogger/port/elog_port.c.obj
                0x08008620                StartElogTask
 .text.elog_port_async_lock
                0x0800865c       0x18 CMakeFiles/test.elf.dir/oslib/components/easylogger/port/elog_port.c.obj
                0x0800865c                elog_port_async_lock
 .text.elog_port_async_unlock
                0x08008674       0x10 CMakeFiles/test.elf.dir/oslib/components/easylogger/port/elog_port.c.obj
                0x08008674                elog_port_async_unlock
 .text.elog_port_output_lock
                0x08008684       0x18 CMakeFiles/test.elf.dir/oslib/components/easylogger/port/elog_port.c.obj
                0x08008684                elog_port_output_lock
 .text.elog_port_output_unlock
                0x0800869c       0x10 CMakeFiles/test.elf.dir/oslib/components/easylogger/port/elog_port.c.obj
                0x0800869c                elog_port_output_unlock
 .text.elog_port_get_time
                0x080086ac       0x20 CMakeFiles/test.elf.dir/oslib/components/easylogger/port/elog_port.c.obj
                0x080086ac                elog_port_get_time
 .text.elog_port_get_p_info
                0x080086cc        0x8 CMakeFiles/test.elf.dir/oslib/components/easylogger/port/elog_port.c.obj
                0x080086cc                elog_port_get_p_info
 .text.elog_port_get_t_info
                0x080086d4        0x8 CMakeFiles/test.elf.dir/oslib/components/easylogger/port/elog_port.c.obj
                0x080086d4                elog_port_get_t_info
 .text.elog_async_output_notice
                0x080086dc       0x1c CMakeFiles/test.elf.dir/oslib/components/easylogger/port/elog_port.c.obj
                0x080086dc                elog_async_output_notice
 .text.Command_Log_SetTagFiltLVL
                0x080086f8       0xe4 CMakeFiles/test.elf.dir/oslib/components/easylogger/port/elog_cmd.c.obj
 .text.Command_Log_SetFiltLVL
                0x080087dc       0xd4 CMakeFiles/test.elf.dir/oslib/components/easylogger/port/elog_cmd.c.obj
 .text.Command_Log_ColorEnable
                0x080088b0       0x5c CMakeFiles/test.elf.dir/oslib/components/easylogger/port/elog_cmd.c.obj
 .text.Command_Log_OutPutEnable
                0x0800890c       0x5c CMakeFiles/test.elf.dir/oslib/components/easylogger/port/elog_cmd.c.obj
 .text.OSLIB_UART_CLI_AddElogCMD
                0x08008968       0x64 CMakeFiles/test.elf.dir/oslib/components/easylogger/port/elog_cmd.c.obj
                0x08008968                OSLIB_UART_CLI_AddElogCMD
 .text.elog_set_filter_tag_lvl_default
                0x080089cc       0x48 CMakeFiles/test.elf.dir/oslib/components/easylogger/src/elog.c.obj
 .text.elog_set_output_enabled
                0x08008a14        0xc CMakeFiles/test.elf.dir/oslib/components/easylogger/src/elog.c.obj
                0x08008a14                elog_set_output_enabled
 .text.elog_set_text_color_enabled
                0x08008a20        0xc CMakeFiles/test.elf.dir/oslib/components/easylogger/src/elog.c.obj
                0x08008a20                elog_set_text_color_enabled
 .text.elog_output_lock
                0x08008a2c       0x28 CMakeFiles/test.elf.dir/oslib/components/easylogger/src/elog.c.obj
                0x08008a2c                elog_output_lock
 .text.elog_output_unlock
                0x08008a54       0x28 CMakeFiles/test.elf.dir/oslib/components/easylogger/src/elog.c.obj
                0x08008a54                elog_output_unlock
 .text.elog_output
                0x08008a7c      0x394 CMakeFiles/test.elf.dir/oslib/components/easylogger/src/elog.c.obj
                0x08008a7c                elog_output
 .text.elog_start
                0x08008e10       0x50 CMakeFiles/test.elf.dir/oslib/components/easylogger/src/elog.c.obj
                0x08008e10                elog_start
 .text.elog_set_fmt
                0x08008e60       0x68 CMakeFiles/test.elf.dir/oslib/components/easylogger/src/elog.c.obj
                0x08008e60                elog_set_fmt
 .text.elog_set_filter_lvl
                0x08008ec8       0x60 CMakeFiles/test.elf.dir/oslib/components/easylogger/src/elog.c.obj
                0x08008ec8                elog_set_filter_lvl
 .text.elog_set_filter_tag_lvl
                0x08008f28      0x174 CMakeFiles/test.elf.dir/oslib/components/easylogger/src/elog.c.obj
                0x08008f28                elog_set_filter_tag_lvl
 .text.elog_get_filter_tag_lvl
                0x0800909c       0xb4 CMakeFiles/test.elf.dir/oslib/components/easylogger/src/elog.c.obj
                0x0800909c                elog_get_filter_tag_lvl
 .text.get_fmt_enabled
                0x08009150       0x70 CMakeFiles/test.elf.dir/oslib/components/easylogger/src/elog.c.obj
 .text.elog_output_lock_enabled
                0x080091c0       0x34 CMakeFiles/test.elf.dir/oslib/components/easylogger/src/elog.c.obj
                0x080091c0                elog_output_lock_enabled
 .text.elog_init
                0x080091f4       0x54 CMakeFiles/test.elf.dir/oslib/components/easylogger/src/elog.c.obj
                0x080091f4                elog_init
 .text.elog_async_get_buf_used
                0x08009248       0x40 CMakeFiles/test.elf.dir/oslib/components/easylogger/src/elog_async.c.obj
 .text.async_get_buf_space
                0x08009288        0xc CMakeFiles/test.elf.dir/oslib/components/easylogger/src/elog_async.c.obj
 .text.elog_async_lock
                0x08009294        0x8 CMakeFiles/test.elf.dir/oslib/components/easylogger/src/elog_async.c.obj
                0x08009294                elog_async_lock
 .text.elog_async_unlock
                0x0800929c        0x8 CMakeFiles/test.elf.dir/oslib/components/easylogger/src/elog_async.c.obj
                0x0800929c                elog_async_unlock
 .text.async_put_log
                0x080092a4       0x84 CMakeFiles/test.elf.dir/oslib/components/easylogger/src/elog_async.c.obj
 .text.elog_async_get_log
                0x08009328       0x8c CMakeFiles/test.elf.dir/oslib/components/easylogger/src/elog_async.c.obj
                0x08009328                elog_async_get_log
 .text.elog_async_output
                0x080093b4       0x28 CMakeFiles/test.elf.dir/oslib/components/easylogger/src/elog_async.c.obj
                0x080093b4                elog_async_output
 .text.elog_async_enabled
                0x080093dc        0xc CMakeFiles/test.elf.dir/oslib/components/easylogger/src/elog_async.c.obj
                0x080093dc                elog_async_enabled
 .text.elog_async_init
                0x080093e8       0x14 CMakeFiles/test.elf.dir/oslib/components/easylogger/src/elog_async.c.obj
                0x080093e8                elog_async_init
 .text.elog_strcpy
                0x080093fc       0xac CMakeFiles/test.elf.dir/oslib/components/easylogger/src/elog_utils.c.obj
                0x080093fc                elog_strcpy
 .text.CanCallback_EchoID
                0x080094a8       0x18 CMakeFiles/test.elf.dir/oslib/example/can_func.c.obj
 .text.Command_CanSend
                0x080094c0       0x84 CMakeFiles/test.elf.dir/oslib/example/cmd_func.c.obj
 .text.Command_Echo
                0x08009544       0x24 CMakeFiles/test.elf.dir/oslib/example/cmd_func.c.obj
 .text.Command_Hello
                0x08009568       0x10 CMakeFiles/test.elf.dir/oslib/example/cmd_func.c.obj
 .text.Command_Task
                0x08009578       0x3c CMakeFiles/test.elf.dir/oslib/example/cmd_func.c.obj
 .text.DJIBoard_MotorOn
                0x080095b4       0x24 CMakeFiles/test.elf.dir/BUPT_RobotTeam_Libraries/MotorLib/dji_boardv2_can.c.obj
                0x080095b4                DJIBoard_MotorOn
 .text.DJIBoard_VelCfg
                0x080095d8       0x24 CMakeFiles/test.elf.dir/BUPT_RobotTeam_Libraries/MotorLib/dji_boardv2_can.c.obj
                0x080095d8                DJIBoard_VelCfg
 .text.DJIBoard_VelCtrl
                0x080095fc       0x22 CMakeFiles/test.elf.dir/BUPT_RobotTeam_Libraries/MotorLib/dji_boardv2_can.c.obj
                0x080095fc                DJIBoard_VelCtrl
 *fill*         0x0800961e        0x2 
 .text.__udivmoddi4
                0x08009620      0x2bc c:/progra~2/armgnu~1/12977f~1.2mp/bin/../lib/gcc/arm-none-eabi/12.2.1/thumb/v7e-m+fp/hard\libgcc.a(_udivmoddi4.o)
                0x08009620                __udivmoddi4
 .text.selfrel_offset31
                0x080098dc       0x14 c:/progra~2/armgnu~1/12977f~1.2mp/bin/../lib/gcc/arm-none-eabi/12.2.1/thumb/v7e-m+fp/hard\libgcc.a(unwind-arm.o)
 .text.search_EIT_table
                0x080098f0       0x64 c:/progra~2/armgnu~1/12977f~1.2mp/bin/../lib/gcc/arm-none-eabi/12.2.1/thumb/v7e-m+fp/hard\libgcc.a(unwind-arm.o)
 .text.__gnu_unwind_get_pr_addr
                0x08009954       0x28 c:/progra~2/armgnu~1/12977f~1.2mp/bin/../lib/gcc/arm-none-eabi/12.2.1/thumb/v7e-m+fp/hard\libgcc.a(unwind-arm.o)
 .text.get_eit_entry
                0x0800997c       0x94 c:/progra~2/armgnu~1/12977f~1.2mp/bin/../lib/gcc/arm-none-eabi/12.2.1/thumb/v7e-m+fp/hard\libgcc.a(unwind-arm.o)
 .text.restore_non_core_regs
                0x08009a10       0x58 c:/progra~2/armgnu~1/12977f~1.2mp/bin/../lib/gcc/arm-none-eabi/12.2.1/thumb/v7e-m+fp/hard\libgcc.a(unwind-arm.o)
 .text._Unwind_decode_typeinfo_ptr.constprop.0
                0x08009a68        0xc c:/progra~2/armgnu~1/12977f~1.2mp/bin/../lib/gcc/arm-none-eabi/12.2.1/thumb/v7e-m+fp/hard\libgcc.a(unwind-arm.o)
 .text._Unwind_DebugHook
                0x08009a74        0x4 c:/progra~2/armgnu~1/12977f~1.2mp/bin/../lib/gcc/arm-none-eabi/12.2.1/thumb/v7e-m+fp/hard\libgcc.a(unwind-arm.o)
 .text.unwind_phase2
                0x08009a78       0x38 c:/progra~2/armgnu~1/12977f~1.2mp/bin/../lib/gcc/arm-none-eabi/12.2.1/thumb/v7e-m+fp/hard\libgcc.a(unwind-arm.o)
 .text.unwind_phase2_forced
                0x08009ab0       0xd4 c:/progra~2/armgnu~1/12977f~1.2mp/bin/../lib/gcc/arm-none-eabi/12.2.1/thumb/v7e-m+fp/hard\libgcc.a(unwind-arm.o)
 .text.__gnu_Unwind_RaiseException
                0x08009b84       0x68 c:/progra~2/armgnu~1/12977f~1.2mp/bin/../lib/gcc/arm-none-eabi/12.2.1/thumb/v7e-m+fp/hard\libgcc.a(unwind-arm.o)
                0x08009b84                __gnu_Unwind_RaiseException
 .text.__gnu_Unwind_ForcedUnwind
                0x08009bec       0x10 c:/progra~2/armgnu~1/12977f~1.2mp/bin/../lib/gcc/arm-none-eabi/12.2.1/thumb/v7e-m+fp/hard\libgcc.a(unwind-arm.o)
                0x08009bec                __gnu_Unwind_ForcedUnwind
 .text.__gnu_Unwind_Resume
                0x08009bfc       0x40 c:/progra~2/armgnu~1/12977f~1.2mp/bin/../lib/gcc/arm-none-eabi/12.2.1/thumb/v7e-m+fp/hard\libgcc.a(unwind-arm.o)
                0x08009bfc                __gnu_Unwind_Resume
 .text.__gnu_Unwind_Resume_or_Rethrow
                0x08009c3c       0x14 c:/progra~2/armgnu~1/12977f~1.2mp/bin/../lib/gcc/arm-none-eabi/12.2.1/thumb/v7e-m+fp/hard\libgcc.a(unwind-arm.o)
                0x08009c3c                __gnu_Unwind_Resume_or_Rethrow
 .text._Unwind_VRS_Get
                0x08009c50       0x34 c:/progra~2/armgnu~1/12977f~1.2mp/bin/../lib/gcc/arm-none-eabi/12.2.1/thumb/v7e-m+fp/hard\libgcc.a(unwind-arm.o)
                0x08009c50                _Unwind_VRS_Get
 .text._Unwind_GetGR
                0x08009c84       0x1c c:/progra~2/armgnu~1/12977f~1.2mp/bin/../lib/gcc/arm-none-eabi/12.2.1/thumb/v7e-m+fp/hard\libgcc.a(unwind-arm.o)
 .text._Unwind_VRS_Set
                0x08009ca0       0x34 c:/progra~2/armgnu~1/12977f~1.2mp/bin/../lib/gcc/arm-none-eabi/12.2.1/thumb/v7e-m+fp/hard\libgcc.a(unwind-arm.o)
                0x08009ca0                _Unwind_VRS_Set
 .text._Unwind_SetGR
                0x08009cd4       0x18 c:/progra~2/armgnu~1/12977f~1.2mp/bin/../lib/gcc/arm-none-eabi/12.2.1/thumb/v7e-m+fp/hard\libgcc.a(unwind-arm.o)
 .text.__gnu_Unwind_Backtrace
                0x08009cec       0x84 c:/progra~2/armgnu~1/12977f~1.2mp/bin/../lib/gcc/arm-none-eabi/12.2.1/thumb/v7e-m+fp/hard\libgcc.a(unwind-arm.o)
                0x08009cec                __gnu_Unwind_Backtrace
 .text.__gnu_unwind_pr_common
                0x08009d70      0x298 c:/progra~2/armgnu~1/12977f~1.2mp/bin/../lib/gcc/arm-none-eabi/12.2.1/thumb/v7e-m+fp/hard\libgcc.a(unwind-arm.o)
 .text.__aeabi_unwind_cpp_pr0
                0x0800a008        0x8 c:/progra~2/armgnu~1/12977f~1.2mp/bin/../lib/gcc/arm-none-eabi/12.2.1/thumb/v7e-m+fp/hard\libgcc.a(unwind-arm.o)
                0x0800a008                __aeabi_unwind_cpp_pr0
 .text.__aeabi_unwind_cpp_pr1
                0x0800a010        0x8 c:/progra~2/armgnu~1/12977f~1.2mp/bin/../lib/gcc/arm-none-eabi/12.2.1/thumb/v7e-m+fp/hard\libgcc.a(unwind-arm.o)
                0x0800a010                __aeabi_unwind_cpp_pr1
 .text.__aeabi_unwind_cpp_pr2
                0x0800a018        0x8 c:/progra~2/armgnu~1/12977f~1.2mp/bin/../lib/gcc/arm-none-eabi/12.2.1/thumb/v7e-m+fp/hard\libgcc.a(unwind-arm.o)
                0x0800a018                __aeabi_unwind_cpp_pr2
 .text._Unwind_VRS_Pop
                0x0800a020      0x2f4 c:/progra~2/armgnu~1/12977f~1.2mp/bin/../lib/gcc/arm-none-eabi/12.2.1/thumb/v7e-m+fp/hard\libgcc.a(unwind-arm.o)
                0x0800a020                _Unwind_VRS_Pop
 .text.next_unwind_byte
                0x0800a314       0x38 c:/progra~2/armgnu~1/12977f~1.2mp/bin/../lib/gcc/arm-none-eabi/12.2.1/thumb/v7e-m+fp/hard\libgcc.a(pr-support.o)
 .text.__gnu_unwind_execute
                0x0800a34c      0x2fc c:/progra~2/armgnu~1/12977f~1.2mp/bin/../lib/gcc/arm-none-eabi/12.2.1/thumb/v7e-m+fp/hard\libgcc.a(pr-support.o)
                0x0800a34c                __gnu_unwind_execute
 .text.abort    0x0800a648       0x10 c:/progra~2/armgnu~1/12977f~1.2mp/bin/../lib/gcc/arm-none-eabi/12.2.1/thumb/v7e-m+fp/hard\libg.a(libc_a-abort.o)
                0x0800a648                abort
 .text.__assert_func
                0x0800a658       0x40 c:/progra~2/armgnu~1/12977f~1.2mp/bin/../lib/gcc/arm-none-eabi/12.2.1/thumb/v7e-m+fp/hard\libg.a(libc_a-assert.o)
                0x0800a658                __assert_func
 .text.atoi     0x0800a698        0x8 c:/progra~2/armgnu~1/12977f~1.2mp/bin/../lib/gcc/arm-none-eabi/12.2.1/thumb/v7e-m+fp/hard\libg.a(libc_a-atoi.o)
                0x0800a698                atoi
 .text._strtol_l.constprop.0
                0x0800a6a0      0x138 c:/progra~2/armgnu~1/12977f~1.2mp/bin/../lib/gcc/arm-none-eabi/12.2.1/thumb/v7e-m+fp/hard\libg.a(libc_a-strtol.o)
 .text.strtol   0x0800a7d8       0x1c c:/progra~2/armgnu~1/12977f~1.2mp/bin/../lib/gcc/arm-none-eabi/12.2.1/thumb/v7e-m+fp/hard\libg.a(libc_a-strtol.o)
                0x0800a7d8                strtol
 .text.fiprintf
                0x0800a7f4       0x28 c:/progra~2/armgnu~1/12977f~1.2mp/bin/../lib/gcc/arm-none-eabi/12.2.1/thumb/v7e-m+fp/hard\libg.a(libc_a-fiprintf.o)
                0x0800a7f4                fiprintf
 .text.__sprint_r.part.0
                0x0800a81c       0x78 c:/progra~2/armgnu~1/12977f~1.2mp/bin/../lib/gcc/arm-none-eabi/12.2.1/thumb/v7e-m+fp/hard\libg.a(libc_a-vfiprintf.o)
 .text._vfiprintf_r
                0x0800a894      0xfa8 c:/progra~2/armgnu~1/12977f~1.2mp/bin/../lib/gcc/arm-none-eabi/12.2.1/thumb/v7e-m+fp/hard\libg.a(libc_a-vfiprintf.o)
                0x0800a894                _vfiprintf_r
 .text.__sbprintf
                0x0800b83c       0x80 c:/progra~2/armgnu~1/12977f~1.2mp/bin/../lib/gcc/arm-none-eabi/12.2.1/thumb/v7e-m+fp/hard\libg.a(libc_a-vfiprintf.o)
 .text.__sflush_r
                0x0800b8bc      0x138 c:/progra~2/armgnu~1/12977f~1.2mp/bin/../lib/gcc/arm-none-eabi/12.2.1/thumb/v7e-m+fp/hard\libg.a(libc_a-fflush.o)
                0x0800b8bc                __sflush_r
 .text._fflush_r
                0x0800b9f4       0x54 c:/progra~2/armgnu~1/12977f~1.2mp/bin/../lib/gcc/arm-none-eabi/12.2.1/thumb/v7e-m+fp/hard\libg.a(libc_a-fflush.o)
                0x0800b9f4                _fflush_r
 .text.stdio_exit_handler
                0x0800ba48       0x18 c:/progra~2/armgnu~1/12977f~1.2mp/bin/../lib/gcc/arm-none-eabi/12.2.1/thumb/v7e-m+fp/hard\libg.a(libc_a-findfp.o)
 .text.cleanup_stdio
                0x0800ba60       0x40 c:/progra~2/armgnu~1/12977f~1.2mp/bin/../lib/gcc/arm-none-eabi/12.2.1/thumb/v7e-m+fp/hard\libg.a(libc_a-findfp.o)
 .text.global_stdio_init.part.0
                0x0800baa0       0xf0 c:/progra~2/armgnu~1/12977f~1.2mp/bin/../lib/gcc/arm-none-eabi/12.2.1/thumb/v7e-m+fp/hard\libg.a(libc_a-findfp.o)
 .text.__sinit  0x0800bb90       0x3c c:/progra~2/armgnu~1/12977f~1.2mp/bin/../lib/gcc/arm-none-eabi/12.2.1/thumb/v7e-m+fp/hard\libg.a(libc_a-findfp.o)
                0x0800bb90                __sinit
 .text.__sfp_lock_acquire
                0x0800bbcc        0xc c:/progra~2/armgnu~1/12977f~1.2mp/bin/../lib/gcc/arm-none-eabi/12.2.1/thumb/v7e-m+fp/hard\libg.a(libc_a-findfp.o)
                0x0800bbcc                __sfp_lock_acquire
 .text.__sfp_lock_release
                0x0800bbd8        0xc c:/progra~2/armgnu~1/12977f~1.2mp/bin/../lib/gcc/arm-none-eabi/12.2.1/thumb/v7e-m+fp/hard\libg.a(libc_a-findfp.o)
                0x0800bbd8                __sfp_lock_release
 .text.__sfvwrite_r
                0x0800bbe4      0x300 c:/progra~2/armgnu~1/12977f~1.2mp/bin/../lib/gcc/arm-none-eabi/12.2.1/thumb/v7e-m+fp/hard\libg.a(libc_a-fvwrite.o)
                0x0800bbe4                __sfvwrite_r
 .text._fwalk_sglue
                0x0800bee4       0x48 c:/progra~2/armgnu~1/12977f~1.2mp/bin/../lib/gcc/arm-none-eabi/12.2.1/thumb/v7e-m+fp/hard\libg.a(libc_a-fwalk.o)
                0x0800bee4                _fwalk_sglue
 .text.snprintf
                0x0800bf2c       0x88 c:/progra~2/armgnu~1/12977f~1.2mp/bin/../lib/gcc/arm-none-eabi/12.2.1/thumb/v7e-m+fp/hard\libg.a(libc_a-snprintf.o)
                0x0800bf2c                snprintf
 .text.sprintf  0x0800bfb4       0x40 c:/progra~2/armgnu~1/12977f~1.2mp/bin/../lib/gcc/arm-none-eabi/12.2.1/thumb/v7e-m+fp/hard\libg.a(libc_a-sprintf.o)
                0x0800bfb4                sprintf
 .text.__sread  0x0800bff4       0x24 c:/progra~2/armgnu~1/12977f~1.2mp/bin/../lib/gcc/arm-none-eabi/12.2.1/thumb/v7e-m+fp/hard\libg.a(libc_a-stdio.o)
                0x0800bff4                __sread
 .text.__swrite
                0x0800c018       0x40 c:/progra~2/armgnu~1/12977f~1.2mp/bin/../lib/gcc/arm-none-eabi/12.2.1/thumb/v7e-m+fp/hard\libg.a(libc_a-stdio.o)
                0x0800c018                __swrite
 .text.__sseek  0x0800c058       0x24 c:/progra~2/armgnu~1/12977f~1.2mp/bin/../lib/gcc/arm-none-eabi/12.2.1/thumb/v7e-m+fp/hard\libg.a(libc_a-stdio.o)
                0x0800c058                __sseek
 .text.__sclose
                0x0800c07c        0x8 c:/progra~2/armgnu~1/12977f~1.2mp/bin/../lib/gcc/arm-none-eabi/12.2.1/thumb/v7e-m+fp/hard\libg.a(libc_a-stdio.o)
                0x0800c07c                __sclose
 .text.vsnprintf
                0x0800c084       0x70 c:/progra~2/armgnu~1/12977f~1.2mp/bin/../lib/gcc/arm-none-eabi/12.2.1/thumb/v7e-m+fp/hard\libg.a(libc_a-vsnprintf.o)
                0x0800c084                vsnprintf
 .text.__swsetup_r
                0x0800c0f4       0xc0 c:/progra~2/armgnu~1/12977f~1.2mp/bin/../lib/gcc/arm-none-eabi/12.2.1/thumb/v7e-m+fp/hard\libg.a(libc_a-wsetup.o)
                0x0800c0f4                __swsetup_r
 .text.__fputwc
                0x0800c1b4       0x7c c:/progra~2/armgnu~1/12977f~1.2mp/bin/../lib/gcc/arm-none-eabi/12.2.1/thumb/v7e-m+fp/hard\libg.a(libc_a-fputwc.o)
                0x0800c1b4                __fputwc
 .text._fputwc_r
                0x0800c230       0x60 c:/progra~2/armgnu~1/12977f~1.2mp/bin/../lib/gcc/arm-none-eabi/12.2.1/thumb/v7e-m+fp/hard\libg.a(libc_a-fputwc.o)
                0x0800c230                _fputwc_r
 .text.memmove  0x0800c290      0x100 c:/progra~2/armgnu~1/12977f~1.2mp/bin/../lib/gcc/arm-none-eabi/12.2.1/thumb/v7e-m+fp/hard\libg.a(libc_a-memmove.o)
                0x0800c290                memmove
 .text.memset   0x0800c390       0xa4 c:/progra~2/armgnu~1/12977f~1.2mp/bin/../lib/gcc/arm-none-eabi/12.2.1/thumb/v7e-m+fp/hard\libg.a(libc_a-memset.o)
                0x0800c390                memset
 .text.strncmp  0x0800c434       0x84 c:/progra~2/armgnu~1/12977f~1.2mp/bin/../lib/gcc/arm-none-eabi/12.2.1/thumb/v7e-m+fp/hard\libg.a(libc_a-strncmp.o)
                0x0800c434                strncmp
 .text.strncpy  0x0800c4b8       0x68 c:/progra~2/armgnu~1/12977f~1.2mp/bin/../lib/gcc/arm-none-eabi/12.2.1/thumb/v7e-m+fp/hard\libg.a(libc_a-strncpy.o)
                0x0800c4b8                strncpy
 .text.critical_factorization
                0x0800c520       0xc8 c:/progra~2/armgnu~1/12977f~1.2mp/bin/../lib/gcc/arm-none-eabi/12.2.1/thumb/v7e-m+fp/hard\libg.a(libc_a-strstr.o)
 .text.two_way_long_needle
                0x0800c5e8      0x200 c:/progra~2/armgnu~1/12977f~1.2mp/bin/../lib/gcc/arm-none-eabi/12.2.1/thumb/v7e-m+fp/hard\libg.a(libc_a-strstr.o)
 .text.strstr   0x0800c7e8      0x16c c:/progra~2/armgnu~1/12977f~1.2mp/bin/../lib/gcc/arm-none-eabi/12.2.1/thumb/v7e-m+fp/hard\libg.a(libc_a-strstr.o)
                0x0800c7e8                strstr
 .text.raise    0x0800c954       0x58 c:/progra~2/armgnu~1/12977f~1.2mp/bin/../lib/gcc/arm-none-eabi/12.2.1/thumb/v7e-m+fp/hard\libg.a(libc_a-signal.o)
                0x0800c954                raise
 .text.__locale_mb_cur_max
                0x0800c9ac        0xc c:/progra~2/armgnu~1/12977f~1.2mp/bin/../lib/gcc/arm-none-eabi/12.2.1/thumb/v7e-m+fp/hard\libg.a(libc_a-locale.o)
                0x0800c9ac                __locale_mb_cur_max
 .text._localeconv_r
                0x0800c9b8        0x8 c:/progra~2/armgnu~1/12977f~1.2mp/bin/../lib/gcc/arm-none-eabi/12.2.1/thumb/v7e-m+fp/hard\libg.a(libc_a-localeconv.o)
                0x0800c9b8                _localeconv_r
 .text._close_r
                0x0800c9c0       0x24 c:/progra~2/armgnu~1/12977f~1.2mp/bin/../lib/gcc/arm-none-eabi/12.2.1/thumb/v7e-m+fp/hard\libg.a(libc_a-closer.o)
                0x0800c9c0                _close_r
 .text._reclaim_reent
                0x0800c9e4       0x5c c:/progra~2/armgnu~1/12977f~1.2mp/bin/../lib/gcc/arm-none-eabi/12.2.1/thumb/v7e-m+fp/hard\libg.a(libc_a-reent.o)
                0x0800c9e4                _reclaim_reent
 .text._lseek_r
                0x0800ca40       0x2c c:/progra~2/armgnu~1/12977f~1.2mp/bin/../lib/gcc/arm-none-eabi/12.2.1/thumb/v7e-m+fp/hard\libg.a(libc_a-lseekr.o)
                0x0800ca40                _lseek_r
 .text._read_r  0x0800ca6c       0x2c c:/progra~2/armgnu~1/12977f~1.2mp/bin/../lib/gcc/arm-none-eabi/12.2.1/thumb/v7e-m+fp/hard\libg.a(libc_a-readr.o)
                0x0800ca6c                _read_r
 .text._kill_r  0x0800ca98       0x2c c:/progra~2/armgnu~1/12977f~1.2mp/bin/../lib/gcc/arm-none-eabi/12.2.1/thumb/v7e-m+fp/hard\libg.a(libc_a-signalr.o)
                0x0800ca98                _kill_r
 .text._getpid_r
                0x0800cac4        0x4 c:/progra~2/armgnu~1/12977f~1.2mp/bin/../lib/gcc/arm-none-eabi/12.2.1/thumb/v7e-m+fp/hard\libg.a(libc_a-signalr.o)
                0x0800cac4                _getpid_r
 .text._write_r
                0x0800cac8       0x2c c:/progra~2/armgnu~1/12977f~1.2mp/bin/../lib/gcc/arm-none-eabi/12.2.1/thumb/v7e-m+fp/hard\libg.a(libc_a-writer.o)
                0x0800cac8                _write_r