Archive member included to satisfy reference by file (symbol)

c:/progra~2/armgnu~1/12977f~1.2mp/bin/../lib/gcc/arm-none-eabi/12.2.1/thumb/v7e-m+fp/hard\libgcc.a(_arm_muldf3.o)
                              CMakeFiles/test.elf.dir/Core/Src/chassis.cpp.obj (__aeabi_dmul)
c:/progra~2/armgnu~1/12977f~1.2mp/bin/../lib/gcc/arm-none-eabi/12.2.1/thumb/v7e-m+fp/hard\libgcc.a(_arm_addsubdf3.o)
                              CMakeFiles/test.elf.dir/Core/Src/chassis.cpp.obj (__aeabi_dsub)
c:/progra~2/armgnu~1/12977f~1.2mp/bin/../lib/gcc/arm-none-eabi/12.2.1/thumb/v7e-m+fp/hard\libgcc.a(_arm_muldivdf3.o)
                              CMakeFiles/test.elf.dir/Core/Src/chassis.cpp.obj (__aeabi_ddiv)
c:/progra~2/armgnu~1/12977f~1.2mp/bin/../lib/gcc/arm-none-eabi/12.2.1/thumb/v7e-m+fp/hard\libgcc.a(_arm_cmpdf2.o)
                              CMakeFiles/test.elf.dir/Core/Src/chassis.cpp.obj (__aeabi_dcmplt)
c:/progra~2/armgnu~1/12977f~1.2mp/bin/../lib/gcc/arm-none-eabi/12.2.1/thumb/v7e-m+fp/hard\libgcc.a(_arm_fixdfsi.o)
                              CMakeFiles/test.elf.dir/Core/Src/chassis.cpp.obj (__aeabi_d2iz)
c:/progra~2/armgnu~1/12977f~1.2mp/bin/../lib/gcc/arm-none-eabi/12.2.1/thumb/v7e-m+fp/hard\libgcc.a(_arm_truncdfsf2.o)
                              CMakeFiles/test.elf.dir/Core/Src/chassis.cpp.obj (__aeabi_d2f)
c:/progra~2/armgnu~1/12977f~1.2mp/bin/../lib/gcc/arm-none-eabi/12.2.1/thumb/v7e-m+fp/hard\libgcc.a(_aeabi_uldivmod.o)
                              CMakeFiles/test.elf.dir/Drivers/STM32F4xx_HAL_Driver/Src/stm32f4xx_hal_rcc.c.obj (__aeabi_uldivmod)
c:/progra~2/armgnu~1/12977f~1.2mp/bin/../lib/gcc/arm-none-eabi/12.2.1/thumb/v7e-m+fp/hard\libgcc.a(_udivmoddi4.o)
                              c:/progra~2/armgnu~1/12977f~1.2mp/bin/../lib/gcc/arm-none-eabi/12.2.1/thumb/v7e-m+fp/hard\libgcc.a(_aeabi_uldivmod.o) (__udivmoddi4)
c:/progra~2/armgnu~1/12977f~1.2mp/bin/../lib/gcc/arm-none-eabi/12.2.1/thumb/v7e-m+fp/hard\libgcc.a(unwind-arm.o)
                              CMakeFiles/test.elf.dir/Core/Src/freertos.c.obj (__aeabi_unwind_cpp_pr0)
c:/progra~2/armgnu~1/12977f~1.2mp/bin/../lib/gcc/arm-none-eabi/12.2.1/thumb/v7e-m+fp/hard\libgcc.a(libunwind.o)
                              c:/progra~2/armgnu~1/12977f~1.2mp/bin/../lib/gcc/arm-none-eabi/12.2.1/thumb/v7e-m+fp/hard\libgcc.a(unwind-arm.o) (restore_core_regs)
c:/progra~2/armgnu~1/12977f~1.2mp/bin/../lib/gcc/arm-none-eabi/12.2.1/thumb/v7e-m+fp/hard\libgcc.a(pr-support.o)
                              c:/progra~2/armgnu~1/12977f~1.2mp/bin/../lib/gcc/arm-none-eabi/12.2.1/thumb/v7e-m+fp/hard\libgcc.a(unwind-arm.o) (__gnu_unwind_execute)
c:/progra~2/armgnu~1/12977f~1.2mp/bin/../lib/gcc/arm-none-eabi/12.2.1/thumb/v7e-m+fp/hard\libgcc.a(_dvmd_tls.o)
                              c:/progra~2/armgnu~1/12977f~1.2mp/bin/../lib/gcc/arm-none-eabi/12.2.1/thumb/v7e-m+fp/hard\libgcc.a(_aeabi_uldivmod.o) (__aeabi_ldiv0)
c:/progra~2/armgnu~1/12977f~1.2mp/bin/../lib/gcc/arm-none-eabi/12.2.1/thumb/v7e-m+fp/hard\libg.a(libc_a-abort.o)
                              c:/progra~2/armgnu~1/12977f~1.2mp/bin/../lib/gcc/arm-none-eabi/12.2.1/thumb/v7e-m+fp/hard\libgcc.a(pr-support.o) (abort)
c:/progra~2/armgnu~1/12977f~1.2mp/bin/../lib/gcc/arm-none-eabi/12.2.1/thumb/v7e-m+fp/hard\libg.a(libc_a-assert.o)
                              CMakeFiles/test.elf.dir/oslib/utils/oslib_hash.c.obj (__assert_func)
c:/progra~2/armgnu~1/12977f~1.2mp/bin/../lib/gcc/arm-none-eabi/12.2.1/thumb/v7e-m+fp/hard\libg.a(libc_a-atoi.o)
                              CMakeFiles/test.elf.dir/oslib/components/easylogger/port/elog_cmd.c.obj (atoi)
c:/progra~2/armgnu~1/12977f~1.2mp/bin/../lib/gcc/arm-none-eabi/12.2.1/thumb/v7e-m+fp/hard\libg.a(libc_a-exit.o)
                              c:/progra~2/armgnu~1/12977f~1.2mp/bin/../lib/gcc/arm-none-eabi/12.2.1/thumb/v7e-m+fp/hard/crt0.o (exit)
c:/progra~2/armgnu~1/12977f~1.2mp/bin/../lib/gcc/arm-none-eabi/12.2.1/thumb/v7e-m+fp/hard\libg.a(libc_a-strtol.o)
                              c:/progra~2/armgnu~1/12977f~1.2mp/bin/../lib/gcc/arm-none-eabi/12.2.1/thumb/v7e-m+fp/hard\libg.a(libc_a-atoi.o) (_strtol_r)
c:/progra~2/armgnu~1/12977f~1.2mp/bin/../lib/gcc/arm-none-eabi/12.2.1/thumb/v7e-m+fp/hard\libg.a(libc_a-ctype_.o)
                              CMakeFiles/test.elf.dir/oslib/components/easylogger/port/elog_cmd.c.obj (_ctype_)
c:/progra~2/armgnu~1/12977f~1.2mp/bin/../lib/gcc/arm-none-eabi/12.2.1/thumb/v7e-m+fp/hard\libg.a(libc_a-fiprintf.o)
                              c:/progra~2/armgnu~1/12977f~1.2mp/bin/../lib/gcc/arm-none-eabi/12.2.1/thumb/v7e-m+fp/hard\libg.a(libc_a-assert.o) (fiprintf)
c:/progra~2/armgnu~1/12977f~1.2mp/bin/../lib/gcc/arm-none-eabi/12.2.1/thumb/v7e-m+fp/hard\libg.a(libc_a-vfiprintf.o)
                              c:/progra~2/armgnu~1/12977f~1.2mp/bin/../lib/gcc/arm-none-eabi/12.2.1/thumb/v7e-m+fp/hard\libg.a(libc_a-fiprintf.o) (_vfiprintf_r)
c:/progra~2/armgnu~1/12977f~1.2mp/bin/../lib/gcc/arm-none-eabi/12.2.1/thumb/v7e-m+fp/hard\libg.a(libc_a-fflush.o)
[...]
Memory Configuration

Name             Origin             Length             Attributes
CCMRAM           0x10000000         0x00010000         xrw
RAM              0x20000000         0x00020000         xrw
FLASH            0x08000000         0x00100000         xr
*default*        0x00000000         0xffffffff

Linker script and memory map

LOAD c:/progra~2/armgnu~1/12977f~1.2mp/bin/../lib/gcc/arm-none-eabi/12.2.1/thumb/v7e-m+fp/hard/crti.o
LOAD c:/progra~2/armgnu~1/12977f~1.2mp/bin/../lib/gcc/arm-none-eabi/12.2.1/thumb/v7e-m+fp/hard/crtbegin.o
LOAD c:/progra~2/armgnu~1/12977f~1.2mp/bin/../lib/gcc/arm-none-eabi/12.2.1/thumb/v7e-m+fp/hard/crt0.o
LOAD CMakeFiles/test.elf.dir/Core/Src/can.c.obj
LOAD CMakeFiles/test.elf.dir/Core/Src/dma.c.obj
LOAD CMakeFiles/test.elf.dir/Core/Src/freertos.c.obj
LOAD CMakeFiles/test.elf.dir/Core/Src/gpio.c.obj
LOAD CMakeFiles/test.elf.dir/Core/Src/main.c.obj
LOAD CMakeFiles/test.elf.dir/Core/Src/stm32f4xx_hal_msp.c.obj
LOAD CMakeFiles/test.elf.dir/Core/Src/stm32f4xx_hal_timebase_tim.c.obj
LOAD CMakeFiles/test.elf.dir/Core/Src/stm32f4xx_it.c.obj
LOAD CMakeFiles/test.elf.dir/Core/Src/syscalls.c.obj
LOAD CMakeFiles/test.elf.dir/Core/Src/sysmem.c.obj
LOAD CMakeFiles/test.elf.dir/Core/Src/system_stm32f4xx.c.obj
LOAD CMakeFiles/test.elf.dir/Core/Src/usart.c.obj
LOAD CMakeFiles/test.elf.dir/Core/Startup/startup_stm32f407zgtx.s.obj
LOAD CMakeFiles/test.elf.dir/Core/Src/chassis.cpp.obj
LOAD CMakeFiles/test.elf.dir/Middlewares/Third_Party/FreeRTOS/Source/CMSIS_RTOS_V2/cmsis_os2.c.obj
LOAD CMakeFiles/test.elf.dir/Middlewares/Third_Party/FreeRTOS/Source/croutine.c.obj
LOAD CMakeFiles/test.elf.dir/Middlewares/Third_Party/FreeRTOS/Source/event_groups.c.obj
LOAD CMakeFiles/test.elf.dir/Middlewares/Third_Party/FreeRTOS/Source/list.c.obj
LOAD CMakeFiles/test.elf.dir/Middlewares/Third_Party/FreeRTOS/Source/portable/GCC/ARM_CM4F/port.c.obj
LOAD CMakeFiles/test.elf.dir/Middlewares/Third_Party/FreeRTOS/Source/portable/MemMang/heap_4.c.obj
LOAD CMakeFiles/test.elf.dir/Middlewares/Third_Party/FreeRTOS/Source/queue.c.obj
LOAD CMakeFiles/test.elf.dir/Middlewares/Third_Party/FreeRTOS/Source/stream_buffer.c.obj
LOAD CMakeFiles/test.elf.dir/Middlewares/Third_Party/FreeRTOS/Source/tasks.c.obj
LOAD CMakeFiles/test.elf.dir/Middlewares/Third_Party/FreeRTOS/Source/timers.c.obj
LOAD CMakeFiles/test.elf.dir/Drivers/STM32F4xx_HAL_Driver/Src/stm32f4xx_hal.c.obj
LOAD CMakeFiles/test.elf.dir/Drivers/STM32F4xx_HAL_Driver/Src/stm32f4xx_hal_can.c.obj
LOAD CMakeFiles/test.elf.dir/Drivers/STM32F4xx_HAL_Driver/Src/stm32f4xx_hal_cortex.c.obj
LOAD CMakeFiles/test.elf.dir/Drivers/STM32F4xx_HAL_Driver/Src/stm32f4xx_hal_dma.c.obj
LOAD CMakeFiles/test.elf.dir/Drivers/STM32F4xx_HAL_Driver/Src/stm32f4xx_hal_dma_ex.c.obj
LOAD CMakeFiles/test.elf.dir/Drivers/STM32F4xx_HAL_Driver/Src/stm32f4xx_hal_exti.c.obj
LOAD CMakeFiles/test.elf.dir/Drivers/STM32F4xx_HAL_Driver/Src/stm32f4xx_hal_flash.c.obj
LOAD CMakeFiles/test.elf.dir/Drivers/STM32F4xx_HAL_Driver/Src/stm32f4xx_hal_flash_ex.c.obj
LOAD CMakeFiles/test.elf.dir/Drivers/STM32F4xx_HAL_Driver/Src/stm32f4xx_hal_flash_ramfunc.c.obj
LOAD CMakeFiles/test.elf.dir/Drivers/STM32F4xx_HAL_Driver/Src/stm32f4xx_hal_gpio.c.obj
LOAD CMakeFiles/test.elf.dir/Drivers/STM32F4xx_HAL_Driver/Src/stm32f4xx_hal_pwr.c.obj
LOAD CMakeFiles/test.elf.dir/Drivers/STM32F4xx_HAL_Driver/Src/stm32f4xx_hal_pwr_ex.c.obj
LOAD CMakeFiles/test.elf.dir/Drivers/STM32F4xx_HAL_Driver/Src/stm32f4xx_hal_rcc.c.obj
LOAD CMakeFiles/test.elf.dir/Drivers/STM32F4xx_HAL_Driver/Src/stm32f4xx_hal_rcc_ex.c.obj
LOAD CMakeFiles/test.elf.dir/Drivers/STM32F4xx_HAL_Driver/Src/stm32f4xx_hal_tim.c.obj
LOAD CMakeFiles/test.elf.dir/Drivers/STM32F4xx_HAL_Driver/Src/stm32f4xx_hal_tim_ex.c.obj
LOAD CMakeFiles/test.elf.dir/Drivers/STM32F4xx_HAL_Driver/Src/stm32f4xx_hal_uart.c.obj
LOAD CMakeFiles/test.elf.dir/oslib/oslib.c.obj
LOAD CMakeFiles/test.elf.dir/oslib/port/stm32f407zg/oslib_can_port.c.obj
LOAD CMakeFiles/test.elf.dir/oslib/port/stm32f407zg/oslib_uart_port.c.obj
LOAD CMakeFiles/test.elf.dir/oslib/can/oslib_can.c.obj
LOAD CMakeFiles/test.elf.dir/oslib/can/oslib_can_dispatch.c.obj
LOAD CMakeFiles/test.elf.dir/oslib/uart/oslib_uart.c.obj
LOAD CMakeFiles/test.elf.dir/oslib/uart/oslib_uart_cmd.c.obj
LOAD CMakeFiles/test.elf.dir/oslib/utils/oslib_hash.c.obj
LOAD CMakeFiles/test.elf.dir/oslib/debug/SEGGER_RTT.c.obj
LOAD CMakeFiles/test.elf.dir/oslib/debug/SEGGER_RTT_ASM_ARMv7M.S.obj
LOAD CMakeFiles/test.elf.dir/oslib/debug/SEGGER_RTT_printf.c.obj
LOAD CMakeFiles/test.elf.dir/oslib/components/easylogger/port/elog_port.c.obj
LOAD CMakeFiles/test.elf.dir/oslib/components/easylogger/port/elog_cmd.c.obj
LOAD CMakeFiles/test.elf.dir/oslib/components/easylogger/src/elog.c.obj
LOAD CMakeFiles/test.elf.dir/oslib/components/easylogger/src/elog_async.c.obj
LOAD CMakeFiles/test.elf.dir/oslib/components/easylogger/src/elog_utils.c.obj
LOAD CMakeFiles/test.elf.dir/oslib/components/vofaDataDriver/vofaDataDriver.c.obj
LOAD CMakeFiles/test.elf.dir/oslib/example/can_func.c.obj
LOAD CMakeFiles/test.elf.dir/oslib/example/cmd_func.c.obj
LOAD CMakeFiles/test.elf.dir/BUPT_RobotTeam_Libraries/MotorLib/dji_boardv2_can.c.obj
LOAD c:/progra~2/armgnu~1/12977f~1.2mp/bin/../lib/gcc/arm-none-eabi/12.2.1/thumb/v7e-m+fp/hard\libstdc++.a
LOAD c:/progra~2/armgnu~1/12977f~1.2mp/bin/../lib/gcc/arm-none-eabi/12.2.1/thumb/v7e-m+fp/hard\libm.a
START GROUP
LOAD c:/progra~2/armgnu~1/12977f~1.2mp/bin/../lib/gcc/arm-none-eabi/12.2.1/thumb/v7e-m+fp/hard\libgcc.a
LOAD c:/progra~2/armgnu~1/12977f~1.2mp/bin/../lib/gcc/arm-none-eabi/12.2.1/thumb/v7e-m+fp/hard\libg.a
LOAD c:/progra~2/armgnu~1/12977f~1.2mp/bin/../lib/gcc/arm-none-eabi/12.2.1/thumb/v7e-m+fp/hard\libc.a
END GROUP
LOAD c:/progra~2/armgnu~1/12977f~1.2mp/bin/../lib/gcc/arm-none-eabi/12.2.1/thumb/v7e-m+fp/hard/crtend.o
LOAD c:/progra~2/armgnu~1/12977f~1.2mp/bin/../lib/gcc/arm-none-eabi/12.2.1/thumb/v7e-m+fp/hard/crtn.o
                0x20020000                        _estack = (ORIGIN (RAM) + LENGTH (RAM))
                0x00000200                        _Min_Heap_Size = 0x200
                0x00000400                        _Min_Stack_Size = 0x400

.isr_vector     0x08000000      0x188
                0x08000000                        . = ALIGN (0x4)
 *(.isr_vector)
 .isr_vector    0x08000000      0x188 CMakeFiles/test.elf.dir/Core/Startup/startup_stm32f407zgtx.s.obj
                0x08000000                g_pfnVectors
                0x08000188                        . = ALIGN (0x4)

.text           0x080001c0    0x11058
                0x080001c0                        . = ALIGN (0x4)
 *(.text)
 .text          0x080001c0      0x378 c:/progra~2/armgnu~1/12977f~1.2mp/bin/../lib/gcc/arm-none-eabi/12.2.1/thumb/v7e-m+fp/hard\libgcc.a(_arm_addsubdf3.o)
                0x080001c0                __aeabi_drsub
                0x080001c8                __aeabi_dsub
                0x080001c8                __subdf3
                0x080001cc                __aeabi_dadd
                0x080001cc                __adddf3
                0x08000444                __floatunsidf
                0x08000444                __aeabi_ui2d
                0x08000464                __floatsidf
                0x08000464                __aeabi_i2d
                0x08000488                __aeabi_f2d
                0x08000488                __extendsfdf2
                0x080004cc                __floatundidf
                0x080004cc                __aeabi_ul2d
                0x080004dc                __floatdidf
                0x080004dc                __aeabi_l2d
 .text          0x08000538      0x424 c:/progra~2/armgnu~1/12977f~1.2mp/bin/../lib/gcc/arm-none-eabi/12.2.1/thumb/v7e-m+fp/hard\libgcc.a(_arm_muldivdf3.o)
                0x08000538                __aeabi_dmul
                0x08000538                __muldf3
                0x0800078c                __divdf3
                0x0800078c                __aeabi_ddiv
 .text          0x0800095c      0x110 c:/progra~2/armgnu~1/12977f~1.2mp/bin/../lib/gcc/arm-none-eabi/12.2.1/thumb/v7e-m+fp/hard\libgcc.a(_arm_cmpdf2.o)
                0x0800095c                __gtdf2
                0x0800095c                __gedf2
                0x08000964                __ltdf2
                0x08000964                __ledf2
                0x0800096c                __nedf2
                0x0800096c                __eqdf2
                0x0800096c                __cmpdf2
                0x080009e8                __aeabi_cdrcmple
                0x080009f8                __aeabi_cdcmpeq
                0x080009f8                __aeabi_cdcmple
                0x08000a08                __aeabi_dcmpeq
                0x08000a1c                __aeabi_dcmplt
                0x08000a30                __aeabi_dcmple
                0x08000a44                __aeabi_dcmpge
                0x08000a58                __aeabi_dcmpgt
 .text          0x08000a6c       0x50 c:/progra~2/armgnu~1/12977f~1.2mp/bin/../lib/gcc/arm-none-eabi/12.2.1/thumb/v7e-m+fp/hard\libgcc.a(_arm_fixdfsi.o)
                0x08000a6c                __aeabi_d2iz
                0x08000a6c                __fixdfsi
 .text          0x08000abc       0xa0 c:/progra~2/armgnu~1/12977f~1.2mp/bin/../lib/gcc/arm-none-eabi/12.2.1/thumb/v7e-m+fp/hard\libgcc.a(_arm_truncdfsf2.o)
                0x08000abc                __truncdfsf2
                0x08000abc                __aeabi_d2f
 .text          0x08000b5c       0x30 c:/progra~2/armgnu~1/12977f~1.2mp/bin/../lib/gcc/arm-none-eabi/12.2.1/thumb/v7e-m+fp/hard\libgcc.a(_aeabi_uldivmod.o)
                0x08000b5c                __aeabi_uldivmod
 .text          0x08000b8c      0x1ac c:/progra~2/armgnu~1/12977f~1.2mp/bin/../lib/gcc/arm-none-eabi/12.2.1/thumb/v7e-m+fp/hard\libgcc.a(libunwind.o)
                0x08000b8c                __restore_core_regs
                0x08000b8c                restore_core_regs
                0x08000ba4                __gnu_Unwind_Restore_VFP
                0x08000bac                __gnu_Unwind_Save_VFP
                0x08000bb4                __gnu_Unwind_Restore_VFP_D
                0x08000bbc                __gnu_Unwind_Save_VFP_D
                0x08000bc4                __gnu_Unwind_Restore_VFP_D_16_to_31
                0x08000bcc                __gnu_Unwind_Save_VFP_D_16_to_31
                0x08000bd4                __gnu_Unwind_Restore_WMMXD
                0x08000c18                __gnu_Unwind_Save_WMMXD
                0x08000c5c                __gnu_Unwind_Restore_WMMXC
                0x08000c70                __gnu_Unwind_Save_WMMXC
                0x08000c84                ___Unwind_RaiseException
                0x08000c84                _Unwind_RaiseException
                0x08000ca8                _Unwind_Resume
                0x08000ca8                ___Unwind_Resume
                0x08000ccc                _Unwind_Resume_or_Rethrow
                0x08000ccc                ___Unwind_Resume_or_Rethrow
                0x08000cf0                _Unwind_ForcedUnwind
                0x08000cf0                ___Unwind_ForcedUnwind
                0x08000d14                ___Unwind_Backtrace
                0x08000d14                _Unwind_Backtrace
 .text          0x08000d38        0x4 c:/progra~2/armgnu~1/12977f~1.2mp/bin/../lib/gcc/arm-none-eabi/12.2.1/thumb/v7e-m+fp/hard\libgcc.a(_dvmd_tls.o)
                0x08000d38                __aeabi_idiv0
                0x08000d38                __aeabi_ldiv0
 *fill*         0x08000d3c        0x4 
 .text          0x08000d40      0x2e0 c:/progra~2/armgnu~1/12977f~1.2mp/bin/../lib/gcc/arm-none-eabi/12.2.1/thumb/v7e-m+fp/hard\libg.a(libc_a-strcmp.o)
                0x08000d40                strcmp
 .text          0x08001020       0xa0 c:/progra~2/armgnu~1/12977f~1.2mp/bin/../lib/gcc/arm-none-eabi/12.2.1/thumb/v7e-m+fp/hard\libg.a(libc_a-memchr.o)
                0x08001020                memchr
 .text          0x080010c0      0x134 c:/progra~2/armgnu~1/12977f~1.2mp/bin/../lib/gcc/arm-none-eabi/12.2.1/thumb/v7e-m+fp/hard\libg.a(libc_a-memcpy.o)
                0x080010c0                memcpy
 *fill*         0x080011f4        0xc 
 .text          0x08001200       0xd8 c:/progra~2/armgnu~1/12977f~1.2mp/bin/../lib/gcc/arm-none-eabi/12.2.1/thumb/v7e-m+fp/hard\libg.a(libc_a-strlen.o)
                0x08001200                strlen
 .text          0x080012d8       0x2c c:/progra~2/armgnu~1/12977f~1.2mp/bin/../lib/gcc/arm-none-eabi/12.2.1/thumb/v7e-m+fp/hard\libgcc.a(_arm_unorddf2.o)
                0x080012d8                __unorddf2
                0x080012d8                __aeabi_dcmpun
 *(.text*)
 .text.deregister_tm_clones
                0x08001304       0x1c c:/progra~2/armgnu~1/12977f~1.2mp/bin/../lib/gcc/arm-none-eabi/12.2.1/thumb/v7e-m+fp/hard/crtbegin.o
 .text.register_tm_clones
                0x08001320       0x24 c:/progra~2/armgnu~1/12977f~1.2mp/bin/../lib/gcc/arm-none-eabi/12.2.1/thumb/v7e-m+fp/hard/crtbegin.o
 .text.__do_global_dtors_aux
                0x08001344       0x28 c:/progra~2/armgnu~1/12977f~1.2mp/bin/../lib/gcc/arm-none-eabi/12.2.1/thumb/v7e-m+fp/hard/crtbegin.o
 .text.frame_dummy
                0x0800136c       0x24 c:/progra~2/armgnu~1/12977f~1.2mp/bin/../lib/gcc/arm-none-eabi/12.2.1/thumb/v7e-m+fp/hard/crtbegin.o
 .text.MX_CAN1_Init
                0x08001390       0x44 CMakeFiles/test.elf.dir/Core/Src/can.c.obj
                0x08001390                MX_CAN1_Init
 .text.MX_CAN2_Init
                0x080013d4       0x44 CMakeFiles/test.elf.dir/Core/Src/can.c.obj
                0x080013d4                MX_CAN2_Init
 .text.HAL_CAN_MspInit
                0x08001418      0x164 CMakeFiles/test.elf.dir/Core/Src/can.c.obj
                0x08001418                HAL_CAN_MspInit
 .text.MX_DMA_Init
                0x0800157c       0x98 CMakeFiles/test.elf.dir/Core/Src/dma.c.obj
                0x0800157c                MX_DMA_Init
 .text.StartDefaultTask
                0x08001614       0x18 CMakeFiles/test.elf.dir/Core/Src/freertos.c.obj
                0x08001614                StartDefaultTask
 .text.StartChassisControl
                0x0800162c       0x7c CMakeFiles/test.elf.dir/Core/Src/freertos.c.obj
                0x0800162c                StartChassisControl
 .text.MX_FREERTOS_Init
                0x080016a8       0x3c CMakeFiles/test.elf.dir/Core/Src/freertos.c.obj
                0x080016a8                MX_FREERTOS_Init
 .text.MX_GPIO_Init
                0x080016e4       0xc4 CMakeFiles/test.elf.dir/Core/Src/gpio.c.obj
                0x080016e4                MX_GPIO_Init
 .text.HAL_TIM_PeriodElapsedCallback
                0x080017a8       0x18 CMakeFiles/test.elf.dir/Core/Src/main.c.obj
                0x080017a8                HAL_TIM_PeriodElapsedCallback
 .text.Error_Handler
                0x080017c0        0x4 CMakeFiles/test.elf.dir/Core/Src/main.c.obj
                0x080017c0                Error_Handler
 .text.SystemClock_Config
                0x080017c4       0xa8 CMakeFiles/test.elf.dir/Core/Src/main.c.obj
                0x080017c4                SystemClock_Config
 .text.main     0x0800186c       0x34 CMakeFiles/test.elf.dir/Core/Src/main.c.obj
                0x0800186c                main
 .text.HAL_MspInit
                0x080018a0       0x44 CMakeFiles/test.elf.dir/Core/Src/stm32f4xx_hal_msp.c.obj
                0x080018a0                HAL_MspInit
 .text.HAL_InitTick
                0x080018e4       0x98 CMakeFiles/test.elf.dir/Core/Src/stm32f4xx_hal_timebase_tim.c.obj
                0x080018e4                HAL_InitTick
 .text.NMI_Handler
                0x0800197c        0x2 CMakeFiles/test.elf.dir/Core/Src/stm32f4xx_it.c.obj
                0x0800197c                NMI_Handler
 .text.HardFault_Handler
                0x0800197e        0x2 CMakeFiles/test.elf.dir/Core/Src/stm32f4xx_it.c.obj
                0x0800197e                HardFault_Handler
 .text.MemManage_Handler
                0x08001980        0x2 CMakeFiles/test.elf.dir/Core/Src/stm32f4xx_it.c.obj
                0x08001980                MemManage_Handler
 .text.BusFault_Handler
                0x08001982        0x2 CMakeFiles/test.elf.dir/Core/Src/stm32f4xx_it.c.obj
                0x08001982                BusFault_Handler
 .text.UsageFault_Handler
                0x08001984        0x2 CMakeFiles/test.elf.dir/Core/Src/stm32f4xx_it.c.obj
                0x08001984                UsageFault_Handler
 .text.DebugMon_Handler
                0x08001986        0x2 CMakeFiles/test.elf.dir/Core/Src/stm32f4xx_it.c.obj
                0x08001986                DebugMon_Handler
 .text.DMA1_Stream1_IRQHandler
                0x08001988       0x10 CMakeFiles/test.elf.dir/Core/Src/stm32f4xx_it.c.obj
                0x08001988                DMA1_Stream1_IRQHandler
 .text.DMA1_Stream3_IRQHandler
                0x08001998       0x10 CMakeFiles/test.elf.dir/Core/Src/stm32f4xx_it.c.obj
                0x08001998                DMA1_Stream3_IRQHandler
 .text.DMA1_Stream5_IRQHandler
                0x080019a8       0x10 CMakeFiles/test.elf.dir/Core/Src/stm32f4xx_it.c.obj
                0x080019a8                DMA1_Stream5_IRQHandler
 .text.DMA1_Stream6_IRQHandler
                0x080019b8       0x10 CMakeFiles/test.elf.dir/Core/Src/stm32f4xx_it.c.obj
                0x080019b8                DMA1_Stream6_IRQHandler
 .text.CAN1_TX_IRQHandler
                0x080019c8       0x10 CMakeFiles/test.elf.dir/Core/Src/stm32f4xx_it.c.obj
                0x080019c8                CAN1_TX_IRQHandler
 .text.CAN1_RX0_IRQHandler
                0x080019d8       0x10 CMakeFiles/test.elf.dir/Core/Src/stm32f4xx_it.c.obj
                0x080019d8                CAN1_RX0_IRQHandler
 .text.CAN1_RX1_IRQHandler
                0x080019e8       0x10 CMakeFiles/test.elf.dir/Core/Src/stm32f4xx_it.c.obj
                0x080019e8                CAN1_RX1_IRQHandler
 .text.TIM1_UP_TIM10_IRQHandler
                0x080019f8       0x10 CMakeFiles/test.elf.dir/Core/Src/stm32f4xx_it.c.obj
                0x080019f8                TIM1_UP_TIM10_IRQHandler
 .text.USART1_IRQHandler
                0x08001a08       0x24 CMakeFiles/test.elf.dir/Core/Src/stm32f4xx_it.c.obj
                0x08001a08                USART1_IRQHandler
 .text.USART2_IRQHandler
                0x08001a2c       0x24 CMakeFiles/test.elf.dir/Core/Src/stm32f4xx_it.c.obj
                0x08001a2c                USART2_IRQHandler
 .text.USART3_IRQHandler
                0x08001a50       0x10 CMakeFiles/test.elf.dir/Core/Src/stm32f4xx_it.c.obj
                0x08001a50                USART3_IRQHandler
 .text.DMA2_Stream2_IRQHandler
                0x08001a60       0x10 CMakeFiles/test.elf.dir/Core/Src/stm32f4xx_it.c.obj
                0x08001a60                DMA2_Stream2_IRQHandler
 .text.CAN2_TX_IRQHandler
                0x08001a70       0x10 CMakeFiles/test.elf.dir/Core/Src/stm32f4xx_it.c.obj
                0x08001a70                CAN2_TX_IRQHandler
 .text.CAN2_RX0_IRQHandler
                0x08001a80       0x10 CMakeFiles/test.elf.dir/Core/Src/stm32f4xx_it.c.obj
                0x08001a80                CAN2_RX0_IRQHandler
 .text.CAN2_RX1_IRQHandler
                0x08001a90       0x10 CMakeFiles/test.elf.dir/Core/Src/stm32f4xx_it.c.obj
                0x08001a90                CAN2_RX1_IRQHandler
 .text.DMA2_Stream7_IRQHandler
                0x08001aa0       0x10 CMakeFiles/test.elf.dir/Core/Src/stm32f4xx_it.c.obj
                0x08001aa0                DMA2_Stream7_IRQHandler
 .text._getpid  0x08001ab0        0x4 CMakeFiles/test.elf.dir/Core/Src/syscalls.c.obj
                0x08001ab0                _getpid
 .text._kill    0x08001ab4       0x10 CMakeFiles/test.elf.dir/Core/Src/syscalls.c.obj
                0x08001ab4                _kill
 .text._exit    0x08001ac4        0xc CMakeFiles/test.elf.dir/Core/Src/syscalls.c.obj
                0x08001ac4                _exit
 .text._read    0x08001ad0       0x20 CMakeFiles/test.elf.dir/Core/Src/syscalls.c.obj
                0x08001ad0                _read
 .text._write   0x08001af0       0x1c CMakeFiles/test.elf.dir/Core/Src/syscalls.c.obj
                0x08001af0                _write
 .text._close   0x08001b0c        0x6 CMakeFiles/test.elf.dir/Core/Src/syscalls.c.obj
                0x08001b0c                _close
 .text._fstat   0x08001b12        0xa CMakeFiles/test.elf.dir/Core/Src/syscalls.c.obj
                0x08001b12                _fstat
 .text._isatty  0x08001b1c        0x4 CMakeFiles/test.elf.dir/Core/Src/syscalls.c.obj
                0x08001b1c                _isatty
 .text._lseek   0x08001b20        0x4 CMakeFiles/test.elf.dir/Core/Src/syscalls.c.obj
                0x08001b20                _lseek
 .text._sbrk    0x08001b24       0x48 CMakeFiles/test.elf.dir/Core/Src/sysmem.c.obj
                0x08001b24                _sbrk
 .text.SystemInit
                0x08001b6c       0x14 CMakeFiles/test.elf.dir/Core/Src/system_stm32f4xx.c.obj
                0x08001b6c                SystemInit
 .text.MX_USART1_UART_Init
                0x08001b80       0x34 CMakeFiles/test.elf.dir/Core/Src/usart.c.obj
                0x08001b80                MX_USART1_UART_Init
 .text.MX_USART2_UART_Init
                0x08001bb4       0x34 CMakeFiles/test.elf.dir/Core/Src/usart.c.obj
                0x08001bb4                MX_USART2_UART_Init
 .text.MX_USART3_UART_Init
                0x08001be8       0x34 CMakeFiles/test.elf.dir/Core/Src/usart.c.obj
                0x08001be8                MX_USART3_UART_Init
 .text.HAL_UART_MspInit
                0x08001c1c      0x2c0 CMakeFiles/test.elf.dir/Core/Src/usart.c.obj
                0x08001c1c                HAL_UART_MspInit
 .text.Reset_Handler
                0x08001edc       0x50 CMakeFiles/test.elf.dir/Core/Startup/startup_stm32f407zgtx.s.obj
                0x08001edc                Reset_Handler
 .text.Default_Handler
                0x08001f2c        0x2 CMakeFiles/test.elf.dir/Core/Startup/startup_stm32f407zgtx.s.obj
                0x08001f2c                RTC_Alarm_IRQHandler
                0x08001f2c                HASH_RNG_IRQHandler
                0x08001f2c                EXTI2_IRQHandler
                0x08001f2c                TIM8_CC_IRQHandler
                0x08001f2c                TIM1_CC_IRQHandler
                0x08001f2c                DMA2_Stream5_IRQHandler
                0x08001f2c                PVD_IRQHandler
                0x08001f2c                SDIO_IRQHandler
                0x08001f2c                TAMP_STAMP_IRQHandler
                0x08001f2c                EXTI3_IRQHandler
                0x08001f2c                TIM8_TRG_COM_TIM14_IRQHandler
                0x08001f2c                TIM8_UP_TIM13_IRQHandler
                0x08001f2c                I2C3_ER_IRQHandler
                0x08001f2c                EXTI0_IRQHandler
                0x08001f2c                I2C2_EV_IRQHandler
                0x08001f2c                DMA1_Stream2_IRQHandler
                0x08001f2c                FPU_IRQHandler
                0x08001f2c                OTG_HS_WKUP_IRQHandler
                0x08001f2c                CAN2_SCE_IRQHandler
                0x08001f2c                SPI1_IRQHandler
                0x08001f2c                TIM6_DAC_IRQHandler
                0x08001f2c                TIM1_BRK_TIM9_IRQHandler
                0x08001f2c                DCMI_IRQHandler
                0x08001f2c                DMA2_Stream3_IRQHandler
                0x08001f2c                USART6_IRQHandler
                0x08001f2c                UART5_IRQHandler
                0x08001f2c                DMA2_Stream0_IRQHandler
                0x08001f2c                TIM4_IRQHandler
                0x08001f2c                I2C1_EV_IRQHandler
                0x08001f2c                UART4_IRQHandler
                0x08001f2c                TIM3_IRQHandler
                0x08001f2c                RCC_IRQHandler
                0x08001f2c                TIM8_BRK_TIM12_IRQHandler
                0x08001f2c                Default_Handler
                0x08001f2c                EXTI15_10_IRQHandler
                0x08001f2c                ADC_IRQHandler
                0x08001f2c                DMA1_Stream7_IRQHandler
                0x08001f2c                TIM7_IRQHandler
                0x08001f2c                TIM5_IRQHandler
                0x08001f2c                I2C3_EV_IRQHandler
                0x08001f2c                EXTI9_5_IRQHandler
                0x08001f2c                RTC_WKUP_IRQHandler
                0x08001f2c                ETH_WKUP_IRQHandler
                0x08001f2c                SPI2_IRQHandler
                0x08001f2c                OTG_HS_EP1_IN_IRQHandler
                0x08001f2c                DMA1_Stream0_IRQHandler
                0x08001f2c                EXTI4_IRQHandler
                0x08001f2c                FSMC_IRQHandler
                0x08001f2c                ETH_IRQHandler
                0x08001f2c                OTG_HS_EP1_OUT_IRQHandler
                0x08001f2c                WWDG_IRQHandler
                0x08001f2c                TIM2_IRQHandler
                0x08001f2c                OTG_FS_WKUP_IRQHandler
                0x08001f2c                TIM1_TRG_COM_TIM11_IRQHandler
                0x08001f2c                OTG_HS_IRQHandler
                0x08001f2c                EXTI1_IRQHandler
                0x08001f2c                I2C2_ER_IRQHandler
                0x08001f2c                DMA2_Stream1_IRQHandler
                0x08001f2c                CAN1_SCE_IRQHandler
                0x08001f2c                FLASH_IRQHandler
                0x08001f2c                DMA2_Stream4_IRQHandler
                0x08001f2c                OTG_FS_IRQHandler
                0x08001f2c                SPI3_IRQHandler
                0x08001f2c                DMA1_Stream4_IRQHandler
                0x08001f2c                I2C1_ER_IRQHandler
                0x08001f2c                DMA2_Stream6_IRQHandler
 .text._ZN7chassis12chassis_initEP19__CAN_HandleTypeDef
                0x08001f2e       0x28 CMakeFiles/test.elf.dir/Core/Src/chassis.cpp.obj
                0x08001f2e                chassis::chassis_init(__CAN_HandleTypeDef*)
 *fill*         0x08001f56        0x2 
 .text._ZN7chassis12chassis_moveEP19__CAN_HandleTypeDef19SerialVelMsgTypeDef
                0x08001f58      0x13c CMakeFiles/test.elf.dir/Core/Src/chassis.cpp.obj
                0x08001f58                chassis::chassis_move(__CAN_HandleTypeDef*, SerialVelMsgTypeDef)
 .text.SysTick_Handler
                0x08002094       0x18 CMakeFiles/test.elf.dir/Middlewares/Third_Party/FreeRTOS/Source/CMSIS_RTOS_V2/cmsis_os2.c.obj
                0x08002094                SysTick_Handler
 .text.osKernelInitialize
                0x080020ac       0x24 CMakeFiles/test.elf.dir/Middlewares/Third_Party/FreeRTOS/Source/CMSIS_RTOS_V2/cmsis_os2.c.obj
                0x080020ac                osKernelInitialize
 .text.osKernelStart
                0x080020d0       0x38 CMakeFiles/test.elf.dir/Middlewares/Third_Party/FreeRTOS/Source/CMSIS_RTOS_V2/cmsis_os2.c.obj
                0x080020d0                osKernelStart
 .text.osKernelGetTickCount
                0x08002108       0x14 CMakeFiles/test.elf.dir/Middlewares/Third_Party/FreeRTOS/Source/CMSIS_RTOS_V2/cmsis_os2.c.obj
                0x08002108                osKernelGetTickCount
 .text.osThreadNew
                0x0800211c       0xbe CMakeFiles/test.elf.dir/Middlewares/Third_Party/FreeRTOS/Source/CMSIS_RTOS_V2/cmsis_os2.c.obj
                0x0800211c                osThreadNew
 .text.osDelay  0x080021da       0x1c CMakeFiles/test.elf.dir/Middlewares/Third_Party/FreeRTOS/Source/CMSIS_RTOS_V2/cmsis_os2.c.obj
                0x080021da                osDelay
 .text.osSemaphoreNew
                0x080021f6       0xb2 CMakeFiles/test.elf.dir/Middlewares/Third_Party/FreeRTOS/Source/CMSIS_RTOS_V2/cmsis_os2.c.obj
                0x080021f6                osSemaphoreNew
 .text.osSemaphoreAcquire
                0x080022a8       0x68 CMakeFiles/test.elf.dir/Middlewares/Third_Party/FreeRTOS/Source/CMSIS_RTOS_V2/cmsis_os2.c.obj
                0x080022a8                osSemaphoreAcquire
 .text.osSemaphoreRelease
                0x08002310       0x5e CMakeFiles/test.elf.dir/Middlewares/Third_Party/FreeRTOS/Source/CMSIS_RTOS_V2/cmsis_os2.c.obj
                0x08002310                osSemaphoreRelease
 .text.osMessageQueueNew
                0x0800236e       0x96 CMakeFiles/test.elf.dir/Middlewares/Third_Party/FreeRTOS/Source/CMSIS_RTOS_V2/cmsis_os2.c.obj
                0x0800236e                osMessageQueueNew
 .text.osMessageQueuePut
                0x08002404       0x84 CMakeFiles/test.elf.dir/Middlewares/Third_Party/FreeRTOS/Source/CMSIS_RTOS_V2/cmsis_os2.c.obj
                0x08002404                osMessageQueuePut
 .text.osMessageQueueGet
                0x08002488       0x82 CMakeFiles/test.elf.dir/Middlewares/Third_Party/FreeRTOS/Source/CMSIS_RTOS_V2/cmsis_os2.c.obj
                0x08002488                osMessageQueueGet
 *fill*         0x0800250a        0x2 
 .text.vApplicationGetIdleTaskMemory
                0x0800250c       0x18 CMakeFiles/test.elf.dir/Middlewares/Third_Party/FreeRTOS/Source/CMSIS_RTOS_V2/cmsis_os2.c.obj
                0x0800250c                vApplicationGetIdleTaskMemory
 .text.vApplicationGetTimerTaskMemory
                0x08002524       0x18 CMakeFiles/test.elf.dir/Middlewares/Third_Party/FreeRTOS/Source/CMSIS_RTOS_V2/cmsis_os2.c.obj
                0x08002524                vApplicationGetTimerTaskMemory
 .text.vListInitialise
                0x0800253c       0x16 CMakeFiles/test.elf.dir/Middlewares/Third_Party/FreeRTOS/Source/list.c.obj
                0x0800253c                vListInitialise
 .text.vListInitialiseItem
                0x08002552        0x6 CMakeFiles/test.elf.dir/Middlewares/Third_Party/FreeRTOS/Source/list.c.obj
                0x08002552                vListInitialiseItem
 .text.vListInsertEnd
                0x08002558       0x16 CMakeFiles/test.elf.dir/Middlewares/Third_Party/FreeRTOS/Source/list.c.obj
                0x08002558                vListInsertEnd
 .text.vListInsert
                0x0800256e       0x32 CMakeFiles/test.elf.dir/Middlewares/Third_Party/FreeRTOS/Source/list.c.obj
                0x0800256e                vListInsert
 .text.uxListRemove
                0x080025a0       0x26 CMakeFiles/test.elf.dir/Middlewares/Third_Party/FreeRTOS/Source/list.c.obj
                0x080025a0                uxListRemove
 *fill*         0x080025c6        0x2 
 .text.prvTaskExitError
                0x080025c8       0x40 CMakeFiles/test.elf.dir/Middlewares/Third_Party/FreeRTOS/Source/portable/GCC/ARM_CM4F/port.c.obj
 .text.prvPortStartFirstTask
                0x08002608       0x28 CMakeFiles/test.elf.dir/Middlewares/Third_Party/FreeRTOS/Source/portable/GCC/ARM_CM4F/port.c.obj
 .text.vPortEnableVFP
                0x08002630       0x14 CMakeFiles/test.elf.dir/Middlewares/Third_Party/FreeRTOS/Source/portable/GCC/ARM_CM4F/port.c.obj
 .text.pxPortInitialiseStack
                0x08002644       0x2c CMakeFiles/test.elf.dir/Middlewares/Third_Party/FreeRTOS/Source/portable/GCC/ARM_CM4F/port.c.obj
                0x08002644                pxPortInitialiseStack
 .text.SVC_Handler
                0x08002670       0x24 CMakeFiles/test.elf.dir/Middlewares/Third_Party/FreeRTOS/Source/portable/GCC/ARM_CM4F/port.c.obj
                0x08002670                SVC_Handler
 .text.vPortEnterCritical
                0x08002694       0x44 CMakeFiles/test.elf.dir/Middlewares/Third_Party/FreeRTOS/Source/portable/GCC/ARM_CM4F/port.c.obj
                0x08002694                vPortEnterCritical
 .text.vPortExitCritical
                0x080026d8       0x2c CMakeFiles/test.elf.dir/Middlewares/Third_Party/FreeRTOS/Source/portable/GCC/ARM_CM4F/port.c.obj
                0x080026d8                vPortExitCritical
 *fill*         0x08002704        0xc 
 .text.PendSV_Handler
                0x08002710       0x64 CMakeFiles/test.elf.dir/Middlewares/Third_Party/FreeRTOS/Source/portable/GCC/ARM_CM4F/port.c.obj
                0x08002710                PendSV_Handler
 .text.xPortSysTickHandler
                0x08002774       0x2c CMakeFiles/test.elf.dir/Middlewares/Third_Party/FreeRTOS/Source/portable/GCC/ARM_CM4F/port.c.obj
                0x08002774                xPortSysTickHandler
 .text.vPortSetupTimerInterrupt
                0x080027a0       0x28 CMakeFiles/test.elf.dir/Middlewares/Third_Party/FreeRTOS/Source/portable/GCC/ARM_CM4F/port.c.obj
                0x080027a0                vPortSetupTimerInterrupt
 .text.xPortStartScheduler
                0x080027c8      0x118 CMakeFiles/test.elf.dir/Middlewares/Third_Party/FreeRTOS/Source/portable/GCC/ARM_CM4F/port.c.obj
                0x080027c8                xPortStartScheduler
 .text.vPortValidateInterruptPriority
                0x080028e0       0x5c CMakeFiles/test.elf.dir/Middlewares/Third_Party/FreeRTOS/Source/portable/GCC/ARM_CM4F/port.c.obj
                0x080028e0                vPortValidateInterruptPriority
 .text.prvHeapInit
                0x0800293c       0x64 CMakeFiles/test.elf.dir/Middlewares/Third_Party/FreeRTOS/Source/portable/MemMang/heap_4.c.obj
 .text.prvInsertBlockIntoFreeList
                0x080029a0       0x64 CMakeFiles/test.elf.dir/Middlewares/Third_Party/FreeRTOS/Source/portable/MemMang/heap_4.c.obj
 .text.pvPortMalloc
                0x08002a04      0x104 CMakeFiles/test.elf.dir/Middlewares/Third_Party/FreeRTOS/Source/portable/MemMang/heap_4.c.obj
                0x08002a04                pvPortMalloc
 .text.vPortFree
                0x08002b08       0x7c CMakeFiles/test.elf.dir/Middlewares/Third_Party/FreeRTOS/Source/portable/MemMang/heap_4.c.obj
                0x08002b08                vPortFree
 .text.xPortGetFreeHeapSize
                0x08002b84        0xc CMakeFiles/test.elf.dir/Middlewares/Third_Party/FreeRTOS/Source/portable/MemMang/heap_4.c.obj
                0x08002b84                xPortGetFreeHeapSize
 .text.prvGetDisinheritPriorityAfterTimeout
                0x08002b90       0x10 CMakeFiles/test.elf.dir/Middlewares/Third_Party/FreeRTOS/Source/queue.c.obj
 .text.prvIsQueueFull
                0x08002ba0       0x1e CMakeFiles/test.elf.dir/Middlewares/Third_Party/FreeRTOS/Source/queue.c.obj
 .text.prvIsQueueEmpty
                0x08002bbe       0x1a CMakeFiles/test.elf.dir/Middlewares/Third_Party/FreeRTOS/Source/queue.c.obj
 .text.prvCopyDataToQueue
                0x08002bd8       0x76 CMakeFiles/test.elf.dir/Middlewares/Third_Party/FreeRTOS/Source/queue.c.obj
 .text.prvCopyDataFromQueue
                0x08002c4e       0x24 CMakeFiles/test.elf.dir/Middlewares/Third_Party/FreeRTOS/Source/queue.c.obj
 .text.prvUnlockQueue
                0x08002c72       0x6e CMakeFiles/test.elf.dir/Middlewares/Third_Party/FreeRTOS/Source/queue.c.obj
 .text.xQueueGenericReset
                0x08002ce0       0x84 CMakeFiles/test.elf.dir/Middlewares/Third_Party/FreeRTOS/Source/queue.c.obj
                0x08002ce0                xQueueGenericReset
 .text.prvInitialiseNewQueue
                0x08002d64       0x22 CMakeFiles/test.elf.dir/Middlewares/Third_Party/FreeRTOS/Source/queue.c.obj
 .text.xQueueGenericCreateStatic
                0x08002d86       0x94 CMakeFiles/test.elf.dir/Middlewares/Third_Party/FreeRTOS/Source/queue.c.obj
                0x08002d86                xQueueGenericCreateStatic
 .text.xQueueGenericCreate
                0x08002e1a       0x48 CMakeFiles/test.elf.dir/Middlewares/Third_Party/FreeRTOS/Source/queue.c.obj
                0x08002e1a                xQueueGenericCreate
 .text.xQueueCreateCountingSemaphoreStatic
                0x08002e62       0x46 CMakeFiles/test.elf.dir/Middlewares/Third_Party/FreeRTOS/Source/queue.c.obj
                0x08002e62                xQueueCreateCountingSemaphoreStatic
 .text.xQueueCreateCountingSemaphore
                0x08002ea8       0x3c CMakeFiles/test.elf.dir/Middlewares/Third_Party/FreeRTOS/Source/queue.c.obj
                0x08002ea8                xQueueCreateCountingSemaphore
 .text.xQueueGenericSend
                0x08002ee4      0x188 CMakeFiles/test.elf.dir/Middlewares/Third_Party/FreeRTOS/Source/queue.c.obj
                0x08002ee4                xQueueGenericSend
 .text.xQueueGenericSendFromISR
                0x0800306c       0xce CMakeFiles/test.elf.dir/Middlewares/Third_Party/FreeRTOS/Source/queue.c.obj
                0x0800306c                xQueueGenericSendFromISR
 .text.xQueueGiveFromISR
                0x0800313a       0xb2 CMakeFiles/test.elf.dir/Middlewares/Third_Party/FreeRTOS/Source/queue.c.obj
                0x0800313a                xQueueGiveFromISR
 .text.xQueueReceive
                0x080031ec      0x15e CMakeFiles/test.elf.dir/Middlewares/Third_Party/FreeRTOS/Source/queue.c.obj
                0x080031ec                xQueueReceive
 .text.xQueueSemaphoreTake
                0x0800334a      0x1a6 CMakeFiles/test.elf.dir/Middlewares/Third_Party/FreeRTOS/Source/queue.c.obj
                0x0800334a                xQueueSemaphoreTake
 .text.xQueueReceiveFromISR
                0x080034f0       0xae CMakeFiles/test.elf.dir/Middlewares/Third_Party/FreeRTOS/Source/queue.c.obj
                0x080034f0                xQueueReceiveFromISR
 *fill*         0x0800359e        0x2 
 .text.vQueueAddToRegistry
                0x080035a0       0x28 CMakeFiles/test.elf.dir/Middlewares/Third_Party/FreeRTOS/Source/queue.c.obj
                0x080035a0                vQueueAddToRegistry
 .text.vQueueUnregisterQueue
                0x080035c8       0x2c CMakeFiles/test.elf.dir/Middlewares/Third_Party/FreeRTOS/Source/queue.c.obj
                0x080035c8                vQueueUnregisterQueue
 .text.vQueueDelete
                0x080035f4       0x2c CMakeFiles/test.elf.dir/Middlewares/Third_Party/FreeRTOS/Source/queue.c.obj
                0x080035f4                vQueueDelete
 .text.vQueueWaitForMessageRestricted
                0x08003620       0x52 CMakeFiles/test.elf.dir/Middlewares/Third_Party/FreeRTOS/Source/queue.c.obj
                0x08003620                vQueueWaitForMessageRestricted
 .text.prvTaskCheckFreeStackSpace
                0x08003672       0x14 CMakeFiles/test.elf.dir/Middlewares/Third_Party/FreeRTOS/Source/tasks.c.obj
 *fill*         0x08003686        0x2 
 .text.prvResetNextTaskUnblockTime
                0x08003688       0x2c CMakeFiles/test.elf.dir/Middlewares/Third_Party/FreeRTOS/Source/tasks.c.obj
 .text.prvInitialiseNewTask
                0x080036b4      0x104 CMakeFiles/test.elf.dir/Middlewares/Third_Party/FreeRTOS/Source/tasks.c.obj
 .text.prvInitialiseTaskLists
                0x080037b8       0x68 CMakeFiles/test.elf.dir/Middlewares/Third_Party/FreeRTOS/Source/tasks.c.obj
 .text.prvAddNewTaskToReadyList
                0x08003820       0xac CMakeFiles/test.elf.dir/Middlewares/Third_Party/FreeRTOS/Source/tasks.c.obj
 .text.prvDeleteTCB
                0x080038cc       0x40 CMakeFiles/test.elf.dir/Middlewares/Third_Party/FreeRTOS/Source/tasks.c.obj
 .text.prvCheckTasksWaitingTermination
                0x0800390c       0x4c CMakeFiles/test.elf.dir/Middlewares/Third_Party/FreeRTOS/Source/tasks.c.obj
 .text.prvIdleTask
                0x08003958       0x28 CMakeFiles/test.elf.dir/Middlewares/Third_Party/FreeRTOS/Source/tasks.c.obj
 .text.prvAddCurrentTaskToDelayedList
                0x08003980       0x7c CMakeFiles/test.elf.dir/Middlewares/Third_Party/FreeRTOS/Source/tasks.c.obj
 .text.prvWriteNameToBuffer
                0x080039fc       0x22 CMakeFiles/test.elf.dir/Middlewares/Third_Party/FreeRTOS/Source/tasks.c.obj
 .text.xTaskCreateStatic
                0x08003a1e       0x7a CMakeFiles/test.elf.dir/Middlewares/Third_Party/FreeRTOS/Source/tasks.c.obj
                0x08003a1e                xTaskCreateStatic
 .text.xTaskCreate
                0x08003a98       0x66 CMakeFiles/test.elf.dir/Middlewares/Third_Party/FreeRTOS/Source/tasks.c.obj
                0x08003a98                xTaskCreate
 *fill*         0x08003afe        0x2 
 .text.eTaskGetState
                0x08003b00       0x90 CMakeFiles/test.elf.dir/Middlewares/Third_Party/FreeRTOS/Source/tasks.c.obj
                0x08003b00                eTaskGetState
 .text.vTaskStartScheduler
                0x08003b90       0xac CMakeFiles/test.elf.dir/Middlewares/Third_Party/FreeRTOS/Source/tasks.c.obj
                0x08003b90                vTaskStartScheduler
 .text.vTaskSuspendAll
                0x08003c3c       0x10 CMakeFiles/test.elf.dir/Middlewares/Third_Party/FreeRTOS/Source/tasks.c.obj
                0x08003c3c                vTaskSuspendAll
 .text.xTaskGetTickCount
                0x08003c4c        0xc CMakeFiles/test.elf.dir/Middlewares/Third_Party/FreeRTOS/Source/tasks.c.obj
                0x08003c4c                xTaskGetTickCount
 .text.xTaskGetTickCountFromISR
                0x08003c58       0x10 CMakeFiles/test.elf.dir/Middlewares/Third_Party/FreeRTOS/Source/tasks.c.obj
                0x08003c58                xTaskGetTickCountFromISR
 .text.xTaskIncrementTick
                0x08003c68      0x118 CMakeFiles/test.elf.dir/Middlewares/Third_Party/FreeRTOS/Source/tasks.c.obj
                0x08003c68                xTaskIncrementTick
 .text.xTaskResumeAll
                0x08003d80       0xf8 CMakeFiles/test.elf.dir/Middlewares/Third_Party/FreeRTOS/Source/tasks.c.obj
                0x08003d80                xTaskResumeAll
 .text.vTaskDelay
                0x08003e78       0x4c CMakeFiles/test.elf.dir/Middlewares/Third_Party/FreeRTOS/Source/tasks.c.obj
                0x08003e78                vTaskDelay
 .text.vTaskSwitchContext
                0x08003ec4       0xa4 CMakeFiles/test.elf.dir/Middlewares/Third_Party/FreeRTOS/Source/tasks.c.obj
                0x08003ec4                vTaskSwitchContext
 .text.vTaskPlaceOnEventList
                0x08003f68       0x30 CMakeFiles/test.elf.dir/Middlewares/Third_Party/FreeRTOS/Source/tasks.c.obj
                0x08003f68                vTaskPlaceOnEventList
 .text.vTaskPlaceOnEventListRestricted
                0x08003f98       0x38 CMakeFiles/test.elf.dir/Middlewares/Third_Party/FreeRTOS/Source/tasks.c.obj
                0x08003f98                vTaskPlaceOnEventListRestricted
 .text.xTaskRemoveFromEventList
                0x08003fd0       0x8c CMakeFiles/test.elf.dir/Middlewares/Third_Party/FreeRTOS/Source/tasks.c.obj
                0x08003fd0                xTaskRemoveFromEventList
 .text.vTaskInternalSetTimeOutState
                0x0800405c       0x18 CMakeFiles/test.elf.dir/Middlewares/Third_Party/FreeRTOS/Source/tasks.c.obj
                0x0800405c                vTaskInternalSetTimeOutState
 .text.xTaskCheckForTimeOut
                0x08004074       0x84 CMakeFiles/test.elf.dir/Middlewares/Third_Party/FreeRTOS/Source/tasks.c.obj
                0x08004074                xTaskCheckForTimeOut
 .text.vTaskMissedYield
                0x080040f8        0xc CMakeFiles/test.elf.dir/Middlewares/Third_Party/FreeRTOS/Source/tasks.c.obj
                0x080040f8                vTaskMissedYield
 .text.vTaskGetInfo
                0x08004104       0x78 CMakeFiles/test.elf.dir/Middlewares/Third_Party/FreeRTOS/Source/tasks.c.obj
                0x08004104                vTaskGetInfo
 .text.prvListTasksWithinSingleList
                0x0800417c       0x5e CMakeFiles/test.elf.dir/Middlewares/Third_Party/FreeRTOS/Source/tasks.c.obj
 *fill*         0x080041da        0x2 
 .text.uxTaskGetSystemState
                0x080041dc       0xb0 CMakeFiles/test.elf.dir/Middlewares/Third_Party/FreeRTOS/Source/tasks.c.obj
                0x080041dc                uxTaskGetSystemState
 .text.xTaskGetSchedulerState
                0x0800428c       0x20 CMakeFiles/test.elf.dir/Middlewares/Third_Party/FreeRTOS/Source/tasks.c.obj
                0x0800428c                xTaskGetSchedulerState
 .text.xTaskPriorityInherit
                0x080042ac       0x98 CMakeFiles/test.elf.dir/Middlewares/Third_Party/FreeRTOS/Source/tasks.c.obj
                0x080042ac                xTaskPriorityInherit
 .text.xTaskPriorityDisinherit
                0x08004344       0x90 CMakeFiles/test.elf.dir/Middlewares/Third_Party/FreeRTOS/Source/tasks.c.obj
                0x08004344                xTaskPriorityDisinherit
 .text.vTaskPriorityDisinheritAfterTimeout
                0x080043d4       0xa0 CMakeFiles/test.elf.dir/Middlewares/Third_Party/FreeRTOS/Source/tasks.c.obj
                0x080043d4                vTaskPriorityDisinheritAfterTimeout
 .text.vTaskList
                0x08004474       0xbc CMakeFiles/test.elf.dir/Middlewares/Third_Party/FreeRTOS/Source/tasks.c.obj
                0x08004474                vTaskList
 .text.pvTaskIncrementMutexHeldCount
                0x08004530       0x1c CMakeFiles/test.elf.dir/Middlewares/Third_Party/FreeRTOS/Source/tasks.c.obj
                0x08004530                pvTaskIncrementMutexHeldCount
 .text.prvGetNextExpireTime
                0x0800454c       0x20 CMakeFiles/test.elf.dir/Middlewares/Third_Party/FreeRTOS/Source/timers.c.obj
 .text.prvInsertTimerInActiveList
                0x0800456c       0x48 CMakeFiles/test.elf.dir/Middlewares/Third_Party/FreeRTOS/Source/timers.c.obj
 .text.prvCheckForValidListAndQueue
                0x080045b4       0x70 CMakeFiles/test.elf.dir/Middlewares/Third_Party/FreeRTOS/Source/timers.c.obj
 .text.xTimerCreateTimerTask
                0x08004624       0x64 CMakeFiles/test.elf.dir/Middlewares/Third_Party/FreeRTOS/Source/timers.c.obj
                0x08004624                xTimerCreateTimerTask
 .text.xTimerGenericCommand
                0x08004688       0x6c CMakeFiles/test.elf.dir/Middlewares/Third_Party/FreeRTOS/Source/timers.c.obj
                0x08004688                xTimerGenericCommand
 .text.prvSwitchTimerLists
                0x080046f4       0x7c CMakeFiles/test.elf.dir/Middlewares/Third_Party/FreeRTOS/Source/timers.c.obj
 .text.prvSampleTimeNow
                0x08004770       0x2c CMakeFiles/test.elf.dir/Middlewares/Third_Party/FreeRTOS/Source/timers.c.obj
 .text.prvProcessExpiredTimer
                0x0800479c       0x6c CMakeFiles/test.elf.dir/Middlewares/Third_Party/FreeRTOS/Source/timers.c.obj
 .text.prvProcessTimerOrBlockTask
                0x08004808       0x74 CMakeFiles/test.elf.dir/Middlewares/Third_Party/FreeRTOS/Source/timers.c.obj
 .text.prvProcessReceivedCommands
                0x0800487c      0x10c CMakeFiles/test.elf.dir/Middlewares/Third_Party/FreeRTOS/Source/timers.c.obj
 .text.prvTimerTask
                0x08004988       0x16 CMakeFiles/test.elf.dir/Middlewares/Third_Party/FreeRTOS/Source/timers.c.obj
 *fill*         0x0800499e        0x2 
 .text.HAL_Init
                0x080049a0       0x34 CMakeFiles/test.elf.dir/Drivers/STM32F4xx_HAL_Driver/Src/stm32f4xx_hal.c.obj
                0x080049a0                HAL_Init
 .text.HAL_IncTick
                0x080049d4       0x18 CMakeFiles/test.elf.dir/Drivers/STM32F4xx_HAL_Driver/Src/stm32f4xx_hal.c.obj
                0x080049d4                HAL_IncTick
 .text.HAL_GetTick
                0x080049ec        0xc CMakeFiles/test.elf.dir/Drivers/STM32F4xx_HAL_Driver/Src/stm32f4xx_hal.c.obj
                0x080049ec                HAL_GetTick
 .text.HAL_CAN_Init
                0x080049f8      0x14c CMakeFiles/test.elf.dir/Drivers/STM32F4xx_HAL_Driver/Src/stm32f4xx_hal_can.c.obj
                0x080049f8                HAL_CAN_Init
 .text.HAL_CAN_ConfigFilter
                0x08004b44      0x138 CMakeFiles/test.elf.dir/Drivers/STM32F4xx_HAL_Driver/Src/stm32f4xx_hal_can.c.obj
                0x08004b44                HAL_CAN_ConfigFilter
 .text.HAL_CAN_Start
                0x08004c7c       0x5c CMakeFiles/test.elf.dir/Drivers/STM32F4xx_HAL_Driver/Src/stm32f4xx_hal_can.c.obj
                0x08004c7c                HAL_CAN_Start
 .text.HAL_CAN_AddTxMessage
                0x08004cd8       0xfc CMakeFiles/test.elf.dir/Drivers/STM32F4xx_HAL_Driver/Src/stm32f4xx_hal_can.c.obj
                0x08004cd8                HAL_CAN_AddTxMessage
 .text.HAL_CAN_GetTxMailboxesFreeLevel
                0x08004dd4       0x32 CMakeFiles/test.elf.dir/Drivers/STM32F4xx_HAL_Driver/Src/stm32f4xx_hal_can.c.obj
                0x08004dd4                HAL_CAN_GetTxMailboxesFreeLevel
 .text.HAL_CAN_GetRxMessage
                0x08004e06      0x14a CMakeFiles/test.elf.dir/Drivers/STM32F4xx_HAL_Driver/Src/stm32f4xx_hal_can.c.obj
                0x08004e06                HAL_CAN_GetRxMessage
 .text.HAL_CAN_ActivateNotification
                0x08004f50       0x24 CMakeFiles/test.elf.dir/Drivers/STM32F4xx_HAL_Driver/Src/stm32f4xx_hal_can.c.obj
                0x08004f50                HAL_CAN_ActivateNotification
 .text.HAL_CAN_TxMailbox0AbortCallback
                0x08004f74        0x2 CMakeFiles/test.elf.dir/Drivers/STM32F4xx_HAL_Driver/Src/stm32f4xx_hal_can.c.obj
                0x08004f74                HAL_CAN_TxMailbox0AbortCallback
 .text.HAL_CAN_TxMailbox1AbortCallback
                0x08004f76        0x2 CMakeFiles/test.elf.dir/Drivers/STM32F4xx_HAL_Driver/Src/stm32f4xx_hal_can.c.obj
                0x08004f76                HAL_CAN_TxMailbox1AbortCallback
 .text.HAL_CAN_TxMailbox2AbortCallback
                0x08004f78        0x2 CMakeFiles/test.elf.dir/Drivers/STM32F4xx_HAL_Driver/Src/stm32f4xx_hal_can.c.obj
                0x08004f78                HAL_CAN_TxMailbox2AbortCallback
 .text.HAL_CAN_SleepCallback
                0x08004f7a        0x2 CMakeFiles/test.elf.dir/Drivers/STM32F4xx_HAL_Driver/Src/stm32f4xx_hal_can.c.obj
                0x08004f7a                HAL_CAN_SleepCallback
 .text.HAL_CAN_WakeUpFromRxMsgCallback
                0x08004f7c        0x2 CMakeFiles/test.elf.dir/Drivers/STM32F4xx_HAL_Driver/Src/stm32f4xx_hal_can.c.obj
                0x08004f7c                HAL_CAN_WakeUpFromRxMsgCallback
 .text.HAL_CAN_IRQHandler
                0x08004f7e      0x24a CMakeFiles/test.elf.dir/Drivers/STM32F4xx_HAL_Driver/Src/stm32f4xx_hal_can.c.obj
                0x08004f7e                HAL_CAN_IRQHandler
 .text.__NVIC_SetPriority
                0x080051c8       0x28 CMakeFiles/test.elf.dir/Drivers/STM32F4xx_HAL_Driver/Src/stm32f4xx_hal_cortex.c.obj
 .text.NVIC_EncodePriority
                0x080051f0       0x3e CMakeFiles/test.elf.dir/Drivers/STM32F4xx_HAL_Driver/Src/stm32f4xx_hal_cortex.c.obj
 *fill*         0x0800522e        0x2 
 .text.HAL_NVIC_SetPriorityGrouping
                0x08005230       0x24 CMakeFiles/test.elf.dir/Drivers/STM32F4xx_HAL_Driver/Src/stm32f4xx_hal_cortex.c.obj
                0x08005230                HAL_NVIC_SetPriorityGrouping
 .text.HAL_NVIC_SetPriority
                0x08005254       0x20 CMakeFiles/test.elf.dir/Drivers/STM32F4xx_HAL_Driver/Src/stm32f4xx_hal_cortex.c.obj
                0x08005254                HAL_NVIC_SetPriority
 .text.HAL_NVIC_EnableIRQ
                0x08005274       0x1c CMakeFiles/test.elf.dir/Drivers/STM32F4xx_HAL_Driver/Src/stm32f4xx_hal_cortex.c.obj
                0x08005274                HAL_NVIC_EnableIRQ
 .text.DMA_SetConfig
                0x08005290       0x2c CMakeFiles/test.elf.dir/Drivers/STM32F4xx_HAL_Driver/Src/stm32f4xx_hal_dma.c.obj
 .text.DMA_CalcBaseAndBitshift
                0x080052bc       0x44 CMakeFiles/test.elf.dir/Drivers/STM32F4xx_HAL_Driver/Src/stm32f4xx_hal_dma.c.obj
 .text.DMA_CheckFifoParam
                0x08005300       0x8e CMakeFiles/test.elf.dir/Drivers/STM32F4xx_HAL_Driver/Src/stm32f4xx_hal_dma.c.obj
 *fill*         0x0800538e        0x2 
 .text.HAL_DMA_Init
                0x08005390       0xcc CMakeFiles/test.elf.dir/Drivers/STM32F4xx_HAL_Driver/Src/stm32f4xx_hal_dma.c.obj
                0x08005390                HAL_DMA_Init
 .text.HAL_DMA_Start_IT
                0x0800545c       0x6a CMakeFiles/test.elf.dir/Drivers/STM32F4xx_HAL_Driver/Src/stm32f4xx_hal_dma.c.obj
                0x0800545c                HAL_DMA_Start_IT
 .text.HAL_DMA_Abort
                0x080054c6       0x94 CMakeFiles/test.elf.dir/Drivers/STM32F4xx_HAL_Driver/Src/stm32f4xx_hal_dma.c.obj
                0x080054c6                HAL_DMA_Abort
 .text.HAL_DMA_Abort_IT
                0x0800555a       0x26 CMakeFiles/test.elf.dir/Drivers/STM32F4xx_HAL_Driver/Src/stm32f4xx_hal_dma.c.obj
                0x0800555a                HAL_DMA_Abort_IT
 .text.HAL_DMA_IRQHandler
                0x08005580      0x1dc CMakeFiles/test.elf.dir/Drivers/STM32F4xx_HAL_Driver/Src/stm32f4xx_hal_dma.c.obj
                0x08005580                HAL_DMA_IRQHandler
 .text.HAL_DMA_GetState
                0x0800575c        0x6 CMakeFiles/test.elf.dir/Drivers/STM32F4xx_HAL_Driver/Src/stm32f4xx_hal_dma.c.obj
                0x0800575c                HAL_DMA_GetState
 *fill*         0x08005762        0x2 
 .text.HAL_GPIO_Init
                0x08005764      0x1ec CMakeFiles/test.elf.dir/Drivers/STM32F4xx_HAL_Driver/Src/stm32f4xx_hal_gpio.c.obj
                0x08005764                HAL_GPIO_Init
 .text.HAL_GPIO_WritePin
                0x08005950        0xc CMakeFiles/test.elf.dir/Drivers/STM32F4xx_HAL_Driver/Src/stm32f4xx_hal_gpio.c.obj
                0x08005950                HAL_GPIO_WritePin
 .text.HAL_GPIO_TogglePin
                0x0800595c       0x12 CMakeFiles/test.elf.dir/Drivers/STM32F4xx_HAL_Driver/Src/stm32f4xx_hal_gpio.c.obj
                0x0800595c                HAL_GPIO_TogglePin
 *fill*         0x0800596e        0x2 
 .text.HAL_RCC_OscConfig
                0x08005970      0x3f8 CMakeFiles/test.elf.dir/Drivers/STM32F4xx_HAL_Driver/Src/stm32f4xx_hal_rcc.c.obj
                0x08005970                HAL_RCC_OscConfig
 .text.HAL_RCC_GetSysClockFreq
                0x08005d68       0xdc CMakeFiles/test.elf.dir/Drivers/STM32F4xx_HAL_Driver/Src/stm32f4xx_hal_rcc.c.obj
                0x08005d68                HAL_RCC_GetSysClockFreq
 .text.HAL_RCC_ClockConfig
                0x08005e44      0x160 CMakeFiles/test.elf.dir/Drivers/STM32F4xx_HAL_Driver/Src/stm32f4xx_hal_rcc.c.obj
                0x08005e44                HAL_RCC_ClockConfig
 .text.HAL_RCC_GetHCLKFreq
                0x08005fa4        0xc CMakeFiles/test.elf.dir/Drivers/STM32F4xx_HAL_Driver/Src/stm32f4xx_hal_rcc.c.obj
                0x08005fa4                HAL_RCC_GetHCLKFreq
 .text.HAL_RCC_GetPCLK1Freq
                0x08005fb0       0x20 CMakeFiles/test.elf.dir/Drivers/STM32F4xx_HAL_Driver/Src/stm32f4xx_hal_rcc.c.obj
                0x08005fb0                HAL_RCC_GetPCLK1Freq
 .text.HAL_RCC_GetPCLK2Freq
                0x08005fd0       0x20 CMakeFiles/test.elf.dir/Drivers/STM32F4xx_HAL_Driver/Src/stm32f4xx_hal_rcc.c.obj
                0x08005fd0                HAL_RCC_GetPCLK2Freq
 .text.HAL_RCC_GetClockConfig
                0x08005ff0       0x3c CMakeFiles/test.elf.dir/Drivers/STM32F4xx_HAL_Driver/Src/stm32f4xx_hal_rcc.c.obj
                0x08005ff0                HAL_RCC_GetClockConfig
 .text.HAL_TIM_Base_MspInit
                0x0800602c        0x2 CMakeFiles/test.elf.dir/Drivers/STM32F4xx_HAL_Driver/Src/stm32f4xx_hal_tim.c.obj
                0x0800602c                HAL_TIM_Base_MspInit
 *fill*         0x0800602e        0x2 
 .text.HAL_TIM_Base_Start_IT
                0x08006030       0x88 CMakeFiles/test.elf.dir/Drivers/STM32F4xx_HAL_Driver/Src/stm32f4xx_hal_tim.c.obj
                0x08006030                HAL_TIM_Base_Start_IT
 .text.HAL_TIM_OC_DelayElapsedCallback
                0x080060b8        0x2 CMakeFiles/test.elf.dir/Drivers/STM32F4xx_HAL_Driver/Src/stm32f4xx_hal_tim.c.obj
                0x080060b8                HAL_TIM_OC_DelayElapsedCallback
 .text.HAL_TIM_IC_CaptureCallback
                0x080060ba        0x2 CMakeFiles/test.elf.dir/Drivers/STM32F4xx_HAL_Driver/Src/stm32f4xx_hal_tim.c.obj
                0x080060ba                HAL_TIM_IC_CaptureCallback
 .text.HAL_TIM_PWM_PulseFinishedCallback
                0x080060bc        0x2 CMakeFiles/test.elf.dir/Drivers/STM32F4xx_HAL_Driver/Src/stm32f4xx_hal_tim.c.obj
                0x080060bc                HAL_TIM_PWM_PulseFinishedCallback
 .text.HAL_TIM_TriggerCallback
                0x080060be        0x2 CMakeFiles/test.elf.dir/Drivers/STM32F4xx_HAL_Driver/Src/stm32f4xx_hal_tim.c.obj
                0x080060be                HAL_TIM_TriggerCallback
 .text.HAL_TIM_IRQHandler
                0x080060c0      0x17a CMakeFiles/test.elf.dir/Drivers/STM32F4xx_HAL_Driver/Src/stm32f4xx_hal_tim.c.obj
                0x080060c0                HAL_TIM_IRQHandler
 *fill*         0x0800623a        0x2 
 .text.TIM_Base_SetConfig
                0x0800623c       0xc8 CMakeFiles/test.elf.dir/Drivers/STM32F4xx_HAL_Driver/Src/stm32f4xx_hal_tim.c.obj
                0x0800623c                TIM_Base_SetConfig
 .text.HAL_TIM_Base_Init
                0x08006304       0x58 CMakeFiles/test.elf.dir/Drivers/STM32F4xx_HAL_Driver/Src/stm32f4xx_hal_tim.c.obj
                0x08006304                HAL_TIM_Base_Init
 .text.HAL_TIMEx_CommutCallback
                0x0800635c        0x2 CMakeFiles/test.elf.dir/Drivers/STM32F4xx_HAL_Driver/Src/stm32f4xx_hal_tim_ex.c.obj
                0x0800635c                HAL_TIMEx_CommutCallback
 .text.HAL_TIMEx_BreakCallback
                0x0800635e        0x2 CMakeFiles/test.elf.dir/Drivers/STM32F4xx_HAL_Driver/Src/stm32f4xx_hal_tim_ex.c.obj
                0x0800635e                HAL_TIMEx_BreakCallback
 .text.UART_EndTxTransfer
                0x08006360       0x20 CMakeFiles/test.elf.dir/Drivers/STM32F4xx_HAL_Driver/Src/stm32f4xx_hal_uart.c.obj
 .text.UART_EndRxTransfer
                0x08006380       0x5c CMakeFiles/test.elf.dir/Drivers/STM32F4xx_HAL_Driver/Src/stm32f4xx_hal_uart.c.obj
 .text.UART_Transmit_IT
                0x080063dc       0x60 CMakeFiles/test.elf.dir/Drivers/STM32F4xx_HAL_Driver/Src/stm32f4xx_hal_uart.c.obj
 .text.UART_SetConfig
                0x0800643c      0x110 CMakeFiles/test.elf.dir/Drivers/STM32F4xx_HAL_Driver/Src/stm32f4xx_hal_uart.c.obj
 .text.HAL_UART_Init
                0x0800654c       0x5e CMakeFiles/test.elf.dir/Drivers/STM32F4xx_HAL_Driver/Src/stm32f4xx_hal_uart.c.obj
                0x0800654c                HAL_UART_Init
 *fill*         0x080065aa        0x2 
 .text.HAL_UART_Transmit_DMA
                0x080065ac       0x9c CMakeFiles/test.elf.dir/Drivers/STM32F4xx_HAL_Driver/Src/stm32f4xx_hal_uart.c.obj
                0x080065ac                HAL_UART_Transmit_DMA
 .text.UART_DMATransmitCplt
                0x08006648       0x4c CMakeFiles/test.elf.dir/Drivers/STM32F4xx_HAL_Driver/Src/stm32f4xx_hal_uart.c.obj
 .text.UART_EndTransmit_IT
                0x08006694       0x1a CMakeFiles/test.elf.dir/Drivers/STM32F4xx_HAL_Driver/Src/stm32f4xx_hal_uart.c.obj
 .text.HAL_UART_TxHalfCpltCallback
                0x080066ae        0x2 CMakeFiles/test.elf.dir/Drivers/STM32F4xx_HAL_Driver/Src/stm32f4xx_hal_uart.c.obj
                0x080066ae                HAL_UART_TxHalfCpltCallback
 .text.UART_DMATxHalfCplt
                0x080066b0        0xa CMakeFiles/test.elf.dir/Drivers/STM32F4xx_HAL_Driver/Src/stm32f4xx_hal_uart.c.obj
 .text.HAL_UART_RxHalfCpltCallback
                0x080066ba        0x2 CMakeFiles/test.elf.dir/Drivers/STM32F4xx_HAL_Driver/Src/stm32f4xx_hal_uart.c.obj
                0x080066ba                HAL_UART_RxHalfCpltCallback
 .text.UART_DMAError
                0x080066bc       0x58 CMakeFiles/test.elf.dir/Drivers/STM32F4xx_HAL_Driver/Src/stm32f4xx_hal_uart.c.obj
 .text.UART_DMAAbortOnError
                0x08006714       0x10 CMakeFiles/test.elf.dir/Drivers/STM32F4xx_HAL_Driver/Src/stm32f4xx_hal_uart.c.obj
 .text.HAL_UARTEx_RxEventCallback
                0x08006724        0x2 CMakeFiles/test.elf.dir/Drivers/STM32F4xx_HAL_Driver/Src/stm32f4xx_hal_uart.c.obj
                0x08006724                HAL_UARTEx_RxEventCallback
 .text.UART_Receive_IT
                0x08006726       0xe2 CMakeFiles/test.elf.dir/Drivers/STM32F4xx_HAL_Driver/Src/stm32f4xx_hal_uart.c.obj
 .text.HAL_UART_IRQHandler
                0x08006808      0x27c CMakeFiles/test.elf.dir/Drivers/STM32F4xx_HAL_Driver/Src/stm32f4xx_hal_uart.c.obj
                0x08006808                HAL_UART_IRQHandler
 .text.UART_DMARxHalfCplt
                0x08006a84       0x1a CMakeFiles/test.elf.dir/Drivers/STM32F4xx_HAL_Driver/Src/stm32f4xx_hal_uart.c.obj
 .text.UART_DMAReceiveCplt
                0x08006a9e       0x96 CMakeFiles/test.elf.dir/Drivers/STM32F4xx_HAL_Driver/Src/stm32f4xx_hal_uart.c.obj
 .text.UART_Start_Receive_IT
                0x08006b34       0x3a CMakeFiles/test.elf.dir/Drivers/STM32F4xx_HAL_Driver/Src/stm32f4xx_hal_uart.c.obj
                0x08006b34                UART_Start_Receive_IT
 .text.HAL_UART_Receive_IT
                0x08006b6e       0x38 CMakeFiles/test.elf.dir/Drivers/STM32F4xx_HAL_Driver/Src/stm32f4xx_hal_uart.c.obj
                0x08006b6e                HAL_UART_Receive_IT
 *fill*         0x08006ba6        0x2 
 .text.UART_Start_Receive_DMA
                0x08006ba8       0xa8 CMakeFiles/test.elf.dir/Drivers/STM32F4xx_HAL_Driver/Src/stm32f4xx_hal_uart.c.obj
                0x08006ba8                UART_Start_Receive_DMA
 .text.HAL_UART_Receive_DMA
                0x08006c50       0x38 CMakeFiles/test.elf.dir/Drivers/STM32F4xx_HAL_Driver/Src/stm32f4xx_hal_uart.c.obj
                0x08006c50                HAL_UART_Receive_DMA
 .text.OSLIB_Init
                0x08006c88       0x34 CMakeFiles/test.elf.dir/oslib/oslib.c.obj
                0x08006c88                OSLIB_Init
 .text.OSLIB_CAN_Init
                0x08006cbc       0x6c CMakeFiles/test.elf.dir/oslib/port/stm32f407zg/oslib_can_port.c.obj
                0x08006cbc                OSLIB_CAN_Init
 .text.OSLIB_UART_Init
                0x08006d28       0x8c CMakeFiles/test.elf.dir/oslib/port/stm32f407zg/oslib_uart_port.c.obj
                0x08006d28                OSLIB_UART_Init
 .text.OSLIB_CAN_Handle_Get
                0x08006db4       0x18 CMakeFiles/test.elf.dir/oslib/can/oslib_can.c.obj
 .text.OSLIB_CAN_Handle_Register
                0x08006dcc       0x28 CMakeFiles/test.elf.dir/oslib/can/oslib_can.c.obj
 .text.HAL_CAN_TxMailbox0CompleteCallback
                0x08006df4       0x38 CMakeFiles/test.elf.dir/oslib/can/oslib_can.c.obj
                0x08006df4                HAL_CAN_TxMailbox0CompleteCallback
 .text.HAL_CAN_TxMailbox1CompleteCallback
                0x08006e2c       0x38 CMakeFiles/test.elf.dir/oslib/can/oslib_can.c.obj
                0x08006e2c                HAL_CAN_TxMailbox1CompleteCallback
 .text.HAL_CAN_TxMailbox2CompleteCallback
                0x08006e64       0x38 CMakeFiles/test.elf.dir/oslib/can/oslib_can.c.obj
                0x08006e64                HAL_CAN_TxMailbox2CompleteCallback
 .text.HAL_CAN_RxFifo0MsgPendingCallback
                0x08006e9c       0x58 CMakeFiles/test.elf.dir/oslib/can/oslib_can.c.obj
                0x08006e9c                HAL_CAN_RxFifo0MsgPendingCallback
 .text.HAL_CAN_RxFifo0FullCallback
                0x08006ef4        0x2 CMakeFiles/test.elf.dir/oslib/can/oslib_can.c.obj
                0x08006ef4                HAL_CAN_RxFifo0FullCallback
 .text.HAL_CAN_RxFifo1MsgPendingCallback
                0x08006ef6       0x5a CMakeFiles/test.elf.dir/oslib/can/oslib_can.c.obj
                0x08006ef6                HAL_CAN_RxFifo1MsgPendingCallback
 .text.HAL_CAN_RxFifo1FullCallback
                0x08006f50        0x2 CMakeFiles/test.elf.dir/oslib/can/oslib_can.c.obj
                0x08006f50                HAL_CAN_RxFifo1FullCallback
 *fill*         0x08006f52        0x2 
 .text.HAL_CAN_ErrorCallback
                0x08006f54       0x8c CMakeFiles/test.elf.dir/oslib/can/oslib_can.c.obj
                0x08006f54                HAL_CAN_ErrorCallback
 .text.OSLIB_CAN_Handle_Init
                0x08006fe0       0xa4 CMakeFiles/test.elf.dir/oslib/can/oslib_can.c.obj
                0x08006fe0                OSLIB_CAN_Handle_Init
 .text.OSLIB_CAN_SendMessage
                0x08007084       0x62 CMakeFiles/test.elf.dir/oslib/can/oslib_can.c.obj
                0x08007084                OSLIB_CAN_SendMessage
 *fill*         0x080070e6        0x2 
 .text.CAN_Dispatch_Task
                0x080070e8       0x90 CMakeFiles/test.elf.dir/oslib/can/oslib_can_dispatch.c.obj
 .text.OSLIB_CAN_List32FilterConfig
                0x08007178       0x78 CMakeFiles/test.elf.dir/oslib/can/oslib_can_dispatch.c.obj
 .text.OSLIB_CAN_List16FilterConfig
                0x080071f0       0x88 CMakeFiles/test.elf.dir/oslib/can/oslib_can_dispatch.c.obj
 .text.OSLIB_CAN_MaskFilterConfig
                0x08007278       0x78 CMakeFiles/test.elf.dir/oslib/can/oslib_can_dispatch.c.obj
 .text.OSLIB_CAN_Dispatch_Init
                0x080072f0      0x3ac CMakeFiles/test.elf.dir/oslib/can/oslib_can_dispatch.c.obj
                0x080072f0                OSLIB_CAN_Dispatch_Init
 .text.OSLIB_UART_Handle_Register
                0x0800769c       0x28 CMakeFiles/test.elf.dir/oslib/uart/oslib_uart.c.obj
 .text.OSLIB_UART_Handle_Get
                0x080076c4       0x18 CMakeFiles/test.elf.dir/oslib/uart/oslib_uart.c.obj
                0x080076c4                OSLIB_UART_Handle_Get
 .text.HAL_UART_TxCpltCallback
                0x080076dc       0x38 CMakeFiles/test.elf.dir/oslib/uart/oslib_uart.c.obj
                0x080076dc                HAL_UART_TxCpltCallback
 .text.HAL_UART_RxCpltCallback
                0x08007714       0x58 CMakeFiles/test.elf.dir/oslib/uart/oslib_uart.c.obj
                0x08007714                HAL_UART_RxCpltCallback
 .text.HAL_UART_ErrorCallback
                0x0800776c       0xe4 CMakeFiles/test.elf.dir/oslib/uart/oslib_uart.c.obj
                0x0800776c                HAL_UART_ErrorCallback
 .text.OSLIB_UART_RxIdleCallback
                0x08007850       0xb8 CMakeFiles/test.elf.dir/oslib/uart/oslib_uart.c.obj
                0x08007850                OSLIB_UART_RxIdleCallback
 .text.OSLIB_UART_Handle_DMA_Init
                0x08007908       0x68 CMakeFiles/test.elf.dir/oslib/uart/oslib_uart.c.obj
                0x08007908                OSLIB_UART_Handle_DMA_Init
 .text.OSLIB_UART_Printf
                0x08007970       0x88 CMakeFiles/test.elf.dir/oslib/uart/oslib_uart.c.obj
                0x08007970                OSLIB_UART_Printf
 .text.OSLIB_UART_SendData
                0x080079f8       0x78 CMakeFiles/test.elf.dir/oslib/uart/oslib_uart.c.obj
                0x080079f8                OSLIB_UART_SendData
 .text.OSLIB_UART_CLI_StrTok
                0x08007a70       0x5c CMakeFiles/test.elf.dir/oslib/uart/oslib_uart_cmd.c.obj
 .text.OSLIB_UART_CLI_CommandSplit
                0x08007acc       0x20 CMakeFiles/test.elf.dir/oslib/uart/oslib_uart_cmd.c.obj
 .text.Command_Help
                0x08007aec       0x14 CMakeFiles/test.elf.dir/oslib/uart/oslib_uart_cmd.c.obj
 .text._Command_Help
                0x08007b00       0x1c CMakeFiles/test.elf.dir/oslib/uart/oslib_uart_cmd.c.obj
 .text.OSLIB_UART_CLI_ProcessCommand
                0x08007b1c       0x5c CMakeFiles/test.elf.dir/oslib/uart/oslib_uart_cmd.c.obj
 .text.UART_CLI_Task
                0x08007b78       0x5c CMakeFiles/test.elf.dir/oslib/uart/oslib_uart_cmd.c.obj
 .text.OSLIB_UART_CLI_AddCommand
                0x08007bd4       0x24 CMakeFiles/test.elf.dir/oslib/uart/oslib_uart_cmd.c.obj
                0x08007bd4                OSLIB_UART_CLI_AddCommand
 .text.OSLIB_UART_CLI_Init
                0x08007bf8       0x78 CMakeFiles/test.elf.dir/oslib/uart/oslib_uart_cmd.c.obj
                0x08007bf8                OSLIB_UART_CLI_Init
 .text.cmpAtom  0x08007c70        0x8 CMakeFiles/test.elf.dir/oslib/utils/oslib_hash.c.obj
 .text.hashAtom
                0x08007c78        0x4 CMakeFiles/test.elf.dir/oslib/utils/oslib_hash.c.obj
 .text.freeKeyAtom
                0x08007c7c        0x2 CMakeFiles/test.elf.dir/oslib/utils/oslib_hash.c.obj
 .text.cmpStr   0x08007c7e        0xe CMakeFiles/test.elf.dir/oslib/utils/oslib_hash.c.obj
                0x08007c7e                cmpStr
 .text.hashStr  0x08007c8c       0x1a CMakeFiles/test.elf.dir/oslib/utils/oslib_hash.c.obj
                0x08007c8c                hashStr
 *fill*         0x08007ca6        0x2 
 .text.HashTable_create
                0x08007ca8       0x54 CMakeFiles/test.elf.dir/oslib/utils/oslib_hash.c.obj
                0x08007ca8                HashTable_create
 .text.HashTable_insert
                0x08007cfc       0xa8 CMakeFiles/test.elf.dir/oslib/utils/oslib_hash.c.obj
                0x08007cfc                HashTable_insert
 .text.HashTable_get
                0x08007da4       0x70 CMakeFiles/test.elf.dir/oslib/utils/oslib_hash.c.obj
                0x08007da4                HashTable_get
 .text.HashTable_map
                0x08007e14       0x7c CMakeFiles/test.elf.dir/oslib/utils/oslib_hash.c.obj
                0x08007e14                HashTable_map
 .text._GetAvailWriteSpace
                0x08007e90       0x18 CMakeFiles/test.elf.dir/oslib/debug/SEGGER_RTT.c.obj
 .text._WriteNoCheck
                0x08007ea8       0x4c CMakeFiles/test.elf.dir/oslib/debug/SEGGER_RTT.c.obj
 .text._WriteBlocking
                0x08007ef4       0x62 CMakeFiles/test.elf.dir/oslib/debug/SEGGER_RTT.c.obj
 *fill*         0x08007f56        0x2 
 .text._DoInit  0x08007f58       0x70 CMakeFiles/test.elf.dir/oslib/debug/SEGGER_RTT.c.obj
 .text.SEGGER_RTT_WriteNoLock
                0x08007fc8       0x6c CMakeFiles/test.elf.dir/oslib/debug/SEGGER_RTT.c.obj
                0x08007fc8                SEGGER_RTT_WriteNoLock
 .text.SEGGER_RTT_Write
                0x08008034       0x34 CMakeFiles/test.elf.dir/oslib/debug/SEGGER_RTT.c.obj
                0x08008034                SEGGER_RTT_Write
 .text._StoreChar
                0x08008068       0x40 CMakeFiles/test.elf.dir/oslib/debug/SEGGER_RTT_printf.c.obj
 .text._PrintUnsigned
                0x080080a8       0xe0 CMakeFiles/test.elf.dir/oslib/debug/SEGGER_RTT_printf.c.obj
 .text._PrintInt
                0x08008188       0xea CMakeFiles/test.elf.dir/oslib/debug/SEGGER_RTT_printf.c.obj
 *fill*         0x08008272        0x2 
 .text.SEGGER_RTT_vprintf
                0x08008274      0x1f0 CMakeFiles/test.elf.dir/oslib/debug/SEGGER_RTT_printf.c.obj
                0x08008274                SEGGER_RTT_vprintf
 .text.SEGGER_RTT_printf
                0x08008464       0x1e CMakeFiles/test.elf.dir/oslib/debug/SEGGER_RTT_printf.c.obj
                0x08008464                SEGGER_RTT_printf
 *fill*         0x08008482        0x2 
 .text.OSLIB_Elog_Init
                0x08008484       0x58 CMakeFiles/test.elf.dir/oslib/components/easylogger/port/elog_port.c.obj
                0x08008484                OSLIB_Elog_Init
 .text.elog_port_init
                0x080084dc       0x40 CMakeFiles/test.elf.dir/oslib/components/easylogger/port/elog_port.c.obj
                0x080084dc                elog_port_init
 .text.elog_port_output
                0x0800851c       0x14 CMakeFiles/test.elf.dir/oslib/components/easylogger/port/elog_port.c.obj
                0x0800851c                elog_port_output
 .text.StartElogTask
                0x08008530       0x3c CMakeFiles/test.elf.dir/oslib/components/easylogger/port/elog_port.c.obj
                0x08008530                StartElogTask
 .text.elog_port_async_lock
                0x0800856c       0x18 CMakeFiles/test.elf.dir/oslib/components/easylogger/port/elog_port.c.obj
                0x0800856c                elog_port_async_lock
 .text.elog_port_async_unlock
                0x08008584       0x10 CMakeFiles/test.elf.dir/oslib/components/easylogger/port/elog_port.c.obj
                0x08008584                elog_port_async_unlock
 .text.elog_port_output_lock
                0x08008594       0x18 CMakeFiles/test.elf.dir/oslib/components/easylogger/port/elog_port.c.obj
                0x08008594                elog_port_output_lock
 .text.elog_port_output_unlock
                0x080085ac       0x10 CMakeFiles/test.elf.dir/oslib/components/easylogger/port/elog_port.c.obj
                0x080085ac                elog_port_output_unlock
 .text.elog_port_get_time
                0x080085bc       0x20 CMakeFiles/test.elf.dir/oslib/components/easylogger/port/elog_port.c.obj
                0x080085bc                elog_port_get_time
 .text.elog_port_get_p_info
                0x080085dc        0x8 CMakeFiles/test.elf.dir/oslib/components/easylogger/port/elog_port.c.obj
                0x080085dc                elog_port_get_p_info
 .text.elog_port_get_t_info
                0x080085e4        0x8 CMakeFiles/test.elf.dir/oslib/components/easylogger/port/elog_port.c.obj
                0x080085e4                elog_port_get_t_info
 .text.elog_async_output_notice
                0x080085ec       0x1c CMakeFiles/test.elf.dir/oslib/components/easylogger/port/elog_port.c.obj
                0x080085ec                elog_async_output_notice
 .text.Command_Log_SetTagFiltLVL
                0x08008608       0xe4 CMakeFiles/test.elf.dir/oslib/components/easylogger/port/elog_cmd.c.obj
 .text.Command_Log_SetFiltLVL
                0x080086ec       0xd4 CMakeFiles/test.elf.dir/oslib/components/easylogger/port/elog_cmd.c.obj
 .text.Command_Log_ColorEnable
                0x080087c0       0x5c CMakeFiles/test.elf.dir/oslib/components/easylogger/port/elog_cmd.c.obj
 .text.Command_Log_OutPutEnable
                0x0800881c       0x5c CMakeFiles/test.elf.dir/oslib/components/easylogger/port/elog_cmd.c.obj
 .text.OSLIB_UART_CLI_AddElogCMD
                0x08008878       0x64 CMakeFiles/test.elf.dir/oslib/components/easylogger/port/elog_cmd.c.obj
                0x08008878                OSLIB_UART_CLI_AddElogCMD
 .text.elog_set_filter_tag_lvl_default
                0x080088dc       0x48 CMakeFiles/test.elf.dir/oslib/components/easylogger/src/elog.c.obj
 .text.elog_set_output_enabled
                0x08008924        0xc CMakeFiles/test.elf.dir/oslib/components/easylogger/src/elog.c.obj
                0x08008924                elog_set_output_enabled
 .text.elog_set_text_color_enabled
                0x08008930        0xc CMakeFiles/test.elf.dir/oslib/components/easylogger/src/elog.c.obj
                0x08008930                elog_set_text_color_enabled
 .text.elog_output_lock
                0x0800893c       0x28 CMakeFiles/test.elf.dir/oslib/components/easylogger/src/elog.c.obj
                0x0800893c                elog_output_lock
 .text.elog_output_unlock
                0x08008964       0x28 CMakeFiles/test.elf.dir/oslib/components/easylogger/src/elog.c.obj
                0x08008964                elog_output_unlock
 .text.elog_output
                0x0800898c      0x394 CMakeFiles/test.elf.dir/oslib/components/easylogger/src/elog.c.obj
                0x0800898c                elog_output
 .text.elog_start
                0x08008d20       0x50 CMakeFiles/test.elf.dir/oslib/components/easylogger/src/elog.c.obj
                0x08008d20                elog_start
 .text.elog_set_fmt
                0x08008d70       0x68 CMakeFiles/test.elf.dir/oslib/components/easylogger/src/elog.c.obj
                0x08008d70                elog_set_fmt
 .text.elog_set_filter_lvl
                0x08008dd8       0x60 CMakeFiles/test.elf.dir/oslib/components/easylogger/src/elog.c.obj
                0x08008dd8                elog_set_filter_lvl
 .text.elog_set_filter_tag_lvl
                0x08008e38      0x174 CMakeFiles/test.elf.dir/oslib/components/easylogger/src/elog.c.obj
                0x08008e38                elog_set_filter_tag_lvl
 .text.elog_get_filter_tag_lvl
                0x08008fac       0xb4 CMakeFiles/test.elf.dir/oslib/components/easylogger/src/elog.c.obj
                0x08008fac                elog_get_filter_tag_lvl
 .text.get_fmt_enabled
                0x08009060       0x70 CMakeFiles/test.elf.dir/oslib/components/easylogger/src/elog.c.obj
 .text.elog_output_lock_enabled
                0x080090d0       0x34 CMakeFiles/test.elf.dir/oslib/components/easylogger/src/elog.c.obj
                0x080090d0                elog_output_lock_enabled
 .text.elog_init
                0x08009104       0x54 CMakeFiles/test.elf.dir/oslib/components/easylogger/src/elog.c.obj
                0x08009104                elog_init
 .text.elog_async_get_buf_used
                0x08009158       0x40 CMakeFiles/test.elf.dir/oslib/components/easylogger/src/elog_async.c.obj
 .text.async_get_buf_space
                0x08009198        0xc CMakeFiles/test.elf.dir/oslib/components/easylogger/src/elog_async.c.obj
 .text.elog_async_lock
                0x080091a4        0x8 CMakeFiles/test.elf.dir/oslib/components/easylogger/src/elog_async.c.obj
                0x080091a4                elog_async_lock
 .text.elog_async_unlock
                0x080091ac        0x8 CMakeFiles/test.elf.dir/oslib/components/easylogger/src/elog_async.c.obj
                0x080091ac                elog_async_unlock
 .text.async_put_log
                0x080091b4       0x84 CMakeFiles/test.elf.dir/oslib/components/easylogger/src/elog_async.c.obj
 .text.elog_async_get_log
                0x08009238       0x8c CMakeFiles/test.elf.dir/oslib/components/easylogger/src/elog_async.c.obj
                0x08009238                elog_async_get_log
 .text.elog_async_output
                0x080092c4       0x28 CMakeFiles/test.elf.dir/oslib/components/easylogger/src/elog_async.c.obj
                0x080092c4                elog_async_output
 .text.elog_async_enabled
                0x080092ec        0xc CMakeFiles/test.elf.dir/oslib/components/easylogger/src/elog_async.c.obj
                0x080092ec                elog_async_enabled
 .text.elog_async_init
                0x080092f8       0x14 CMakeFiles/test.elf.dir/oslib/components/easylogger/src/elog_async.c.obj
                0x080092f8                elog_async_init
 .text.elog_strcpy
                0x0800930c       0xac CMakeFiles/test.elf.dir/oslib/components/easylogger/src/elog_utils.c.obj
                0x0800930c                elog_strcpy
 .text.CanCallback_EchoID
                0x080093b8       0x18 CMakeFiles/test.elf.dir/oslib/example/can_func.c.obj
 .text.Command_CanSend
                0x080093d0       0x84 CMakeFiles/test.elf.dir/oslib/example/cmd_func.c.obj
 .text.Command_Echo
                0x08009454       0x24 CMakeFiles/test.elf.dir/oslib/example/cmd_func.c.obj
 .text.Command_Hello
                0x08009478       0x10 CMakeFiles/test.elf.dir/oslib/example/cmd_func.c.obj
 .text.Command_Task
                0x08009488       0x3c CMakeFiles/test.elf.dir/oslib/example/cmd_func.c.obj
 .text.DJIBoard_MotorOn
                0x080094c4       0x24 CMakeFiles/test.elf.dir/BUPT_RobotTeam_Libraries/MotorLib/dji_boardv2_can.c.obj
                0x080094c4                DJIBoard_MotorOn
 .text.DJIBoard_VelCfg
                0x080094e8       0x24 CMakeFiles/test.elf.dir/BUPT_RobotTeam_Libraries/MotorLib/dji_boardv2_can.c.obj
                0x080094e8                DJIBoard_VelCfg
 .text.DJIBoard_VelCtrl
                0x0800950c       0x22 CMakeFiles/test.elf.dir/BUPT_RobotTeam_Libraries/MotorLib/dji_boardv2_can.c.obj
                0x0800950c                DJIBoard_VelCtrl
 *fill*         0x0800952e        0x2 
 .text.__udivmoddi4
                0x08009530      0x2bc c:/progra~2/armgnu~1/12977f~1.2mp/bin/../lib/gcc/arm-none-eabi/12.2.1/thumb/v7e-m+fp/hard\libgcc.a(_udivmoddi4.o)
                0x08009530                __udivmoddi4
 .text.selfrel_offset31
                0x080097ec       0x14 c:/progra~2/armgnu~1/12977f~1.2mp/bin/../lib/gcc/arm-none-eabi/12.2.1/thumb/v7e-m+fp/hard\libgcc.a(unwind-arm.o)
 .text.search_EIT_table
                0x08009800       0x64 c:/progra~2/armgnu~1/12977f~1.2mp/bin/../lib/gcc/arm-none-eabi/12.2.1/thumb/v7e-m+fp/hard\libgcc.a(unwind-arm.o)
 .text.__gnu_unwind_get_pr_addr
                0x08009864       0x28 c:/progra~2/armgnu~1/12977f~1.2mp/bin/../lib/gcc/arm-none-eabi/12.2.1/thumb/v7e-m+fp/hard\libgcc.a(unwind-arm.o)
 .text.get_eit_entry
                0x0800988c       0x94 c:/progra~2/armgnu~1/12977f~1.2mp/bin/../lib/gcc/arm-none-eabi/12.2.1/thumb/v7e-m+fp/hard\libgcc.a(unwind-arm.o)
 .text.restore_non_core_regs
                0x08009920       0x58 c:/progra~2/armgnu~1/12977f~1.2mp/bin/../lib/gcc/arm-none-eabi/12.2.1/thumb/v7e-m+fp/hard\libgcc.a(unwind-arm.o)
 .text._Unwind_decode_typeinfo_ptr.constprop.0
                0x08009978        0xc c:/progra~2/armgnu~1/12977f~1.2mp/bin/../lib/gcc/arm-none-eabi/12.2.1/thumb/v7e-m+fp/hard\libgcc.a(unwind-arm.o)
 .text._Unwind_DebugHook
                0x08009984        0x4 c:/progra~2/armgnu~1/12977f~1.2mp/bin/../lib/gcc/arm-none-eabi/12.2.1/thumb/v7e-m+fp/hard\libgcc.a(unwind-arm.o)
 .text.unwind_phase2
                0x08009988       0x38 c:/progra~2/armgnu~1/12977f~1.2mp/bin/../lib/gcc/arm-none-eabi/12.2.1/thumb/v7e-m+fp/hard\libgcc.a(unwind-arm.o)
 .text.unwind_phase2_forced
                0x080099c0       0xd4 c:/progra~2/armgnu~1/12977f~1.2mp/bin/../lib/gcc/arm-none-eabi/12.2.1/thumb/v7e-m+fp/hard\libgcc.a(unwind-arm.o)
 .text.__gnu_Unwind_RaiseException
                0x08009a94       0x68 c:/progra~2/armgnu~1/12977f~1.2mp/bin/../lib/gcc/arm-none-eabi/12.2.1/thumb/v7e-m+fp/hard\libgcc.a(unwind-arm.o)
                0x08009a94                __gnu_Unwind_RaiseException
 .text.__gnu_Unwind_ForcedUnwind
                0x08009afc       0x10 c:/progra~2/armgnu~1/12977f~1.2mp/bin/../lib/gcc/arm-none-eabi/12.2.1/thumb/v7e-m+fp/hard\libgcc.a(unwind-arm.o)
                0x08009afc                __gnu_Unwind_ForcedUnwind
 .text.__gnu_Unwind_Resume
                0x08009b0c       0x40 c:/progra~2/armgnu~1/12977f~1.2mp/bin/../lib/gcc/arm-none-eabi/12.2.1/thumb/v7e-m+fp/hard\libgcc.a(unwind-arm.o)
                0x08009b0c                __gnu_Unwind_Resume
 .text.__gnu_Unwind_Resume_or_Rethrow
                0x08009b4c       0x14 c:/progra~2/armgnu~1/12977f~1.2mp/bin/../lib/gcc/arm-none-eabi/12.2.1/thumb/v7e-m+fp/hard\libgcc.a(unwind-arm.o)
                0x08009b4c                __gnu_Unwind_Resume_or_Rethrow
 .text._Unwind_VRS_Get
                0x08009b60       0x34 c:/progra~2/armgnu~1/12977f~1.2mp/bin/../lib/gcc/arm-none-eabi/12.2.1/thumb/v7e-m+fp/hard\libgcc.a(unwind-arm.o)
                0x08009b60                _Unwind_VRS_Get
 .text._Unwind_GetGR
                0x08009b94       0x1c c:/progra~2/armgnu~1/12977f~1.2mp/bin/../lib/gcc/arm-none-eabi/12.2.1/thumb/v7e-m+fp/hard\libgcc.a(unwind-arm.o)
 .text._Unwind_VRS_Set
                0x08009bb0       0x34 c:/progra~2/armgnu~1/12977f~1.2mp/bin/../lib/gcc/arm-none-eabi/12.2.1/thumb/v7e-m+fp/hard\libgcc.a(unwind-arm.o)
                0x08009bb0                _Unwind_VRS_Set
 .text._Unwind_SetGR
                0x08009be4       0x18 c:/progra~2/armgnu~1/12977f~1.2mp/bin/../lib/gcc/arm-none-eabi/12.2.1/thumb/v7e-m+fp/hard\libgcc.a(unwind-arm.o)
 .text.__gnu_Unwind_Backtrace
                0x08009bfc       0x84 c:/progra~2/armgnu~1/12977f~1.2mp/bin/../lib/gcc/arm-none-eabi/12.2.1/thumb/v7e-m+fp/hard\libgcc.a(unwind-arm.o)
                0x08009bfc                __gnu_Unwind_Backtrace
 .text.__gnu_unwind_pr_common
                0x08009c80      0x298 c:/progra~2/armgnu~1/12977f~1.2mp/bin/../lib/gcc/arm-none-eabi/12.2.1/thumb/v7e-m+fp/hard\libgcc.a(unwind-arm.o)
 .text.__aeabi_unwind_cpp_pr0
                0x08009f18        0x8 c:/progra~2/armgnu~1/12977f~1.2mp/bin/../lib/gcc/arm-none-eabi/12.2.1/thumb/v7e-m+fp/hard\libgcc.a(unwind-arm.o)
                0x08009f18                __aeabi_unwind_cpp_pr0
 .text.__aeabi_unwind_cpp_pr1
                0x08009f20        0x8 c:/progra~2/armgnu~1/12977f~1.2mp/bin/../lib/gcc/arm-none-eabi/12.2.1/thumb/v7e-m+fp/hard\libgcc.a(unwind-arm.o)
                0x08009f20                __aeabi_unwind_cpp_pr1
 .text.__aeabi_unwind_cpp_pr2
                0x08009f28        0x8 c:/progra~2/armgnu~1/12977f~1.2mp/bin/../lib/gcc/arm-none-eabi/12.2.1/thumb/v7e-m+fp/hard\libgcc.a(unwind-arm.o)
                0x08009f28                __aeabi_unwind_cpp_pr2
 .text._Unwind_VRS_Pop
                0x08009f30      0x2f4 c:/progra~2/armgnu~1/12977f~1.2mp/bin/../lib/gcc/arm-none-eabi/12.2.1/thumb/v7e-m+fp/hard\libgcc.a(unwind-arm.o)
                0x08009f30                _Unwind_VRS_Pop
 .text.next_unwind_byte
                0x0800a224       0x38 c:/progra~2/armgnu~1/12977f~1.2mp/bin/../lib/gcc/arm-none-eabi/12.2.1/thumb/v7e-m+fp/hard\libgcc.a(pr-support.o)
 .text.__gnu_unwind_execute
                0x0800a25c      0x2fc c:/progra~2/armgnu~1/12977f~1.2mp/bin/../lib/gcc/arm-none-eabi/12.2.1/thumb/v7e-m+fp/hard\libgcc.a(pr-support.o)
                0x0800a25c                __gnu_unwind_execute
 .text.abort    0x0800a558       0x10 c:/progra~2/armgnu~1/12977f~1.2mp/bin/../lib/gcc/arm-none-eabi/12.2.1/thumb/v7e-m+fp/hard\libg.a(libc_a-abort.o)
                0x0800a558                abort
 .text.__assert_func
                0x0800a568       0x40 c:/progra~2/armgnu~1/12977f~1.2mp/bin/../lib/gcc/arm-none-eabi/12.2.1/thumb/v7e-m+fp/hard\libg.a(libc_a-assert.o)
                0x0800a568                __assert_func
 .text.atoi     0x0800a5a8        0x8 c:/progra~2/armgnu~1/12977f~1.2mp/bin/../lib/gcc/arm-none-eabi/12.2.1/thumb/v7e-m+fp/hard\libg.a(libc_a-atoi.o)
                0x0800a5a8                atoi
 .text._strtol_l.constprop.0
                0x0800a5b0      0x138 c:/progra~2/armgnu~1/12977f~1.2mp/bin/../lib/gcc/arm-none-eabi/12.2.1/thumb/v7e-m+fp/hard\libg.a(libc_a-strtol.o)
 .text.strtol   0x0800a6e8       0x1c c:/progra~2/armgnu~1/12977f~1.2mp/bin/../lib/gcc/arm-none-eabi/12.2.1/thumb/v7e-m+fp/hard\libg.a(libc_a-strtol.o)
                0x0800a6e8                strtol
 .text.fiprintf
                0x0800a704       0x28 c:/progra~2/armgnu~1/12977f~1.2mp/bin/../lib/gcc/arm-none-eabi/12.2.1/thumb/v7e-m+fp/hard\libg.a(libc_a-fiprintf.o)
                0x0800a704                fiprintf
 .text.__sprint_r.part.0
                0x0800a72c       0x78 c:/progra~2/armgnu~1/12977f~1.2mp/bin/../lib/gcc/arm-none-eabi/12.2.1/thumb/v7e-m+fp/hard\libg.a(libc_a-vfiprintf.o)
 .text._vfiprintf_r
                0x0800a7a4      0xfa8 c:/progra~2/armgnu~1/12977f~1.2mp/bin/../lib/gcc/arm-none-eabi/12.2.1/thumb/v7e-m+fp/hard\libg.a(libc_a-vfiprintf.o)
                0x0800a7a4                _vfiprintf_r
 .text.__sbprintf
                0x0800b74c       0x80 c:/progra~2/armgnu~1/12977f~1.2mp/bin/../lib/gcc/arm-none-eabi/12.2.1/thumb/v7e-m+fp/hard\libg.a(libc_a-vfiprintf.o)
 .text.__sflush_r
                0x0800b7cc      0x138 c:/progra~2/armgnu~1/12977f~1.2mp/bin/../lib/gcc/arm-none-eabi/12.2.1/thumb/v7e-m+fp/hard\libg.a(libc_a-fflush.o)
                0x0800b7cc                __sflush_r
 .text._fflush_r
                0x0800b904       0x54 c:/progra~2/armgnu~1/12977f~1.2mp/bin/../lib/gcc/arm-none-eabi/12.2.1/thumb/v7e-m+fp/hard\libg.a(libc_a-fflush.o)
                0x0800b904                _fflush_r
 .text.stdio_exit_handler
                0x0800b958       0x18 c:/progra~2/armgnu~1/12977f~1.2mp/bin/../lib/gcc/arm-none-eabi/12.2.1/thumb/v7e-m+fp/hard\libg.a(libc_a-findfp.o)
 .text.cleanup_stdio
                0x0800b970       0x40 c:/progra~2/armgnu~1/12977f~1.2mp/bin/../lib/gcc/arm-none-eabi/12.2.1/thumb/v7e-m+fp/hard\libg.a(libc_a-findfp.o)
 .text.global_stdio_init.part.0
                0x0800b9b0       0xf0 c:/progra~2/armgnu~1/12977f~1.2mp/bin/../lib/gcc/arm-none-eabi/12.2.1/thumb/v7e-m+fp/hard\libg.a(libc_a-findfp.o)
 .text.__sinit  0x0800baa0       0x3c c:/progra~2/armgnu~1/12977f~1.2mp/bin/../lib/gcc/arm-none-eabi/12.2.1/thumb/v7e-m+fp/hard\libg.a(libc_a-findfp.o)
                0x0800baa0                __sinit
 .text.__sfp_lock_acquire
                0x0800badc        0xc c:/progra~2/armgnu~1/12977f~1.2mp/bin/../lib/gcc/arm-none-eabi/12.2.1/thumb/v7e-m+fp/hard\libg.a(libc_a-findfp.o)
                0x0800badc                __sfp_lock_acquire
 .text.__sfp_lock_release
                0x0800bae8        0xc c:/progra~2/armgnu~1/12977f~1.2mp/bin/../lib/gcc/arm-none-eabi/12.2.1/thumb/v7e-m+fp/hard\libg.a(libc_a-findfp.o)
                0x0800bae8                __sfp_lock_release
 .text.__sfvwrite_r
                0x0800baf4      0x300 c:/progra~2/armgnu~1/12977f~1.2mp/bin/../lib/gcc/arm-none-eabi/12.2.1/thumb/v7e-m+fp/hard\libg.a(libc_a-fvwrite.o)
                0x0800baf4                __sfvwrite_r
 .text._fwalk_sglue
                0x0800bdf4       0x48 c:/progra~2/armgnu~1/12977f~1.2mp/bin/../lib/gcc/arm-none-eabi/12.2.1/thumb/v7e-m+fp/hard\libg.a(libc_a-fwalk.o)
                0x0800bdf4                _fwalk_sglue
 .text.snprintf
                0x0800be3c       0x88 c:/progra~2/armgnu~1/12977f~1.2mp/bin/../lib/gcc/arm-none-eabi/12.2.1/thumb/v7e-m+fp/hard\libg.a(libc_a-snprintf.o)
                0x0800be3c                snprintf
 .text.sprintf  0x0800bec4       0x40 c:/progra~2/armgnu~1/12977f~1.2mp/bin/../lib/gcc/arm-none-eabi/12.2.1/thumb/v7e-m+fp/hard\libg.a(libc_a-sprintf.o)
                0x0800bec4                sprintf
 .text.__sread  0x0800bf04       0x24 c:/progra~2/armgnu~1/12977f~1.2mp/bin/../lib/gcc/arm-none-eabi/12.2.1/thumb/v7e-m+fp/hard\libg.a(libc_a-stdio.o)
                0x0800bf04                __sread
 .text.__swrite
                0x0800bf28       0x40 c:/progra~2/armgnu~1/12977f~1.2mp/bin/../lib/gcc/arm-none-eabi/12.2.1/thumb/v7e-m+fp/hard\libg.a(libc_a-stdio.o)
                0x0800bf28                __swrite
 .text.__sseek  0x0800bf68       0x24 c:/progra~2/armgnu~1/12977f~1.2mp/bin/../lib/gcc/arm-none-eabi/12.2.1/thumb/v7e-m+fp/hard\libg.a(libc_a-stdio.o)
                0x0800bf68                __sseek
 .text.__sclose
                0x0800bf8c        0x8 c:/progra~2/armgnu~1/12977f~1.2mp/bin/../lib/gcc/arm-none-eabi/12.2.1/thumb/v7e-m+fp/hard\libg.a(libc_a-stdio.o)
                0x0800bf8c                __sclose
 .text.vsnprintf
                0x0800bf94       0x70 c:/progra~2/armgnu~1/12977f~1.2mp/bin/../lib/gcc/arm-none-eabi/12.2.1/thumb/v7e-m+fp/hard\libg.a(libc_a-vsnprintf.o)
                0x0800bf94                vsnprintf
 .text.__swsetup_r
                0x0800c004       0xc0 c:/progra~2/armgnu~1/12977f~1.2mp/bin/../lib/gcc/arm-none-eabi/12.2.1/thumb/v7e-m+fp/hard\libg.a(libc_a-wsetup.o)
                0x0800c004                __swsetup_r
 .text.__fputwc
                0x0800c0c4       0x7c c:/progra~2/armgnu~1/12977f~1.2mp/bin/../lib/gcc/arm-none-eabi/12.2.1/thumb/v7e-m+fp/hard\libg.a(libc_a-fputwc.o)
                0x0800c0c4                __fputwc
 .text._fputwc_r
                0x0800c140       0x60 c:/progra~2/armgnu~1/12977f~1.2mp/bin/../lib/gcc/arm-none-eabi/12.2.1/thumb/v7e-m+fp/hard\libg.a(libc_a-fputwc.o)
                0x0800c140                _fputwc_r
 .text.memmove  0x0800c1a0      0x100 c:/progra~2/armgnu~1/12977f~1.2mp/bin/../lib/gcc/arm-none-eabi/12.2.1/thumb/v7e-m+fp/hard\libg.a(libc_a-memmove.o)
                0x0800c1a0                memmove
 .text.memset   0x0800c2a0       0xa4 c:/progra~2/armgnu~1/12977f~1.2mp/bin/../lib/gcc/arm-none-eabi/12.2.1/thumb/v7e-m+fp/hard\libg.a(libc_a-memset.o)
                0x0800c2a0                memset
 .text.strncmp  0x0800c344       0x84 c:/progra~2/armgnu~1/12977f~1.2mp/bin/../lib/gcc/arm-none-eabi/12.2.1/thumb/v7e-m+fp/hard\libg.a(libc_a-strncmp.o)
                0x0800c344                strncmp
 .text.strncpy  0x0800c3c8       0x68 c:/progra~2/armgnu~1/12977f~1.2mp/bin/../lib/gcc/arm-none-eabi/12.2.1/thumb/v7e-m+fp/hard\libg.a(libc_a-strncpy.o)
                0x0800c3c8                strncpy
 .text.critical_factorization
                0x0800c430       0xc8 c:/progra~2/armgnu~1/12977f~1.2mp/bin/../lib/gcc/arm-none-eabi/12.2.1/thumb/v7e-m+fp/hard\libg.a(libc_a-strstr.o)
 .text.two_way_long_needle
                0x0800c4f8      0x200 c:/progra~2/armgnu~1/12977f~1.2mp/bin/../lib/gcc/arm-none-eabi/12.2.1/thumb/v7e-m+fp/hard\libg.a(libc_a-strstr.o)
 .text.strstr   0x0800c6f8      0x16c c:/progra~2/armgnu~1/12977f~1.2mp/bin/../lib/gcc/arm-none-eabi/12.2.1/thumb/v7e-m+fp/hard\libg.a(libc_a-strstr.o)
                0x0800c6f8                strstr
 .text.raise    0x0800c864       0x58 c:/progra~2/armgnu~1/12977f~1.2mp/bin/../lib/gcc/arm-none-eabi/12.2.1/thumb/v7e-m+fp/hard\libg.a(libc_a-signal.o)
                0x0800c864                raise
 .text.__locale_mb_cur_max
                0x0800c8bc        0xc c:/progra~2/armgnu~1/12977f~1.2mp/bin/../lib/gcc/arm-none-eabi/12.2.1/thumb/v7e-m+fp/hard\libg.a(libc_a-locale.o)
                0x0800c8bc                __locale_mb_cur_max
 .text._localeconv_r
                0x0800c8c8        0x8 c:/progra~2/armgnu~1/12977f~1.2mp/bin/../lib/gcc/arm-none-eabi/12.2.1/thumb/v7e-m+fp/hard\libg.a(libc_a-localeconv.o)
                0x0800c8c8                _localeconv_r
 .text._close_r
                0x0800c8d0       0x24 c:/progra~2/armgnu~1/12977f~1.2mp/bin/../lib/gcc/arm-none-eabi/12.2.1/thumb/v7e-m+fp/hard\libg.a(libc_a-closer.o)
                0x0800c8d0                _close_r
 .text._reclaim_reent
                0x0800c8f4       0x5c c:/progra~2/armgnu~1/12977f~1.2mp/bin/../lib/gcc/arm-none-eabi/12.2.1/thumb/v7e-m+fp/hard\libg.a(libc_a-reent.o)
                0x0800c8f4                _reclaim_reent
 .text._lseek_r
                0x0800c950       0x2c c:/progra~2/armgnu~1/12977f~1.2mp/bin/../lib/gcc/arm-none-eabi/12.2.1/thumb/v7e-m+fp/hard\libg.a(libc_a-lseekr.o)
                0x0800c950                _lseek_r
 .text._read_r  0x0800c97c       0x2c c:/progra~2/armgnu~1/12977f~1.2mp/bin/../lib/gcc/arm-none-eabi/12.2.1/thumb/v7e-m+fp/hard\libg.a(libc_a-readr.o)
                0x0800c97c                _read_r
 .text._kill_r  0x0800c9a8       0x2c c:/progra~2/armgnu~1/12977f~1.2mp/bin/../lib/gcc/arm-none-eabi/12.2.1/thumb/v7e-m+fp/hard\libg.a(libc_a-signalr.o)
                0x0800c9a8                _kill_r
 .text._getpid_r
                0x0800c9d4        0x4 c:/progra~2/armgnu~1/12977f~1.2mp/bin/../lib/gcc/arm-none-eabi/12.2.1/thumb/v7e-m+fp/hard\libg.a(libc_a-signalr.o)
                0x0800c9d4                _getpid_r
 .text._write_r
                0x0800c9d8       0x2c c:/progra~2/armgnu~1/12977f~1.2mp/bin/../lib/gcc/arm-none-eabi/12.2.1/thumb/v7e-m+fp/hard\libg.a(libc_a-writer.o)
                0x0800c9d8                _write_r
 .text.__errno  0x0800ca04        0xc c:/progra~2/armgnu~1/12977f~1.2mp/bin/../lib/gcc/arm-none-eabi/12.2.1/thumb/v7e-m+fp/hard\libg.a(libc_a-errno.o)
                0x0800ca04                __errno
 .text.__libc_init_array
                0x0800ca10       0x50 c:/progra~2/armgnu~1/12977f~1.2mp/bin/../lib/gcc/arm-none-eabi/12.2.1/thumb/v7e-m+fp/hard\libg.a(libc_a-init.o)
                0x0800ca10                __libc_init_array