Archive member included to satisfy reference by file (symbol)

c:/progra~2/armgnu~1/12977f~1.2mp/bin/../lib/gcc/arm-none-eabi/12.2.1/thumb/v7e-m+fp/hard\libstdc++.a(atexit_arm.o)
                              CMakeFiles/test.elf.dir/BUPT_RobotTeam_Libraries/ChassisLib_CXX/app_example/chassis_ctrl.cpp.obj (__aeabi_atexit)
c:/progra~2/armgnu~1/12977f~1.2mp/bin/../lib/gcc/arm-none-eabi/12.2.1/thumb/v7e-m+fp/hard\libstdc++.a(class_type_info.o)
                              CMakeFiles/test.elf.dir/BUPT_RobotTeam_Libraries/ChassisLib_CXX/ctrlPathTracker.cpp.obj (vtable for __cxxabiv1::__class_type_info)
c:/progra~2/armgnu~1/12977f~1.2mp/bin/../lib/gcc/arm-none-eabi/12.2.1/thumb/v7e-m+fp/hard\libstdc++.a(del_ops.o)
                              CMakeFiles/test.elf.dir/BUPT_RobotTeam_Libraries/ChassisLib_CXX/ctrlPathTracker.cpp.obj (operator delete(void*, unsigned int))
c:/progra~2/armgnu~1/12977f~1.2mp/bin/../lib/gcc/arm-none-eabi/12.2.1/thumb/v7e-m+fp/hard\libstdc++.a(eh_arm.o)
                              CMakeFiles/test.elf.dir/BUPT_RobotTeam_Libraries/ChassisLib_CXX/ctrlPathTracker.cpp.obj (__cxa_end_cleanup)
c:/progra~2/armgnu~1/12977f~1.2mp/bin/../lib/gcc/arm-none-eabi/12.2.1/thumb/v7e-m+fp/hard\libstdc++.a(eh_exception.o)
                              c:/progra~2/armgnu~1/12977f~1.2mp/bin/../lib/gcc/arm-none-eabi/12.2.1/thumb/v7e-m+fp/hard\libstdc++.a(eh_arm.o) (typeinfo for __cxxabiv1::__forced_unwind)
c:/progra~2/armgnu~1/12977f~1.2mp/bin/../lib/gcc/arm-none-eabi/12.2.1/thumb/v7e-m+fp/hard\libstdc++.a(eh_globals.o)
                              c:/progra~2/armgnu~1/12977f~1.2mp/bin/../lib/gcc/arm-none-eabi/12.2.1/thumb/v7e-m+fp/hard\libstdc++.a(eh_arm.o) (__cxa_get_globals)
c:/progra~2/armgnu~1/12977f~1.2mp/bin/../lib/gcc/arm-none-eabi/12.2.1/thumb/v7e-m+fp/hard\libstdc++.a(eh_personality.o)
                              CMakeFiles/test.elf.dir/BUPT_RobotTeam_Libraries/ChassisLib_CXX/ctrlPathTracker.cpp.obj (__gxx_personality_v0)
c:/progra~2/armgnu~1/12977f~1.2mp/bin/../lib/gcc/arm-none-eabi/12.2.1/thumb/v7e-m+fp/hard\libstdc++.a(eh_terminate.o)
                              c:/progra~2/armgnu~1/12977f~1.2mp/bin/../lib/gcc/arm-none-eabi/12.2.1/thumb/v7e-m+fp/hard\libstdc++.a(eh_arm.o) (std::terminate())
c:/progra~2/armgnu~1/12977f~1.2mp/bin/../lib/gcc/arm-none-eabi/12.2.1/thumb/v7e-m+fp/hard\libstdc++.a(eh_unex_handler.o)
                              c:/progra~2/armgnu~1/12977f~1.2mp/bin/../lib/gcc/arm-none-eabi/12.2.1/thumb/v7e-m+fp/hard\libstdc++.a(eh_terminate.o) (__cxxabiv1::__unexpected_handler)
c:/progra~2/armgnu~1/12977f~1.2mp/bin/../lib/gcc/arm-none-eabi/12.2.1/thumb/v7e-m+fp/hard\libstdc++.a(new_op.o)
                              CMakeFiles/test.elf.dir/BUPT_RobotTeam_Libraries/ChassisLib_CXX/ctrlPathTracker.cpp.obj (operator new(unsigned int))
c:/progra~2/armgnu~1/12977f~1.2mp/bin/../lib/gcc/arm-none-eabi/12.2.1/thumb/v7e-m+fp/hard\libstdc++.a(si_class_type_info.o)
                              CMakeFiles/test.elf.dir/BUPT_RobotTeam_Libraries/ChassisLib_CXX/rudder_chassis.cpp.obj (vtable for __cxxabiv1::__si_class_type_info)
c:/progra~2/armgnu~1/12977f~1.2mp/bin/../lib/gcc/arm-none-eabi/12.2.1/thumb/v7e-m+fp/hard\libstdc++.a(tinfo.o)
                              c:/progra~2/armgnu~1/12977f~1.2mp/bin/../lib/gcc/arm-none-eabi/12.2.1/thumb/v7e-m+fp/hard\libstdc++.a(class_type_info.o) (std::type_info::~type_info())
c:/progra~2/armgnu~1/12977f~1.2mp/bin/../lib/gcc/arm-none-eabi/12.2.1/thumb/v7e-m+fp/hard\libstdc++.a(vterminate.o)
                              c:/progra~2/armgnu~1/12977f~1.2mp/bin/../lib/gcc/arm-none-eabi/12.2.1/thumb/v7e-m+fp/hard\libstdc++.a(eh_terminate.o) (__gnu_cxx::__verbose_terminate_handler())
c:/progra~2/armgnu~1/12977f~1.2mp/bin/../lib/gcc/arm-none-eabi/12.2.1/thumb/v7e-m+fp/hard\libstdc++.a(bad_alloc.o)
                              c:/progra~2/armgnu~1/12977f~1.2mp/bin/../lib/gcc/arm-none-eabi/12.2.1/thumb/v7e-m+fp/hard\libstdc++.a(new_op.o) (vtable for std::bad_alloc)
c:/progra~2/armgnu~1/12977f~1.2mp/bin/../lib/gcc/arm-none-eabi/12.2.1/thumb/v7e-m+fp/hard\libstdc++.a(cp-demangle.o)
                              c:/progra~2/armgnu~1/12977f~1.2mp/bin/../lib/gcc/arm-none-eabi/12.2.1/thumb/v7e-m+fp/hard\libstdc++.a(vterminate.o) (__cxa_demangle)
c:/progra~2/armgnu~1/12977f~1.2mp/bin/../lib/gcc/arm-none-eabi/12.2.1/thumb/v7e-m+fp/hard\libstdc++.a(del_op.o)
                              c:/progra~2/armgnu~1/12977f~1.2mp/bin/../lib/gcc/arm-none-eabi/12.2.1/thumb/v7e-m+fp/hard\libstdc++.a(del_ops.o) (operator delete(void*))
c:/progra~2/armgnu~1/12977f~1.2mp/bin/../lib/gcc/arm-none-eabi/12.2.1/thumb/v7e-m+fp/hard\libstdc++.a(eh_alloc.o)
                              c:/progra~2/armgnu~1/12977f~1.2mp/bin/../lib/gcc/arm-none-eabi/12.2.1/thumb/v7e-m+fp/hard\libstdc++.a(new_op.o) (__cxa_allocate_exception)
c:/progra~2/armgnu~1/12977f~1.2mp/bin/../lib/gcc/arm-none-eabi/12.2.1/thumb/v7e-m+fp/hard\libstdc++.a(eh_call.o)
[...]
Memory Configuration

Name             Origin             Length             Attributes
CCMRAM           0x10000000         0x00010000         xrw
RAM              0x20000000         0x00020000         xrw
FLASH            0x08000000         0x00100000         xr
*default*        0x00000000         0xffffffff

Linker script and memory map

LOAD c:/progra~2/armgnu~1/12977f~1.2mp/bin/../lib/gcc/arm-none-eabi/12.2.1/thumb/v7e-m+fp/hard/crti.o
LOAD c:/progra~2/armgnu~1/12977f~1.2mp/bin/../lib/gcc/arm-none-eabi/12.2.1/thumb/v7e-m+fp/hard/crtbegin.o
LOAD c:/progra~2/armgnu~1/12977f~1.2mp/bin/../lib/gcc/arm-none-eabi/12.2.1/thumb/v7e-m+fp/hard/crt0.o
LOAD CMakeFiles/test.elf.dir/Core/Src/can.c.obj
LOAD CMakeFiles/test.elf.dir/Core/Src/dma.c.obj
LOAD CMakeFiles/test.elf.dir/Core/Src/freertos.c.obj
LOAD CMakeFiles/test.elf.dir/Core/Src/gpio.c.obj
LOAD CMakeFiles/test.elf.dir/Core/Src/main.c.obj
LOAD CMakeFiles/test.elf.dir/Core/Src/stm32f4xx_hal_msp.c.obj
LOAD CMakeFiles/test.elf.dir/Core/Src/stm32f4xx_hal_timebase_tim.c.obj
LOAD CMakeFiles/test.elf.dir/Core/Src/stm32f4xx_it.c.obj
LOAD CMakeFiles/test.elf.dir/Core/Src/syscalls.c.obj
LOAD CMakeFiles/test.elf.dir/Core/Src/sysmem.c.obj
LOAD CMakeFiles/test.elf.dir/Core/Src/system_stm32f4xx.c.obj
LOAD CMakeFiles/test.elf.dir/Core/Src/usart.c.obj
LOAD CMakeFiles/test.elf.dir/Core/Startup/startup_stm32f407zgtx.s.obj
LOAD CMakeFiles/test.elf.dir/Middlewares/Third_Party/FreeRTOS/Source/CMSIS_RTOS_V2/cmsis_os2.c.obj
LOAD CMakeFiles/test.elf.dir/Middlewares/Third_Party/FreeRTOS/Source/croutine.c.obj
LOAD CMakeFiles/test.elf.dir/Middlewares/Third_Party/FreeRTOS/Source/event_groups.c.obj
LOAD CMakeFiles/test.elf.dir/Middlewares/Third_Party/FreeRTOS/Source/list.c.obj
LOAD CMakeFiles/test.elf.dir/Middlewares/Third_Party/FreeRTOS/Source/portable/GCC/ARM_CM4F/port.c.obj
LOAD CMakeFiles/test.elf.dir/Middlewares/Third_Party/FreeRTOS/Source/portable/MemMang/heap_4.c.obj
LOAD CMakeFiles/test.elf.dir/Middlewares/Third_Party/FreeRTOS/Source/queue.c.obj
LOAD CMakeFiles/test.elf.dir/Middlewares/Third_Party/FreeRTOS/Source/stream_buffer.c.obj
LOAD CMakeFiles/test.elf.dir/Middlewares/Third_Party/FreeRTOS/Source/tasks.c.obj
LOAD CMakeFiles/test.elf.dir/Middlewares/Third_Party/FreeRTOS/Source/timers.c.obj
LOAD CMakeFiles/test.elf.dir/Drivers/STM32F4xx_HAL_Driver/Src/stm32f4xx_hal.c.obj
LOAD CMakeFiles/test.elf.dir/Drivers/STM32F4xx_HAL_Driver/Src/stm32f4xx_hal_can.c.obj
LOAD CMakeFiles/test.elf.dir/Drivers/STM32F4xx_HAL_Driver/Src/stm32f4xx_hal_cortex.c.obj
LOAD CMakeFiles/test.elf.dir/Drivers/STM32F4xx_HAL_Driver/Src/stm32f4xx_hal_dma.c.obj
LOAD CMakeFiles/test.elf.dir/Drivers/STM32F4xx_HAL_Driver/Src/stm32f4xx_hal_dma_ex.c.obj
LOAD CMakeFiles/test.elf.dir/Drivers/STM32F4xx_HAL_Driver/Src/stm32f4xx_hal_exti.c.obj
LOAD CMakeFiles/test.elf.dir/Drivers/STM32F4xx_HAL_Driver/Src/stm32f4xx_hal_flash.c.obj
LOAD CMakeFiles/test.elf.dir/Drivers/STM32F4xx_HAL_Driver/Src/stm32f4xx_hal_flash_ex.c.obj
LOAD CMakeFiles/test.elf.dir/Drivers/STM32F4xx_HAL_Driver/Src/stm32f4xx_hal_flash_ramfunc.c.obj
LOAD CMakeFiles/test.elf.dir/Drivers/STM32F4xx_HAL_Driver/Src/stm32f4xx_hal_gpio.c.obj
LOAD CMakeFiles/test.elf.dir/Drivers/STM32F4xx_HAL_Driver/Src/stm32f4xx_hal_pwr.c.obj
LOAD CMakeFiles/test.elf.dir/Drivers/STM32F4xx_HAL_Driver/Src/stm32f4xx_hal_pwr_ex.c.obj
LOAD CMakeFiles/test.elf.dir/Drivers/STM32F4xx_HAL_Driver/Src/stm32f4xx_hal_rcc.c.obj
LOAD CMakeFiles/test.elf.dir/Drivers/STM32F4xx_HAL_Driver/Src/stm32f4xx_hal_rcc_ex.c.obj
LOAD CMakeFiles/test.elf.dir/Drivers/STM32F4xx_HAL_Driver/Src/stm32f4xx_hal_tim.c.obj
LOAD CMakeFiles/test.elf.dir/Drivers/STM32F4xx_HAL_Driver/Src/stm32f4xx_hal_tim_ex.c.obj
LOAD CMakeFiles/test.elf.dir/Drivers/STM32F4xx_HAL_Driver/Src/stm32f4xx_hal_uart.c.obj
LOAD CMakeFiles/test.elf.dir/oslib/oslib.c.obj
LOAD CMakeFiles/test.elf.dir/oslib/port/stm32f407zg/oslib_can_port.c.obj
LOAD CMakeFiles/test.elf.dir/oslib/port/stm32f407zg/oslib_uart_port.c.obj
LOAD CMakeFiles/test.elf.dir/oslib/can/oslib_can.c.obj
LOAD CMakeFiles/test.elf.dir/oslib/can/oslib_can_dispatch.c.obj
LOAD CMakeFiles/test.elf.dir/oslib/uart/oslib_uart.c.obj
LOAD CMakeFiles/test.elf.dir/oslib/uart/oslib_uart_cmd.c.obj
LOAD CMakeFiles/test.elf.dir/oslib/utils/oslib_hash.c.obj
LOAD CMakeFiles/test.elf.dir/oslib/debug/SEGGER_RTT.c.obj
LOAD CMakeFiles/test.elf.dir/oslib/debug/SEGGER_RTT_ASM_ARMv7M.S.obj
LOAD CMakeFiles/test.elf.dir/oslib/debug/SEGGER_RTT_printf.c.obj
LOAD CMakeFiles/test.elf.dir/oslib/components/easylogger/port/elog_port.c.obj
LOAD CMakeFiles/test.elf.dir/oslib/components/easylogger/port/elog_cmd.c.obj
LOAD CMakeFiles/test.elf.dir/oslib/components/easylogger/src/elog.c.obj
LOAD CMakeFiles/test.elf.dir/oslib/components/easylogger/src/elog_async.c.obj
LOAD CMakeFiles/test.elf.dir/oslib/components/easylogger/src/elog_utils.c.obj
LOAD CMakeFiles/test.elf.dir/oslib/components/vofaDataDriver/vofaDataDriver.c.obj
LOAD CMakeFiles/test.elf.dir/oslib/example/can_func.c.obj
LOAD CMakeFiles/test.elf.dir/oslib/example/cmd_func.c.obj
LOAD CMakeFiles/test.elf.dir/BUPT_RobotTeam_Libraries/MotorLib/dji_boardv2_can.c.obj
LOAD CMakeFiles/test.elf.dir/BUPT_RobotTeam_Libraries/MotorLib/motor_driver.c.obj
LOAD CMakeFiles/test.elf.dir/BUPT_RobotTeam_Libraries/MotorLib/odrive_can.c.obj
LOAD CMakeFiles/test.elf.dir/BUPT_RobotTeam_Libraries/MotorLib/vesc_can.c.obj
LOAD CMakeFiles/test.elf.dir/BUPT_RobotTeam_Libraries/ChassisLib_CXX/base_chassis.cpp.obj
LOAD CMakeFiles/test.elf.dir/BUPT_RobotTeam_Libraries/ChassisLib_CXX/point.c.obj
LOAD CMakeFiles/test.elf.dir/BUPT_RobotTeam_Libraries/ChassisLib_CXX/ctrlPathTracker.cpp.obj
LOAD CMakeFiles/test.elf.dir/BUPT_RobotTeam_Libraries/ChassisLib_CXX/ctrlGo2Point.cpp.obj
LOAD CMakeFiles/test.elf.dir/BUPT_RobotTeam_Libraries/ChassisLib_CXX/ctrlMacro.cpp.obj
LOAD CMakeFiles/test.elf.dir/BUPT_RobotTeam_Libraries/SimpleLib/utils/utils.c.obj
LOAD CMakeFiles/test.elf.dir/BUPT_RobotTeam_Libraries/SimpleLib/utils/vec.c.obj
LOAD CMakeFiles/test.elf.dir/BUPT_RobotTeam_Libraries/SimpleLib/utils/kalman.c.obj
LOAD CMakeFiles/test.elf.dir/BUPT_RobotTeam_Libraries/ChassisLib_CXX/app_example/chassis_bridge.cpp.obj
LOAD CMakeFiles/test.elf.dir/BUPT_RobotTeam_Libraries/ChassisLib_CXX/app_example/chassis_ctrl.cpp.obj
LOAD CMakeFiles/test.elf.dir/BUPT_RobotTeam_Libraries/ChassisLib_CXX/steer_wheel.cpp.obj
LOAD CMakeFiles/test.elf.dir/BUPT_RobotTeam_Libraries/ChassisLib_CXX/rudder_chassis.cpp.obj
LOAD c:/progra~2/armgnu~1/12977f~1.2mp/bin/../lib/gcc/arm-none-eabi/12.2.1/thumb/v7e-m+fp/hard\libstdc++.a
LOAD c:/progra~2/armgnu~1/12977f~1.2mp/bin/../lib/gcc/arm-none-eabi/12.2.1/thumb/v7e-m+fp/hard\libm.a
START GROUP
LOAD c:/progra~2/armgnu~1/12977f~1.2mp/bin/../lib/gcc/arm-none-eabi/12.2.1/thumb/v7e-m+fp/hard\libgcc.a
LOAD c:/progra~2/armgnu~1/12977f~1.2mp/bin/../lib/gcc/arm-none-eabi/12.2.1/thumb/v7e-m+fp/hard\libg.a
LOAD c:/progra~2/armgnu~1/12977f~1.2mp/bin/../lib/gcc/arm-none-eabi/12.2.1/thumb/v7e-m+fp/hard\libc.a
END GROUP
LOAD c:/progra~2/armgnu~1/12977f~1.2mp/bin/../lib/gcc/arm-none-eabi/12.2.1/thumb/v7e-m+fp/hard/crtend.o
LOAD c:/progra~2/armgnu~1/12977f~1.2mp/bin/../lib/gcc/arm-none-eabi/12.2.1/thumb/v7e-m+fp/hard/crtn.o
                0x20020000                        _estack = (ORIGIN (RAM) + LENGTH (RAM))
                0x00000200                        _Min_Heap_Size = 0x200
                0x00000400                        _Min_Stack_Size = 0x400

.isr_vector     0x08000000      0x188
                0x08000000                        . = ALIGN (0x4)
 *(.isr_vector)
 .isr_vector    0x08000000      0x188 CMakeFiles/test.elf.dir/Core/Startup/startup_stm32f407zgtx.s.obj
                0x08000000                g_pfnVectors
                0x08000188                        . = ALIGN (0x4)

.text           0x080001c0    0x1aaac
                0x080001c0                        . = ALIGN (0x4)
 *(.text)
 .text          0x080001c0      0x378 c:/progra~2/armgnu~1/12977f~1.2mp/bin/../lib/gcc/arm-none-eabi/12.2.1/thumb/v7e-m+fp/hard\libgcc.a(_arm_addsubdf3.o)
                0x080001c0                __aeabi_drsub
                0x080001c8                __aeabi_dsub
                0x080001c8                __subdf3
                0x080001cc                __aeabi_dadd
                0x080001cc                __adddf3
                0x08000444                __floatunsidf
                0x08000444                __aeabi_ui2d
                0x08000464                __floatsidf
                0x08000464                __aeabi_i2d
                0x08000488                __aeabi_f2d
                0x08000488                __extendsfdf2
                0x080004cc                __floatundidf
                0x080004cc                __aeabi_ul2d
                0x080004dc                __floatdidf
                0x080004dc                __aeabi_l2d
 .text          0x08000538      0x424 c:/progra~2/armgnu~1/12977f~1.2mp/bin/../lib/gcc/arm-none-eabi/12.2.1/thumb/v7e-m+fp/hard\libgcc.a(_arm_muldivdf3.o)
                0x08000538                __aeabi_dmul
                0x08000538                __muldf3
                0x0800078c                __divdf3
                0x0800078c                __aeabi_ddiv
 .text          0x0800095c      0x110 c:/progra~2/armgnu~1/12977f~1.2mp/bin/../lib/gcc/arm-none-eabi/12.2.1/thumb/v7e-m+fp/hard\libgcc.a(_arm_cmpdf2.o)
                0x0800095c                __gtdf2
                0x0800095c                __gedf2
                0x08000964                __ltdf2
                0x08000964                __ledf2
                0x0800096c                __nedf2
                0x0800096c                __eqdf2
                0x0800096c                __cmpdf2
                0x080009e8                __aeabi_cdrcmple
                0x080009f8                __aeabi_cdcmpeq
                0x080009f8                __aeabi_cdcmple
                0x08000a08                __aeabi_dcmpeq
                0x08000a1c                __aeabi_dcmplt
                0x08000a30                __aeabi_dcmple
                0x08000a44                __aeabi_dcmpge
                0x08000a58                __aeabi_dcmpgt
 .text          0x08000a6c       0x2c c:/progra~2/armgnu~1/12977f~1.2mp/bin/../lib/gcc/arm-none-eabi/12.2.1/thumb/v7e-m+fp/hard\libgcc.a(_arm_unorddf2.o)
                0x08000a6c                __unorddf2
                0x08000a6c                __aeabi_dcmpun
 .text          0x08000a98       0x50 c:/progra~2/armgnu~1/12977f~1.2mp/bin/../lib/gcc/arm-none-eabi/12.2.1/thumb/v7e-m+fp/hard\libgcc.a(_arm_fixdfsi.o)
                0x08000a98                __aeabi_d2iz
                0x08000a98                __fixdfsi
 .text          0x08000ae8       0xa0 c:/progra~2/armgnu~1/12977f~1.2mp/bin/../lib/gcc/arm-none-eabi/12.2.1/thumb/v7e-m+fp/hard\libgcc.a(_arm_truncdfsf2.o)
                0x08000ae8                __truncdfsf2
                0x08000ae8                __aeabi_d2f
 .text          0x08000b88       0x30 c:/progra~2/armgnu~1/12977f~1.2mp/bin/../lib/gcc/arm-none-eabi/12.2.1/thumb/v7e-m+fp/hard\libgcc.a(_aeabi_uldivmod.o)
                0x08000b88                __aeabi_uldivmod
 .text          0x08000bb8      0x1ac c:/progra~2/armgnu~1/12977f~1.2mp/bin/../lib/gcc/arm-none-eabi/12.2.1/thumb/v7e-m+fp/hard\libgcc.a(libunwind.o)
                0x08000bb8                __restore_core_regs
                0x08000bb8                restore_core_regs
                0x08000bd0                __gnu_Unwind_Restore_VFP
                0x08000bd8                __gnu_Unwind_Save_VFP
                0x08000be0                __gnu_Unwind_Restore_VFP_D
                0x08000be8                __gnu_Unwind_Save_VFP_D
                0x08000bf0                __gnu_Unwind_Restore_VFP_D_16_to_31
                0x08000bf8                __gnu_Unwind_Save_VFP_D_16_to_31
                0x08000c00                __gnu_Unwind_Restore_WMMXD
                0x08000c44                __gnu_Unwind_Save_WMMXD
                0x08000c88                __gnu_Unwind_Restore_WMMXC
                0x08000c9c                __gnu_Unwind_Save_WMMXC
                0x08000cb0                ___Unwind_RaiseException
                0x08000cb0                _Unwind_RaiseException
                0x08000cd4                _Unwind_Resume
                0x08000cd4                ___Unwind_Resume
                0x08000cf8                _Unwind_Resume_or_Rethrow
                0x08000cf8                ___Unwind_Resume_or_Rethrow
                0x08000d1c                _Unwind_ForcedUnwind
                0x08000d1c                ___Unwind_ForcedUnwind
                0x08000d40                ___Unwind_Backtrace
                0x08000d40                _Unwind_Backtrace
 .text          0x08000d64        0x4 c:/progra~2/armgnu~1/12977f~1.2mp/bin/../lib/gcc/arm-none-eabi/12.2.1/thumb/v7e-m+fp/hard\libgcc.a(_dvmd_tls.o)
                0x08000d64                __aeabi_idiv0
                0x08000d64                __aeabi_ldiv0
 *fill*         0x08000d68       0x18 
 .text          0x08000d80      0x2e0 c:/progra~2/armgnu~1/12977f~1.2mp/bin/../lib/gcc/arm-none-eabi/12.2.1/thumb/v7e-m+fp/hard\libg.a(libc_a-strcmp.o)
                0x08000d80                strcmp
 .text          0x08001060       0xa0 c:/progra~2/armgnu~1/12977f~1.2mp/bin/../lib/gcc/arm-none-eabi/12.2.1/thumb/v7e-m+fp/hard\libg.a(libc_a-memchr.o)
                0x08001060                memchr
 .text          0x08001100      0x134 c:/progra~2/armgnu~1/12977f~1.2mp/bin/../lib/gcc/arm-none-eabi/12.2.1/thumb/v7e-m+fp/hard\libg.a(libc_a-memcpy.o)
                0x08001100                memcpy
 *fill*         0x08001234        0xc 
 .text          0x08001240       0xd8 c:/progra~2/armgnu~1/12977f~1.2mp/bin/../lib/gcc/arm-none-eabi/12.2.1/thumb/v7e-m+fp/hard\libg.a(libc_a-strlen.o)
                0x08001240                strlen
 *(.text*)
 .text.deregister_tm_clones
                0x08001318       0x1c c:/progra~2/armgnu~1/12977f~1.2mp/bin/../lib/gcc/arm-none-eabi/12.2.1/thumb/v7e-m+fp/hard/crtbegin.o
 .text.register_tm_clones
                0x08001334       0x24 c:/progra~2/armgnu~1/12977f~1.2mp/bin/../lib/gcc/arm-none-eabi/12.2.1/thumb/v7e-m+fp/hard/crtbegin.o
 .text.__do_global_dtors_aux
                0x08001358       0x28 c:/progra~2/armgnu~1/12977f~1.2mp/bin/../lib/gcc/arm-none-eabi/12.2.1/thumb/v7e-m+fp/hard/crtbegin.o
 .text.frame_dummy
                0x08001380       0x24 c:/progra~2/armgnu~1/12977f~1.2mp/bin/../lib/gcc/arm-none-eabi/12.2.1/thumb/v7e-m+fp/hard/crtbegin.o
 .text.MX_CAN1_Init
                0x080013a4       0x44 CMakeFiles/test.elf.dir/Core/Src/can.c.obj
                0x080013a4                MX_CAN1_Init
 .text.HAL_CAN_MspInit
                0x080013e8       0x9c CMakeFiles/test.elf.dir/Core/Src/can.c.obj
                0x080013e8                HAL_CAN_MspInit
 .text.MX_DMA_Init
                0x08001484       0x98 CMakeFiles/test.elf.dir/Core/Src/dma.c.obj
                0x08001484                MX_DMA_Init
 .text.StartDefaultTask
                0x0800151c        0x2 CMakeFiles/test.elf.dir/Core/Src/freertos.c.obj
                0x0800151c                StartDefaultTask
 *fill*         0x0800151e        0x2 
 .text.StartTask02
                0x08001520       0x6c CMakeFiles/test.elf.dir/Core/Src/freertos.c.obj
                0x08001520                StartTask02
 .text.MX_FREERTOS_Init
                0x0800158c       0x3c CMakeFiles/test.elf.dir/Core/Src/freertos.c.obj
                0x0800158c                MX_FREERTOS_Init
 .text.MX_GPIO_Init
                0x080015c8       0xc4 CMakeFiles/test.elf.dir/Core/Src/gpio.c.obj
                0x080015c8                MX_GPIO_Init
 .text.HAL_TIM_PeriodElapsedCallback
                0x0800168c       0x18 CMakeFiles/test.elf.dir/Core/Src/main.c.obj
                0x0800168c                HAL_TIM_PeriodElapsedCallback
 .text.Error_Handler
                0x080016a4        0x4 CMakeFiles/test.elf.dir/Core/Src/main.c.obj
                0x080016a4                Error_Handler
 .text.SystemClock_Config
                0x080016a8       0xa8 CMakeFiles/test.elf.dir/Core/Src/main.c.obj
                0x080016a8                SystemClock_Config
 .text.main     0x08001750       0x30 CMakeFiles/test.elf.dir/Core/Src/main.c.obj
                0x08001750                main
 .text.HAL_MspInit
                0x08001780       0x44 CMakeFiles/test.elf.dir/Core/Src/stm32f4xx_hal_msp.c.obj
                0x08001780                HAL_MspInit
 .text.HAL_InitTick
                0x080017c4       0x7c CMakeFiles/test.elf.dir/Core/Src/stm32f4xx_hal_timebase_tim.c.obj
                0x080017c4                HAL_InitTick
 .text.NMI_Handler
                0x08001840        0x2 CMakeFiles/test.elf.dir/Core/Src/stm32f4xx_it.c.obj
                0x08001840                NMI_Handler
 .text.HardFault_Handler
                0x08001842        0x2 CMakeFiles/test.elf.dir/Core/Src/stm32f4xx_it.c.obj
                0x08001842                HardFault_Handler
 .text.MemManage_Handler
                0x08001844        0x2 CMakeFiles/test.elf.dir/Core/Src/stm32f4xx_it.c.obj
                0x08001844                MemManage_Handler
 .text.BusFault_Handler
                0x08001846        0x2 CMakeFiles/test.elf.dir/Core/Src/stm32f4xx_it.c.obj
                0x08001846                BusFault_Handler
 .text.UsageFault_Handler
                0x08001848        0x2 CMakeFiles/test.elf.dir/Core/Src/stm32f4xx_it.c.obj
                0x08001848                UsageFault_Handler
 .text.DebugMon_Handler
                0x0800184a        0x2 CMakeFiles/test.elf.dir/Core/Src/stm32f4xx_it.c.obj
                0x0800184a                DebugMon_Handler
 .text.DMA1_Stream1_IRQHandler
                0x0800184c       0x10 CMakeFiles/test.elf.dir/Core/Src/stm32f4xx_it.c.obj
                0x0800184c                DMA1_Stream1_IRQHandler
 .text.DMA1_Stream3_IRQHandler
                0x0800185c       0x10 CMakeFiles/test.elf.dir/Core/Src/stm32f4xx_it.c.obj
                0x0800185c                DMA1_Stream3_IRQHandler
 .text.DMA1_Stream5_IRQHandler
                0x0800186c       0x10 CMakeFiles/test.elf.dir/Core/Src/stm32f4xx_it.c.obj
                0x0800186c                DMA1_Stream5_IRQHandler
 .text.DMA1_Stream6_IRQHandler
                0x0800187c       0x10 CMakeFiles/test.elf.dir/Core/Src/stm32f4xx_it.c.obj
                0x0800187c                DMA1_Stream6_IRQHandler
 .text.CAN1_TX_IRQHandler
                0x0800188c       0x10 CMakeFiles/test.elf.dir/Core/Src/stm32f4xx_it.c.obj
                0x0800188c                CAN1_TX_IRQHandler
 .text.CAN1_RX0_IRQHandler
                0x0800189c       0x10 CMakeFiles/test.elf.dir/Core/Src/stm32f4xx_it.c.obj
                0x0800189c                CAN1_RX0_IRQHandler
 .text.CAN1_RX1_IRQHandler
                0x080018ac       0x10 CMakeFiles/test.elf.dir/Core/Src/stm32f4xx_it.c.obj
                0x080018ac                CAN1_RX1_IRQHandler
 .text.TIM1_UP_TIM10_IRQHandler
                0x080018bc       0x10 CMakeFiles/test.elf.dir/Core/Src/stm32f4xx_it.c.obj
                0x080018bc                TIM1_UP_TIM10_IRQHandler
 .text.USART1_IRQHandler
                0x080018cc       0x24 CMakeFiles/test.elf.dir/Core/Src/stm32f4xx_it.c.obj
                0x080018cc                USART1_IRQHandler
 .text.USART2_IRQHandler
                0x080018f0       0x10 CMakeFiles/test.elf.dir/Core/Src/stm32f4xx_it.c.obj
                0x080018f0                USART2_IRQHandler
 .text.USART3_IRQHandler
                0x08001900       0x10 CMakeFiles/test.elf.dir/Core/Src/stm32f4xx_it.c.obj
                0x08001900                USART3_IRQHandler
 .text.DMA2_Stream2_IRQHandler
                0x08001910       0x10 CMakeFiles/test.elf.dir/Core/Src/stm32f4xx_it.c.obj
                0x08001910                DMA2_Stream2_IRQHandler
 .text.DMA2_Stream7_IRQHandler
                0x08001920       0x10 CMakeFiles/test.elf.dir/Core/Src/stm32f4xx_it.c.obj
                0x08001920                DMA2_Stream7_IRQHandler
 .text._getpid  0x08001930        0x4 CMakeFiles/test.elf.dir/Core/Src/syscalls.c.obj
                0x08001930                _getpid
 .text._kill    0x08001934       0x10 CMakeFiles/test.elf.dir/Core/Src/syscalls.c.obj
                0x08001934                _kill
 .text._exit    0x08001944        0xc CMakeFiles/test.elf.dir/Core/Src/syscalls.c.obj
                0x08001944                _exit
 .text._read    0x08001950       0x20 CMakeFiles/test.elf.dir/Core/Src/syscalls.c.obj
                0x08001950                _read
 .text._write   0x08001970       0x1c CMakeFiles/test.elf.dir/Core/Src/syscalls.c.obj
                0x08001970                _write
 .text._close   0x0800198c        0x6 CMakeFiles/test.elf.dir/Core/Src/syscalls.c.obj
                0x0800198c                _close
 .text._fstat   0x08001992        0xa CMakeFiles/test.elf.dir/Core/Src/syscalls.c.obj
                0x08001992                _fstat
 .text._isatty  0x0800199c        0x4 CMakeFiles/test.elf.dir/Core/Src/syscalls.c.obj
                0x0800199c                _isatty
 .text._lseek   0x080019a0        0x4 CMakeFiles/test.elf.dir/Core/Src/syscalls.c.obj
                0x080019a0                _lseek
 .text._sbrk    0x080019a4       0x48 CMakeFiles/test.elf.dir/Core/Src/sysmem.c.obj
                0x080019a4                _sbrk
 .text.SystemInit
                0x080019ec       0x14 CMakeFiles/test.elf.dir/Core/Src/system_stm32f4xx.c.obj
                0x080019ec                SystemInit
 .text.MX_USART1_UART_Init
                0x08001a00       0x34 CMakeFiles/test.elf.dir/Core/Src/usart.c.obj
                0x08001a00                MX_USART1_UART_Init
 .text.MX_USART2_UART_Init
                0x08001a34       0x34 CMakeFiles/test.elf.dir/Core/Src/usart.c.obj
                0x08001a34                MX_USART2_UART_Init
 .text.MX_USART3_UART_Init
                0x08001a68       0x34 CMakeFiles/test.elf.dir/Core/Src/usart.c.obj
                0x08001a68                MX_USART3_UART_Init
 .text.HAL_UART_MspInit
                0x08001a9c      0x2c0 CMakeFiles/test.elf.dir/Core/Src/usart.c.obj
                0x08001a9c                HAL_UART_MspInit
 .text.Reset_Handler
                0x08001d5c       0x50 CMakeFiles/test.elf.dir/Core/Startup/startup_stm32f407zgtx.s.obj
                0x08001d5c                Reset_Handler
 .text.Default_Handler
                0x08001dac        0x2 CMakeFiles/test.elf.dir/Core/Startup/startup_stm32f407zgtx.s.obj
                0x08001dac                RTC_Alarm_IRQHandler
                0x08001dac                HASH_RNG_IRQHandler
                0x08001dac                EXTI2_IRQHandler
                0x08001dac                TIM8_CC_IRQHandler
                0x08001dac                TIM1_CC_IRQHandler
                0x08001dac                DMA2_Stream5_IRQHandler
                0x08001dac                PVD_IRQHandler
                0x08001dac                SDIO_IRQHandler
                0x08001dac                TAMP_STAMP_IRQHandler
                0x08001dac                CAN2_RX1_IRQHandler
                0x08001dac                EXTI3_IRQHandler
                0x08001dac                TIM8_TRG_COM_TIM14_IRQHandler
                0x08001dac                TIM8_UP_TIM13_IRQHandler
                0x08001dac                I2C3_ER_IRQHandler
                0x08001dac                EXTI0_IRQHandler
                0x08001dac                I2C2_EV_IRQHandler
                0x08001dac                DMA1_Stream2_IRQHandler
                0x08001dac                FPU_IRQHandler
                0x08001dac                OTG_HS_WKUP_IRQHandler
                0x08001dac                CAN2_SCE_IRQHandler
                0x08001dac                SPI1_IRQHandler
                0x08001dac                TIM6_DAC_IRQHandler
                0x08001dac                TIM1_BRK_TIM9_IRQHandler
                0x08001dac                DCMI_IRQHandler
                0x08001dac                CAN2_RX0_IRQHandler
                0x08001dac                DMA2_Stream3_IRQHandler
                0x08001dac                USART6_IRQHandler
                0x08001dac                UART5_IRQHandler
                0x08001dac                DMA2_Stream0_IRQHandler
                0x08001dac                TIM4_IRQHandler
                0x08001dac                I2C1_EV_IRQHandler
                0x08001dac                UART4_IRQHandler
                0x08001dac                TIM3_IRQHandler
                0x08001dac                RCC_IRQHandler
                0x08001dac                TIM8_BRK_TIM12_IRQHandler
                0x08001dac                Default_Handler
                0x08001dac                EXTI15_10_IRQHandler
                0x08001dac                ADC_IRQHandler
                0x08001dac                DMA1_Stream7_IRQHandler
                0x08001dac                TIM7_IRQHandler
                0x08001dac                CAN2_TX_IRQHandler
                0x08001dac                TIM5_IRQHandler
                0x08001dac                I2C3_EV_IRQHandler
                0x08001dac                EXTI9_5_IRQHandler
                0x08001dac                RTC_WKUP_IRQHandler
                0x08001dac                ETH_WKUP_IRQHandler
                0x08001dac                SPI2_IRQHandler
                0x08001dac                OTG_HS_EP1_IN_IRQHandler
                0x08001dac                DMA1_Stream0_IRQHandler
                0x08001dac                EXTI4_IRQHandler
                0x08001dac                FSMC_IRQHandler
                0x08001dac                ETH_IRQHandler
                0x08001dac                OTG_HS_EP1_OUT_IRQHandler
                0x08001dac                WWDG_IRQHandler
                0x08001dac                TIM2_IRQHandler
                0x08001dac                OTG_FS_WKUP_IRQHandler
                0x08001dac                TIM1_TRG_COM_TIM11_IRQHandler
                0x08001dac                OTG_HS_IRQHandler
                0x08001dac                EXTI1_IRQHandler
                0x08001dac                I2C2_ER_IRQHandler
                0x08001dac                DMA2_Stream1_IRQHandler
                0x08001dac                CAN1_SCE_IRQHandler
                0x08001dac                FLASH_IRQHandler
                0x08001dac                DMA2_Stream4_IRQHandler
                0x08001dac                OTG_FS_IRQHandler
                0x08001dac                SPI3_IRQHandler
                0x08001dac                DMA1_Stream4_IRQHandler
                0x08001dac                I2C1_ER_IRQHandler
                0x08001dac                DMA2_Stream6_IRQHandler
 .text.SysTick_Handler
                0x08001dae       0x18 CMakeFiles/test.elf.dir/Middlewares/Third_Party/FreeRTOS/Source/CMSIS_RTOS_V2/cmsis_os2.c.obj
                0x08001dae                SysTick_Handler
 *fill*         0x08001dc6        0x2 
 .text.osKernelInitialize
                0x08001dc8       0x24 CMakeFiles/test.elf.dir/Middlewares/Third_Party/FreeRTOS/Source/CMSIS_RTOS_V2/cmsis_os2.c.obj
                0x08001dc8                osKernelInitialize
 .text.osKernelStart
                0x08001dec       0x38 CMakeFiles/test.elf.dir/Middlewares/Third_Party/FreeRTOS/Source/CMSIS_RTOS_V2/cmsis_os2.c.obj
                0x08001dec                osKernelStart
 .text.osKernelGetTickCount
                0x08001e24       0x14 CMakeFiles/test.elf.dir/Middlewares/Third_Party/FreeRTOS/Source/CMSIS_RTOS_V2/cmsis_os2.c.obj
                0x08001e24                osKernelGetTickCount
 .text.osThreadNew
                0x08001e38       0xbc CMakeFiles/test.elf.dir/Middlewares/Third_Party/FreeRTOS/Source/CMSIS_RTOS_V2/cmsis_os2.c.obj
                0x08001e38                osThreadNew
 .text.osDelay  0x08001ef4       0x1c CMakeFiles/test.elf.dir/Middlewares/Third_Party/FreeRTOS/Source/CMSIS_RTOS_V2/cmsis_os2.c.obj
                0x08001ef4                osDelay
 .text.osSemaphoreNew
                0x08001f10       0xb2 CMakeFiles/test.elf.dir/Middlewares/Third_Party/FreeRTOS/Source/CMSIS_RTOS_V2/cmsis_os2.c.obj
                0x08001f10                osSemaphoreNew
 .text.osSemaphoreAcquire
                0x08001fc2       0x68 CMakeFiles/test.elf.dir/Middlewares/Third_Party/FreeRTOS/Source/CMSIS_RTOS_V2/cmsis_os2.c.obj
                0x08001fc2                osSemaphoreAcquire
 .text.osSemaphoreRelease
                0x0800202a       0x5e CMakeFiles/test.elf.dir/Middlewares/Third_Party/FreeRTOS/Source/CMSIS_RTOS_V2/cmsis_os2.c.obj
                0x0800202a                osSemaphoreRelease
 .text.osMessageQueueNew
                0x08002088       0x96 CMakeFiles/test.elf.dir/Middlewares/Third_Party/FreeRTOS/Source/CMSIS_RTOS_V2/cmsis_os2.c.obj
                0x08002088                osMessageQueueNew
 .text.osMessageQueuePut
                0x0800211e       0x84 CMakeFiles/test.elf.dir/Middlewares/Third_Party/FreeRTOS/Source/CMSIS_RTOS_V2/cmsis_os2.c.obj
                0x0800211e                osMessageQueuePut
 .text.osMessageQueueGet
                0x080021a2       0x82 CMakeFiles/test.elf.dir/Middlewares/Third_Party/FreeRTOS/Source/CMSIS_RTOS_V2/cmsis_os2.c.obj
                0x080021a2                osMessageQueueGet
 .text.vApplicationGetIdleTaskMemory
                0x08002224       0x18 CMakeFiles/test.elf.dir/Middlewares/Third_Party/FreeRTOS/Source/CMSIS_RTOS_V2/cmsis_os2.c.obj
                0x08002224                vApplicationGetIdleTaskMemory
 .text.vApplicationGetTimerTaskMemory
                0x0800223c       0x18 CMakeFiles/test.elf.dir/Middlewares/Third_Party/FreeRTOS/Source/CMSIS_RTOS_V2/cmsis_os2.c.obj
                0x0800223c                vApplicationGetTimerTaskMemory
 .text.vListInitialise
                0x08002254       0x16 CMakeFiles/test.elf.dir/Middlewares/Third_Party/FreeRTOS/Source/list.c.obj
                0x08002254                vListInitialise
 .text.vListInitialiseItem
                0x0800226a        0x6 CMakeFiles/test.elf.dir/Middlewares/Third_Party/FreeRTOS/Source/list.c.obj
                0x0800226a                vListInitialiseItem
 .text.vListInsertEnd
                0x08002270       0x16 CMakeFiles/test.elf.dir/Middlewares/Third_Party/FreeRTOS/Source/list.c.obj
                0x08002270                vListInsertEnd
 .text.vListInsert
                0x08002286       0x32 CMakeFiles/test.elf.dir/Middlewares/Third_Party/FreeRTOS/Source/list.c.obj
                0x08002286                vListInsert
 .text.uxListRemove
                0x080022b8       0x26 CMakeFiles/test.elf.dir/Middlewares/Third_Party/FreeRTOS/Source/list.c.obj
                0x080022b8                uxListRemove
 *fill*         0x080022de        0x2 
 .text.prvTaskExitError
                0x080022e0       0x40 CMakeFiles/test.elf.dir/Middlewares/Third_Party/FreeRTOS/Source/portable/GCC/ARM_CM4F/port.c.obj
 .text.prvPortStartFirstTask
                0x08002320       0x28 CMakeFiles/test.elf.dir/Middlewares/Third_Party/FreeRTOS/Source/portable/GCC/ARM_CM4F/port.c.obj
 .text.vPortEnableVFP
                0x08002348       0x14 CMakeFiles/test.elf.dir/Middlewares/Third_Party/FreeRTOS/Source/portable/GCC/ARM_CM4F/port.c.obj
 .text.pxPortInitialiseStack
                0x0800235c       0x2c CMakeFiles/test.elf.dir/Middlewares/Third_Party/FreeRTOS/Source/portable/GCC/ARM_CM4F/port.c.obj
                0x0800235c                pxPortInitialiseStack
 *fill*         0x08002388        0x8 
 .text.SVC_Handler
                0x08002390       0x24 CMakeFiles/test.elf.dir/Middlewares/Third_Party/FreeRTOS/Source/portable/GCC/ARM_CM4F/port.c.obj
                0x08002390                SVC_Handler
 .text.vPortEnterCritical
                0x080023b4       0x44 CMakeFiles/test.elf.dir/Middlewares/Third_Party/FreeRTOS/Source/portable/GCC/ARM_CM4F/port.c.obj
                0x080023b4                vPortEnterCritical
 .text.vPortExitCritical
                0x080023f8       0x2c CMakeFiles/test.elf.dir/Middlewares/Third_Party/FreeRTOS/Source/portable/GCC/ARM_CM4F/port.c.obj
                0x080023f8                vPortExitCritical
 *fill*         0x08002424        0xc 
 .text.PendSV_Handler
                0x08002430       0x64 CMakeFiles/test.elf.dir/Middlewares/Third_Party/FreeRTOS/Source/portable/GCC/ARM_CM4F/port.c.obj
                0x08002430                PendSV_Handler
 .text.xPortSysTickHandler
                0x08002494       0x2c CMakeFiles/test.elf.dir/Middlewares/Third_Party/FreeRTOS/Source/portable/GCC/ARM_CM4F/port.c.obj
                0x08002494                xPortSysTickHandler
 .text.vPortSetupTimerInterrupt
                0x080024c0       0x28 CMakeFiles/test.elf.dir/Middlewares/Third_Party/FreeRTOS/Source/portable/GCC/ARM_CM4F/port.c.obj
                0x080024c0                vPortSetupTimerInterrupt
 .text.xPortStartScheduler
                0x080024e8      0x118 CMakeFiles/test.elf.dir/Middlewares/Third_Party/FreeRTOS/Source/portable/GCC/ARM_CM4F/port.c.obj
                0x080024e8                xPortStartScheduler
 .text.vPortValidateInterruptPriority
                0x08002600       0x5c CMakeFiles/test.elf.dir/Middlewares/Third_Party/FreeRTOS/Source/portable/GCC/ARM_CM4F/port.c.obj
                0x08002600                vPortValidateInterruptPriority
 .text.prvHeapInit
                0x0800265c       0x64 CMakeFiles/test.elf.dir/Middlewares/Third_Party/FreeRTOS/Source/portable/MemMang/heap_4.c.obj
 .text.prvInsertBlockIntoFreeList
                0x080026c0       0x64 CMakeFiles/test.elf.dir/Middlewares/Third_Party/FreeRTOS/Source/portable/MemMang/heap_4.c.obj
 .text.pvPortMalloc
                0x08002724      0x104 CMakeFiles/test.elf.dir/Middlewares/Third_Party/FreeRTOS/Source/portable/MemMang/heap_4.c.obj
                0x08002724                pvPortMalloc
 .text.vPortFree
                0x08002828       0x7c CMakeFiles/test.elf.dir/Middlewares/Third_Party/FreeRTOS/Source/portable/MemMang/heap_4.c.obj
                0x08002828                vPortFree
 .text.xPortGetFreeHeapSize
                0x080028a4        0xc CMakeFiles/test.elf.dir/Middlewares/Third_Party/FreeRTOS/Source/portable/MemMang/heap_4.c.obj
                0x080028a4                xPortGetFreeHeapSize
 .text.prvGetDisinheritPriorityAfterTimeout
                0x080028b0       0x10 CMakeFiles/test.elf.dir/Middlewares/Third_Party/FreeRTOS/Source/queue.c.obj
 .text.prvIsQueueFull
                0x080028c0       0x1e CMakeFiles/test.elf.dir/Middlewares/Third_Party/FreeRTOS/Source/queue.c.obj
 .text.prvIsQueueEmpty
                0x080028de       0x1a CMakeFiles/test.elf.dir/Middlewares/Third_Party/FreeRTOS/Source/queue.c.obj
 .text.prvCopyDataToQueue
                0x080028f8       0x76 CMakeFiles/test.elf.dir/Middlewares/Third_Party/FreeRTOS/Source/queue.c.obj
 .text.prvCopyDataFromQueue
                0x0800296e       0x24 CMakeFiles/test.elf.dir/Middlewares/Third_Party/FreeRTOS/Source/queue.c.obj
 .text.prvUnlockQueue
                0x08002992       0x6e CMakeFiles/test.elf.dir/Middlewares/Third_Party/FreeRTOS/Source/queue.c.obj
 .text.xQueueGenericReset
                0x08002a00       0x84 CMakeFiles/test.elf.dir/Middlewares/Third_Party/FreeRTOS/Source/queue.c.obj
                0x08002a00                xQueueGenericReset
 .text.prvInitialiseNewQueue
                0x08002a84       0x22 CMakeFiles/test.elf.dir/Middlewares/Third_Party/FreeRTOS/Source/queue.c.obj
 .text.xQueueGenericCreateStatic
                0x08002aa6       0x94 CMakeFiles/test.elf.dir/Middlewares/Third_Party/FreeRTOS/Source/queue.c.obj
                0x08002aa6                xQueueGenericCreateStatic
 .text.xQueueGenericCreate
                0x08002b3a       0x48 CMakeFiles/test.elf.dir/Middlewares/Third_Party/FreeRTOS/Source/queue.c.obj
                0x08002b3a                xQueueGenericCreate
 .text.xQueueCreateCountingSemaphoreStatic
                0x08002b82       0x46 CMakeFiles/test.elf.dir/Middlewares/Third_Party/FreeRTOS/Source/queue.c.obj
                0x08002b82                xQueueCreateCountingSemaphoreStatic
 .text.xQueueCreateCountingSemaphore
                0x08002bc8       0x3c CMakeFiles/test.elf.dir/Middlewares/Third_Party/FreeRTOS/Source/queue.c.obj
                0x08002bc8                xQueueCreateCountingSemaphore
 .text.xQueueGenericSend
                0x08002c04      0x188 CMakeFiles/test.elf.dir/Middlewares/Third_Party/FreeRTOS/Source/queue.c.obj
                0x08002c04                xQueueGenericSend
 .text.xQueueGenericSendFromISR
                0x08002d8c       0xce CMakeFiles/test.elf.dir/Middlewares/Third_Party/FreeRTOS/Source/queue.c.obj
                0x08002d8c                xQueueGenericSendFromISR
 .text.xQueueGiveFromISR
                0x08002e5a       0xb2 CMakeFiles/test.elf.dir/Middlewares/Third_Party/FreeRTOS/Source/queue.c.obj
                0x08002e5a                xQueueGiveFromISR
 .text.xQueueReceive
                0x08002f0c      0x15e CMakeFiles/test.elf.dir/Middlewares/Third_Party/FreeRTOS/Source/queue.c.obj
                0x08002f0c                xQueueReceive
 .text.xQueueSemaphoreTake
                0x0800306a      0x1a6 CMakeFiles/test.elf.dir/Middlewares/Third_Party/FreeRTOS/Source/queue.c.obj
                0x0800306a                xQueueSemaphoreTake
 .text.xQueueReceiveFromISR
                0x08003210       0xae CMakeFiles/test.elf.dir/Middlewares/Third_Party/FreeRTOS/Source/queue.c.obj
                0x08003210                xQueueReceiveFromISR
 *fill*         0x080032be        0x2 
 .text.vQueueAddToRegistry
                0x080032c0       0x28 CMakeFiles/test.elf.dir/Middlewares/Third_Party/FreeRTOS/Source/queue.c.obj
                0x080032c0                vQueueAddToRegistry
 .text.vQueueUnregisterQueue
                0x080032e8       0x2c CMakeFiles/test.elf.dir/Middlewares/Third_Party/FreeRTOS/Source/queue.c.obj
                0x080032e8                vQueueUnregisterQueue
 .text.vQueueDelete
                0x08003314       0x2c CMakeFiles/test.elf.dir/Middlewares/Third_Party/FreeRTOS/Source/queue.c.obj
                0x08003314                vQueueDelete
 .text.vQueueWaitForMessageRestricted
                0x08003340       0x52 CMakeFiles/test.elf.dir/Middlewares/Third_Party/FreeRTOS/Source/queue.c.obj
                0x08003340                vQueueWaitForMessageRestricted
 .text.prvTaskCheckFreeStackSpace
                0x08003392       0x14 CMakeFiles/test.elf.dir/Middlewares/Third_Party/FreeRTOS/Source/tasks.c.obj
 *fill*         0x080033a6        0x2 
 .text.prvResetNextTaskUnblockTime
                0x080033a8       0x2c CMakeFiles/test.elf.dir/Middlewares/Third_Party/FreeRTOS/Source/tasks.c.obj
 .text.prvInitialiseNewTask
                0x080033d4       0xa2 CMakeFiles/test.elf.dir/Middlewares/Third_Party/FreeRTOS/Source/tasks.c.obj
 *fill*         0x08003476        0x2 
 .text.prvInitialiseTaskLists
                0x08003478       0x68 CMakeFiles/test.elf.dir/Middlewares/Third_Party/FreeRTOS/Source/tasks.c.obj
 .text.prvAddNewTaskToReadyList
                0x080034e0       0xac CMakeFiles/test.elf.dir/Middlewares/Third_Party/FreeRTOS/Source/tasks.c.obj
 .text.prvDeleteTCB
                0x0800358c       0x38 CMakeFiles/test.elf.dir/Middlewares/Third_Party/FreeRTOS/Source/tasks.c.obj
 .text.prvCheckTasksWaitingTermination
                0x080035c4       0x4c CMakeFiles/test.elf.dir/Middlewares/Third_Party/FreeRTOS/Source/tasks.c.obj
 .text.prvIdleTask
                0x08003610       0x28 CMakeFiles/test.elf.dir/Middlewares/Third_Party/FreeRTOS/Source/tasks.c.obj
 .text.prvAddCurrentTaskToDelayedList
                0x08003638       0x7c CMakeFiles/test.elf.dir/Middlewares/Third_Party/FreeRTOS/Source/tasks.c.obj
 .text.prvWriteNameToBuffer
                0x080036b4       0x22 CMakeFiles/test.elf.dir/Middlewares/Third_Party/FreeRTOS/Source/tasks.c.obj
 .text.xTaskCreateStatic
                0x080036d6       0x76 CMakeFiles/test.elf.dir/Middlewares/Third_Party/FreeRTOS/Source/tasks.c.obj
                0x080036d6                xTaskCreateStatic
 .text.xTaskCreate
                0x0800374c       0x64 CMakeFiles/test.elf.dir/Middlewares/Third_Party/FreeRTOS/Source/tasks.c.obj
                0x0800374c                xTaskCreate
 .text.eTaskGetState
                0x080037b0       0x90 CMakeFiles/test.elf.dir/Middlewares/Third_Party/FreeRTOS/Source/tasks.c.obj
                0x080037b0                eTaskGetState
 .text.vTaskStartScheduler
                0x08003840       0x98 CMakeFiles/test.elf.dir/Middlewares/Third_Party/FreeRTOS/Source/tasks.c.obj
                0x08003840                vTaskStartScheduler
 .text.vTaskSuspendAll
                0x080038d8       0x10 CMakeFiles/test.elf.dir/Middlewares/Third_Party/FreeRTOS/Source/tasks.c.obj
                0x080038d8                vTaskSuspendAll
 .text.xTaskGetTickCount
                0x080038e8        0xc CMakeFiles/test.elf.dir/Middlewares/Third_Party/FreeRTOS/Source/tasks.c.obj
                0x080038e8                xTaskGetTickCount
 .text.xTaskGetTickCountFromISR
                0x080038f4       0x10 CMakeFiles/test.elf.dir/Middlewares/Third_Party/FreeRTOS/Source/tasks.c.obj
                0x080038f4                xTaskGetTickCountFromISR
 .text.xTaskIncrementTick
                0x08003904      0x118 CMakeFiles/test.elf.dir/Middlewares/Third_Party/FreeRTOS/Source/tasks.c.obj
                0x08003904                xTaskIncrementTick
 .text.xTaskResumeAll
                0x08003a1c       0xf8 CMakeFiles/test.elf.dir/Middlewares/Third_Party/FreeRTOS/Source/tasks.c.obj
                0x08003a1c                xTaskResumeAll
 .text.vTaskDelay
                0x08003b14       0x4c CMakeFiles/test.elf.dir/Middlewares/Third_Party/FreeRTOS/Source/tasks.c.obj
                0x08003b14                vTaskDelay
 .text.vTaskSwitchContext
                0x08003b60       0x98 CMakeFiles/test.elf.dir/Middlewares/Third_Party/FreeRTOS/Source/tasks.c.obj
                0x08003b60                vTaskSwitchContext
 .text.vTaskPlaceOnEventList
                0x08003bf8       0x30 CMakeFiles/test.elf.dir/Middlewares/Third_Party/FreeRTOS/Source/tasks.c.obj
                0x08003bf8                vTaskPlaceOnEventList
 .text.vTaskPlaceOnEventListRestricted
                0x08003c28       0x38 CMakeFiles/test.elf.dir/Middlewares/Third_Party/FreeRTOS/Source/tasks.c.obj
                0x08003c28                vTaskPlaceOnEventListRestricted
 .text.xTaskRemoveFromEventList
                0x08003c60       0x8c CMakeFiles/test.elf.dir/Middlewares/Third_Party/FreeRTOS/Source/tasks.c.obj
                0x08003c60                xTaskRemoveFromEventList
 .text.vTaskInternalSetTimeOutState
                0x08003cec       0x18 CMakeFiles/test.elf.dir/Middlewares/Third_Party/FreeRTOS/Source/tasks.c.obj
                0x08003cec                vTaskInternalSetTimeOutState
 .text.xTaskCheckForTimeOut
                0x08003d04       0x84 CMakeFiles/test.elf.dir/Middlewares/Third_Party/FreeRTOS/Source/tasks.c.obj
                0x08003d04                xTaskCheckForTimeOut
 .text.vTaskMissedYield
                0x08003d88        0xc CMakeFiles/test.elf.dir/Middlewares/Third_Party/FreeRTOS/Source/tasks.c.obj
                0x08003d88                vTaskMissedYield
 .text.vTaskGetInfo
                0x08003d94       0x78 CMakeFiles/test.elf.dir/Middlewares/Third_Party/FreeRTOS/Source/tasks.c.obj
                0x08003d94                vTaskGetInfo
 .text.prvListTasksWithinSingleList
                0x08003e0c       0x5e CMakeFiles/test.elf.dir/Middlewares/Third_Party/FreeRTOS/Source/tasks.c.obj
 *fill*         0x08003e6a        0x2 
 .text.uxTaskGetSystemState
                0x08003e6c       0xb0 CMakeFiles/test.elf.dir/Middlewares/Third_Party/FreeRTOS/Source/tasks.c.obj
                0x08003e6c                uxTaskGetSystemState
 .text.xTaskGetSchedulerState
                0x08003f1c       0x20 CMakeFiles/test.elf.dir/Middlewares/Third_Party/FreeRTOS/Source/tasks.c.obj
                0x08003f1c                xTaskGetSchedulerState
 .text.xTaskPriorityInherit
                0x08003f3c       0x98 CMakeFiles/test.elf.dir/Middlewares/Third_Party/FreeRTOS/Source/tasks.c.obj
                0x08003f3c                xTaskPriorityInherit
 .text.xTaskPriorityDisinherit
                0x08003fd4       0x90 CMakeFiles/test.elf.dir/Middlewares/Third_Party/FreeRTOS/Source/tasks.c.obj
                0x08003fd4                xTaskPriorityDisinherit
 .text.vTaskPriorityDisinheritAfterTimeout
                0x08004064       0xa0 CMakeFiles/test.elf.dir/Middlewares/Third_Party/FreeRTOS/Source/tasks.c.obj
                0x08004064                vTaskPriorityDisinheritAfterTimeout
 .text.vTaskList
                0x08004104       0xbc CMakeFiles/test.elf.dir/Middlewares/Third_Party/FreeRTOS/Source/tasks.c.obj
                0x08004104                vTaskList
 .text.pvTaskIncrementMutexHeldCount
                0x080041c0       0x1c CMakeFiles/test.elf.dir/Middlewares/Third_Party/FreeRTOS/Source/tasks.c.obj
                0x080041c0                pvTaskIncrementMutexHeldCount
 .text.prvGetNextExpireTime
                0x080041dc       0x20 CMakeFiles/test.elf.dir/Middlewares/Third_Party/FreeRTOS/Source/timers.c.obj
 .text.prvInsertTimerInActiveList
                0x080041fc       0x48 CMakeFiles/test.elf.dir/Middlewares/Third_Party/FreeRTOS/Source/timers.c.obj
 .text.prvCheckForValidListAndQueue
                0x08004244       0x70 CMakeFiles/test.elf.dir/Middlewares/Third_Party/FreeRTOS/Source/timers.c.obj
 .text.xTimerCreateTimerTask
                0x080042b4       0x64 CMakeFiles/test.elf.dir/Middlewares/Third_Party/FreeRTOS/Source/timers.c.obj
                0x080042b4                xTimerCreateTimerTask
 .text.xTimerGenericCommand
                0x08004318       0x6c CMakeFiles/test.elf.dir/Middlewares/Third_Party/FreeRTOS/Source/timers.c.obj
                0x08004318                xTimerGenericCommand
 .text.prvSwitchTimerLists
                0x08004384       0x7c CMakeFiles/test.elf.dir/Middlewares/Third_Party/FreeRTOS/Source/timers.c.obj
 .text.prvSampleTimeNow
                0x08004400       0x2c CMakeFiles/test.elf.dir/Middlewares/Third_Party/FreeRTOS/Source/timers.c.obj
 .text.prvProcessExpiredTimer
                0x0800442c       0x6c CMakeFiles/test.elf.dir/Middlewares/Third_Party/FreeRTOS/Source/timers.c.obj
 .text.prvProcessTimerOrBlockTask
                0x08004498       0x74 CMakeFiles/test.elf.dir/Middlewares/Third_Party/FreeRTOS/Source/timers.c.obj
 .text.prvProcessReceivedCommands
                0x0800450c      0x10c CMakeFiles/test.elf.dir/Middlewares/Third_Party/FreeRTOS/Source/timers.c.obj
 .text.prvTimerTask
                0x08004618       0x16 CMakeFiles/test.elf.dir/Middlewares/Third_Party/FreeRTOS/Source/timers.c.obj
 *fill*         0x0800462e        0x2 
 .text.HAL_Init
                0x08004630       0x34 CMakeFiles/test.elf.dir/Drivers/STM32F4xx_HAL_Driver/Src/stm32f4xx_hal.c.obj
                0x08004630                HAL_Init
 .text.HAL_IncTick
                0x08004664       0x18 CMakeFiles/test.elf.dir/Drivers/STM32F4xx_HAL_Driver/Src/stm32f4xx_hal.c.obj
                0x08004664                HAL_IncTick
 .text.HAL_GetTick
                0x0800467c        0xc CMakeFiles/test.elf.dir/Drivers/STM32F4xx_HAL_Driver/Src/stm32f4xx_hal.c.obj
                0x0800467c                HAL_GetTick
 .text.HAL_CAN_Init
                0x08004688      0x14c CMakeFiles/test.elf.dir/Drivers/STM32F4xx_HAL_Driver/Src/stm32f4xx_hal_can.c.obj
                0x08004688                HAL_CAN_Init
 .text.HAL_CAN_ConfigFilter
                0x080047d4      0x138 CMakeFiles/test.elf.dir/Drivers/STM32F4xx_HAL_Driver/Src/stm32f4xx_hal_can.c.obj
                0x080047d4                HAL_CAN_ConfigFilter
 .text.HAL_CAN_Start
                0x0800490c       0x5c CMakeFiles/test.elf.dir/Drivers/STM32F4xx_HAL_Driver/Src/stm32f4xx_hal_can.c.obj
                0x0800490c                HAL_CAN_Start
 .text.HAL_CAN_AddTxMessage
                0x08004968       0xfc CMakeFiles/test.elf.dir/Drivers/STM32F4xx_HAL_Driver/Src/stm32f4xx_hal_can.c.obj
                0x08004968                HAL_CAN_AddTxMessage
 .text.HAL_CAN_GetTxMailboxesFreeLevel
                0x08004a64       0x32 CMakeFiles/test.elf.dir/Drivers/STM32F4xx_HAL_Driver/Src/stm32f4xx_hal_can.c.obj
                0x08004a64                HAL_CAN_GetTxMailboxesFreeLevel
 .text.HAL_CAN_GetRxMessage
                0x08004a96      0x14a CMakeFiles/test.elf.dir/Drivers/STM32F4xx_HAL_Driver/Src/stm32f4xx_hal_can.c.obj
                0x08004a96                HAL_CAN_GetRxMessage
 .text.HAL_CAN_ActivateNotification
                0x08004be0       0x24 CMakeFiles/test.elf.dir/Drivers/STM32F4xx_HAL_Driver/Src/stm32f4xx_hal_can.c.obj
                0x08004be0                HAL_CAN_ActivateNotification
 .text.HAL_CAN_TxMailbox0AbortCallback
                0x08004c04        0x2 CMakeFiles/test.elf.dir/Drivers/STM32F4xx_HAL_Driver/Src/stm32f4xx_hal_can.c.obj
                0x08004c04                HAL_CAN_TxMailbox0AbortCallback
 .text.HAL_CAN_TxMailbox1AbortCallback
                0x08004c06        0x2 CMakeFiles/test.elf.dir/Drivers/STM32F4xx_HAL_Driver/Src/stm32f4xx_hal_can.c.obj
                0x08004c06                HAL_CAN_TxMailbox1AbortCallback
 .text.HAL_CAN_TxMailbox2AbortCallback
                0x08004c08        0x2 CMakeFiles/test.elf.dir/Drivers/STM32F4xx_HAL_Driver/Src/stm32f4xx_hal_can.c.obj
                0x08004c08                HAL_CAN_TxMailbox2AbortCallback
 .text.HAL_CAN_SleepCallback
                0x08004c0a        0x2 CMakeFiles/test.elf.dir/Drivers/STM32F4xx_HAL_Driver/Src/stm32f4xx_hal_can.c.obj
                0x08004c0a                HAL_CAN_SleepCallback
 .text.HAL_CAN_WakeUpFromRxMsgCallback
                0x08004c0c        0x2 CMakeFiles/test.elf.dir/Drivers/STM32F4xx_HAL_Driver/Src/stm32f4xx_hal_can.c.obj
                0x08004c0c                HAL_CAN_WakeUpFromRxMsgCallback
 .text.HAL_CAN_IRQHandler
                0x08004c0e      0x24a CMakeFiles/test.elf.dir/Drivers/STM32F4xx_HAL_Driver/Src/stm32f4xx_hal_can.c.obj
                0x08004c0e                HAL_CAN_IRQHandler
 .text.__NVIC_SetPriority
                0x08004e58       0x28 CMakeFiles/test.elf.dir/Drivers/STM32F4xx_HAL_Driver/Src/stm32f4xx_hal_cortex.c.obj
 .text.NVIC_EncodePriority
                0x08004e80       0x3e CMakeFiles/test.elf.dir/Drivers/STM32F4xx_HAL_Driver/Src/stm32f4xx_hal_cortex.c.obj
 *fill*         0x08004ebe        0x2 
 .text.HAL_NVIC_SetPriorityGrouping
                0x08004ec0       0x24 CMakeFiles/test.elf.dir/Drivers/STM32F4xx_HAL_Driver/Src/stm32f4xx_hal_cortex.c.obj
                0x08004ec0                HAL_NVIC_SetPriorityGrouping
 .text.HAL_NVIC_SetPriority
                0x08004ee4       0x20 CMakeFiles/test.elf.dir/Drivers/STM32F4xx_HAL_Driver/Src/stm32f4xx_hal_cortex.c.obj
                0x08004ee4                HAL_NVIC_SetPriority
 .text.HAL_NVIC_EnableIRQ
                0x08004f04       0x1c CMakeFiles/test.elf.dir/Drivers/STM32F4xx_HAL_Driver/Src/stm32f4xx_hal_cortex.c.obj
                0x08004f04                HAL_NVIC_EnableIRQ
 .text.DMA_SetConfig
                0x08004f20       0x2c CMakeFiles/test.elf.dir/Drivers/STM32F4xx_HAL_Driver/Src/stm32f4xx_hal_dma.c.obj
 .text.DMA_CalcBaseAndBitshift
                0x08004f4c       0x44 CMakeFiles/test.elf.dir/Drivers/STM32F4xx_HAL_Driver/Src/stm32f4xx_hal_dma.c.obj
 .text.DMA_CheckFifoParam
                0x08004f90       0x8e CMakeFiles/test.elf.dir/Drivers/STM32F4xx_HAL_Driver/Src/stm32f4xx_hal_dma.c.obj
 *fill*         0x0800501e        0x2 
 .text.HAL_DMA_Init
                0x08005020       0xcc CMakeFiles/test.elf.dir/Drivers/STM32F4xx_HAL_Driver/Src/stm32f4xx_hal_dma.c.obj
                0x08005020                HAL_DMA_Init
 .text.HAL_DMA_Start_IT
                0x080050ec       0x6a CMakeFiles/test.elf.dir/Drivers/STM32F4xx_HAL_Driver/Src/stm32f4xx_hal_dma.c.obj
                0x080050ec                HAL_DMA_Start_IT
 .text.HAL_DMA_Abort
                0x08005156       0x94 CMakeFiles/test.elf.dir/Drivers/STM32F4xx_HAL_Driver/Src/stm32f4xx_hal_dma.c.obj
                0x08005156                HAL_DMA_Abort
 .text.HAL_DMA_Abort_IT
                0x080051ea       0x26 CMakeFiles/test.elf.dir/Drivers/STM32F4xx_HAL_Driver/Src/stm32f4xx_hal_dma.c.obj
                0x080051ea                HAL_DMA_Abort_IT
 .text.HAL_DMA_IRQHandler
                0x08005210      0x1dc CMakeFiles/test.elf.dir/Drivers/STM32F4xx_HAL_Driver/Src/stm32f4xx_hal_dma.c.obj
                0x08005210                HAL_DMA_IRQHandler
 .text.HAL_DMA_GetState
                0x080053ec        0x6 CMakeFiles/test.elf.dir/Drivers/STM32F4xx_HAL_Driver/Src/stm32f4xx_hal_dma.c.obj
                0x080053ec                HAL_DMA_GetState
 *fill*         0x080053f2        0x2 
 .text.HAL_GPIO_Init
                0x080053f4      0x1ec CMakeFiles/test.elf.dir/Drivers/STM32F4xx_HAL_Driver/Src/stm32f4xx_hal_gpio.c.obj
                0x080053f4                HAL_GPIO_Init
 .text.HAL_GPIO_WritePin
                0x080055e0        0xc CMakeFiles/test.elf.dir/Drivers/STM32F4xx_HAL_Driver/Src/stm32f4xx_hal_gpio.c.obj
                0x080055e0                HAL_GPIO_WritePin
 .text.HAL_GPIO_TogglePin
                0x080055ec       0x12 CMakeFiles/test.elf.dir/Drivers/STM32F4xx_HAL_Driver/Src/stm32f4xx_hal_gpio.c.obj
                0x080055ec                HAL_GPIO_TogglePin
 *fill*         0x080055fe        0x2 
 .text.HAL_RCC_OscConfig
                0x08005600      0x3f8 CMakeFiles/test.elf.dir/Drivers/STM32F4xx_HAL_Driver/Src/stm32f4xx_hal_rcc.c.obj
                0x08005600                HAL_RCC_OscConfig
 .text.HAL_RCC_GetSysClockFreq
                0x080059f8       0xdc CMakeFiles/test.elf.dir/Drivers/STM32F4xx_HAL_Driver/Src/stm32f4xx_hal_rcc.c.obj
                0x080059f8                HAL_RCC_GetSysClockFreq
 .text.HAL_RCC_ClockConfig
                0x08005ad4      0x160 CMakeFiles/test.elf.dir/Drivers/STM32F4xx_HAL_Driver/Src/stm32f4xx_hal_rcc.c.obj
                0x08005ad4                HAL_RCC_ClockConfig
 .text.HAL_RCC_GetHCLKFreq
                0x08005c34        0xc CMakeFiles/test.elf.dir/Drivers/STM32F4xx_HAL_Driver/Src/stm32f4xx_hal_rcc.c.obj
                0x08005c34                HAL_RCC_GetHCLKFreq
 .text.HAL_RCC_GetPCLK1Freq
                0x08005c40       0x20 CMakeFiles/test.elf.dir/Drivers/STM32F4xx_HAL_Driver/Src/stm32f4xx_hal_rcc.c.obj
                0x08005c40                HAL_RCC_GetPCLK1Freq
 .text.HAL_RCC_GetPCLK2Freq
                0x08005c60       0x20 CMakeFiles/test.elf.dir/Drivers/STM32F4xx_HAL_Driver/Src/stm32f4xx_hal_rcc.c.obj
                0x08005c60                HAL_RCC_GetPCLK2Freq
 .text.HAL_RCC_GetClockConfig
                0x08005c80       0x3c CMakeFiles/test.elf.dir/Drivers/STM32F4xx_HAL_Driver/Src/stm32f4xx_hal_rcc.c.obj
                0x08005c80                HAL_RCC_GetClockConfig
 .text.HAL_TIM_Base_MspInit
                0x08005cbc        0x2 CMakeFiles/test.elf.dir/Drivers/STM32F4xx_HAL_Driver/Src/stm32f4xx_hal_tim.c.obj
                0x08005cbc                HAL_TIM_Base_MspInit
 *fill*         0x08005cbe        0x2 
 .text.HAL_TIM_Base_Start_IT
                0x08005cc0       0x88 CMakeFiles/test.elf.dir/Drivers/STM32F4xx_HAL_Driver/Src/stm32f4xx_hal_tim.c.obj
                0x08005cc0                HAL_TIM_Base_Start_IT
 .text.HAL_TIM_OC_DelayElapsedCallback
                0x08005d48        0x2 CMakeFiles/test.elf.dir/Drivers/STM32F4xx_HAL_Driver/Src/stm32f4xx_hal_tim.c.obj
                0x08005d48                HAL_TIM_OC_DelayElapsedCallback
 .text.HAL_TIM_IC_CaptureCallback
                0x08005d4a        0x2 CMakeFiles/test.elf.dir/Drivers/STM32F4xx_HAL_Driver/Src/stm32f4xx_hal_tim.c.obj
                0x08005d4a                HAL_TIM_IC_CaptureCallback
 .text.HAL_TIM_PWM_PulseFinishedCallback
                0x08005d4c        0x2 CMakeFiles/test.elf.dir/Drivers/STM32F4xx_HAL_Driver/Src/stm32f4xx_hal_tim.c.obj
                0x08005d4c                HAL_TIM_PWM_PulseFinishedCallback
 .text.HAL_TIM_TriggerCallback
                0x08005d4e        0x2 CMakeFiles/test.elf.dir/Drivers/STM32F4xx_HAL_Driver/Src/stm32f4xx_hal_tim.c.obj
                0x08005d4e                HAL_TIM_TriggerCallback
 .text.HAL_TIM_IRQHandler
                0x08005d50      0x17a CMakeFiles/test.elf.dir/Drivers/STM32F4xx_HAL_Driver/Src/stm32f4xx_hal_tim.c.obj
                0x08005d50                HAL_TIM_IRQHandler
 *fill*         0x08005eca        0x2 
 .text.TIM_Base_SetConfig
                0x08005ecc       0xc8 CMakeFiles/test.elf.dir/Drivers/STM32F4xx_HAL_Driver/Src/stm32f4xx_hal_tim.c.obj
                0x08005ecc                TIM_Base_SetConfig
 .text.HAL_TIM_Base_Init
                0x08005f94       0x58 CMakeFiles/test.elf.dir/Drivers/STM32F4xx_HAL_Driver/Src/stm32f4xx_hal_tim.c.obj
                0x08005f94                HAL_TIM_Base_Init
 .text.HAL_TIMEx_CommutCallback
                0x08005fec        0x2 CMakeFiles/test.elf.dir/Drivers/STM32F4xx_HAL_Driver/Src/stm32f4xx_hal_tim_ex.c.obj
                0x08005fec                HAL_TIMEx_CommutCallback
 .text.HAL_TIMEx_BreakCallback
                0x08005fee        0x2 CMakeFiles/test.elf.dir/Drivers/STM32F4xx_HAL_Driver/Src/stm32f4xx_hal_tim_ex.c.obj
                0x08005fee                HAL_TIMEx_BreakCallback
 .text.UART_EndTxTransfer
                0x08005ff0       0x20 CMakeFiles/test.elf.dir/Drivers/STM32F4xx_HAL_Driver/Src/stm32f4xx_hal_uart.c.obj
 .text.UART_EndRxTransfer
                0x08006010       0x5c CMakeFiles/test.elf.dir/Drivers/STM32F4xx_HAL_Driver/Src/stm32f4xx_hal_uart.c.obj
 .text.UART_Transmit_IT
                0x0800606c       0x60 CMakeFiles/test.elf.dir/Drivers/STM32F4xx_HAL_Driver/Src/stm32f4xx_hal_uart.c.obj
 .text.UART_SetConfig
                0x080060cc      0x110 CMakeFiles/test.elf.dir/Drivers/STM32F4xx_HAL_Driver/Src/stm32f4xx_hal_uart.c.obj
 .text.HAL_UART_Init
                0x080061dc       0x5e CMakeFiles/test.elf.dir/Drivers/STM32F4xx_HAL_Driver/Src/stm32f4xx_hal_uart.c.obj
                0x080061dc                HAL_UART_Init
 *fill*         0x0800623a        0x2 
 .text.HAL_UART_Transmit_DMA
                0x0800623c       0x9c CMakeFiles/test.elf.dir/Drivers/STM32F4xx_HAL_Driver/Src/stm32f4xx_hal_uart.c.obj
                0x0800623c                HAL_UART_Transmit_DMA
 .text.UART_DMATransmitCplt
                0x080062d8       0x4c CMakeFiles/test.elf.dir/Drivers/STM32F4xx_HAL_Driver/Src/stm32f4xx_hal_uart.c.obj
 .text.UART_EndTransmit_IT
                0x08006324       0x1a CMakeFiles/test.elf.dir/Drivers/STM32F4xx_HAL_Driver/Src/stm32f4xx_hal_uart.c.obj
 .text.HAL_UART_TxHalfCpltCallback
                0x0800633e        0x2 CMakeFiles/test.elf.dir/Drivers/STM32F4xx_HAL_Driver/Src/stm32f4xx_hal_uart.c.obj
                0x0800633e                HAL_UART_TxHalfCpltCallback
 .text.UART_DMATxHalfCplt
                0x08006340        0xa CMakeFiles/test.elf.dir/Drivers/STM32F4xx_HAL_Driver/Src/stm32f4xx_hal_uart.c.obj
 .text.HAL_UART_RxHalfCpltCallback
                0x0800634a        0x2 CMakeFiles/test.elf.dir/Drivers/STM32F4xx_HAL_Driver/Src/stm32f4xx_hal_uart.c.obj
                0x0800634a                HAL_UART_RxHalfCpltCallback
 .text.UART_DMAError
                0x0800634c       0x58 CMakeFiles/test.elf.dir/Drivers/STM32F4xx_HAL_Driver/Src/stm32f4xx_hal_uart.c.obj
 .text.UART_DMAAbortOnError
                0x080063a4       0x10 CMakeFiles/test.elf.dir/Drivers/STM32F4xx_HAL_Driver/Src/stm32f4xx_hal_uart.c.obj
 .text.HAL_UARTEx_RxEventCallback
                0x080063b4        0x2 CMakeFiles/test.elf.dir/Drivers/STM32F4xx_HAL_Driver/Src/stm32f4xx_hal_uart.c.obj
                0x080063b4                HAL_UARTEx_RxEventCallback
 .text.UART_Receive_IT
                0x080063b6       0xe2 CMakeFiles/test.elf.dir/Drivers/STM32F4xx_HAL_Driver/Src/stm32f4xx_hal_uart.c.obj
 .text.HAL_UART_IRQHandler
                0x08006498      0x27c CMakeFiles/test.elf.dir/Drivers/STM32F4xx_HAL_Driver/Src/stm32f4xx_hal_uart.c.obj
                0x08006498                HAL_UART_IRQHandler
 .text.UART_DMARxHalfCplt
                0x08006714       0x1a CMakeFiles/test.elf.dir/Drivers/STM32F4xx_HAL_Driver/Src/stm32f4xx_hal_uart.c.obj
 .text.UART_DMAReceiveCplt
                0x0800672e       0x96 CMakeFiles/test.elf.dir/Drivers/STM32F4xx_HAL_Driver/Src/stm32f4xx_hal_uart.c.obj
 .text.UART_Start_Receive_IT
                0x080067c4       0x3a CMakeFiles/test.elf.dir/Drivers/STM32F4xx_HAL_Driver/Src/stm32f4xx_hal_uart.c.obj
                0x080067c4                UART_Start_Receive_IT
 .text.HAL_UART_Receive_IT
                0x080067fe       0x38 CMakeFiles/test.elf.dir/Drivers/STM32F4xx_HAL_Driver/Src/stm32f4xx_hal_uart.c.obj
                0x080067fe                HAL_UART_Receive_IT
 *fill*         0x08006836        0x2 
 .text.UART_Start_Receive_DMA
                0x08006838       0xa8 CMakeFiles/test.elf.dir/Drivers/STM32F4xx_HAL_Driver/Src/stm32f4xx_hal_uart.c.obj
                0x08006838                UART_Start_Receive_DMA
 .text.HAL_UART_Receive_DMA
                0x080068e0       0x38 CMakeFiles/test.elf.dir/Drivers/STM32F4xx_HAL_Driver/Src/stm32f4xx_hal_uart.c.obj
                0x080068e0                HAL_UART_Receive_DMA
 .text.OSLIB_Init
                0x08006918       0x34 CMakeFiles/test.elf.dir/oslib/oslib.c.obj
                0x08006918                OSLIB_Init
 .text.OSLIB_CAN_Init
                0x0800694c       0x38 CMakeFiles/test.elf.dir/oslib/port/stm32f407zg/oslib_can_port.c.obj
                0x0800694c                OSLIB_CAN_Init
 .text.OSLIB_UART_Init
                0x08006984       0x5c CMakeFiles/test.elf.dir/oslib/port/stm32f407zg/oslib_uart_port.c.obj
                0x08006984                OSLIB_UART_Init
 .text.OSLIB_CAN_Handle_Get
                0x080069e0       0x18 CMakeFiles/test.elf.dir/oslib/can/oslib_can.c.obj
 .text.OSLIB_CAN_Handle_Register
                0x080069f8       0x28 CMakeFiles/test.elf.dir/oslib/can/oslib_can.c.obj
 .text.HAL_CAN_TxMailbox0CompleteCallback
                0x08006a20       0x38 CMakeFiles/test.elf.dir/oslib/can/oslib_can.c.obj
                0x08006a20                HAL_CAN_TxMailbox0CompleteCallback
 .text.HAL_CAN_TxMailbox1CompleteCallback
                0x08006a58       0x38 CMakeFiles/test.elf.dir/oslib/can/oslib_can.c.obj
                0x08006a58                HAL_CAN_TxMailbox1CompleteCallback
 .text.HAL_CAN_TxMailbox2CompleteCallback
                0x08006a90       0x38 CMakeFiles/test.elf.dir/oslib/can/oslib_can.c.obj
                0x08006a90                HAL_CAN_TxMailbox2CompleteCallback
 .text.HAL_CAN_RxFifo0MsgPendingCallback
                0x08006ac8       0x58 CMakeFiles/test.elf.dir/oslib/can/oslib_can.c.obj
                0x08006ac8                HAL_CAN_RxFifo0MsgPendingCallback
 .text.HAL_CAN_RxFifo0FullCallback
                0x08006b20        0x2 CMakeFiles/test.elf.dir/oslib/can/oslib_can.c.obj
                0x08006b20                HAL_CAN_RxFifo0FullCallback
 .text.HAL_CAN_RxFifo1MsgPendingCallback
                0x08006b22       0x5a CMakeFiles/test.elf.dir/oslib/can/oslib_can.c.obj
                0x08006b22                HAL_CAN_RxFifo1MsgPendingCallback
 .text.HAL_CAN_RxFifo1FullCallback
                0x08006b7c        0x2 CMakeFiles/test.elf.dir/oslib/can/oslib_can.c.obj
                0x08006b7c                HAL_CAN_RxFifo1FullCallback
 *fill*         0x08006b7e        0x2 
 .text.HAL_CAN_ErrorCallback
                0x08006b80       0x8c CMakeFiles/test.elf.dir/oslib/can/oslib_can.c.obj
                0x08006b80                HAL_CAN_ErrorCallback
 .text.OSLIB_CAN_Handle_Init
                0x08006c0c       0xa4 CMakeFiles/test.elf.dir/oslib/can/oslib_can.c.obj
                0x08006c0c                OSLIB_CAN_Handle_Init
 .text.OSLIB_CAN_SendMessage
                0x08006cb0       0x62 CMakeFiles/test.elf.dir/oslib/can/oslib_can.c.obj
                0x08006cb0                OSLIB_CAN_SendMessage
 *fill*         0x08006d12        0x2 
 .text.CAN_Dispatch_Task
                0x08006d14       0x90 CMakeFiles/test.elf.dir/oslib/can/oslib_can_dispatch.c.obj
 .text.OSLIB_CAN_List32FilterConfig
                0x08006da4       0x78 CMakeFiles/test.elf.dir/oslib/can/oslib_can_dispatch.c.obj
 .text.OSLIB_CAN_List16FilterConfig
                0x08006e1c       0x88 CMakeFiles/test.elf.dir/oslib/can/oslib_can_dispatch.c.obj
 .text.OSLIB_CAN_MaskFilterConfig
                0x08006ea4       0x78 CMakeFiles/test.elf.dir/oslib/can/oslib_can_dispatch.c.obj
 .text.OSLIB_CAN_Dispatch_Init
                0x08006f1c      0x3ac CMakeFiles/test.elf.dir/oslib/can/oslib_can_dispatch.c.obj
                0x08006f1c                OSLIB_CAN_Dispatch_Init
 .text.OSLIB_UART_Handle_Register
                0x080072c8       0x28 CMakeFiles/test.elf.dir/oslib/uart/oslib_uart.c.obj
 .text.OSLIB_UART_Handle_Get
                0x080072f0       0x18 CMakeFiles/test.elf.dir/oslib/uart/oslib_uart.c.obj
                0x080072f0                OSLIB_UART_Handle_Get
 .text.HAL_UART_TxCpltCallback
                0x08007308       0x38 CMakeFiles/test.elf.dir/oslib/uart/oslib_uart.c.obj
                0x08007308                HAL_UART_TxCpltCallback
 .text.HAL_UART_RxCpltCallback
                0x08007340       0x58 CMakeFiles/test.elf.dir/oslib/uart/oslib_uart.c.obj
                0x08007340                HAL_UART_RxCpltCallback
 .text.HAL_UART_ErrorCallback
                0x08007398       0xe4 CMakeFiles/test.elf.dir/oslib/uart/oslib_uart.c.obj
                0x08007398                HAL_UART_ErrorCallback
 .text.OSLIB_UART_RxIdleCallback
                0x0800747c       0xb8 CMakeFiles/test.elf.dir/oslib/uart/oslib_uart.c.obj
                0x0800747c                OSLIB_UART_RxIdleCallback
 .text.OSLIB_UART_Handle_DMA_Init
                0x08007534       0x68 CMakeFiles/test.elf.dir/oslib/uart/oslib_uart.c.obj
                0x08007534                OSLIB_UART_Handle_DMA_Init
 .text.OSLIB_UART_Printf
                0x0800759c       0x88 CMakeFiles/test.elf.dir/oslib/uart/oslib_uart.c.obj
                0x0800759c                OSLIB_UART_Printf
 .text.OSLIB_UART_SendData
                0x08007624       0x78 CMakeFiles/test.elf.dir/oslib/uart/oslib_uart.c.obj
                0x08007624                OSLIB_UART_SendData
 .text.OSLIB_UART_CLI_StrTok
                0x0800769c       0x5c CMakeFiles/test.elf.dir/oslib/uart/oslib_uart_cmd.c.obj
 .text.OSLIB_UART_CLI_CommandSplit
                0x080076f8       0x20 CMakeFiles/test.elf.dir/oslib/uart/oslib_uart_cmd.c.obj
 .text.Command_Help
                0x08007718       0x14 CMakeFiles/test.elf.dir/oslib/uart/oslib_uart_cmd.c.obj
 .text._Command_Help
                0x0800772c       0x1c CMakeFiles/test.elf.dir/oslib/uart/oslib_uart_cmd.c.obj
 .text.OSLIB_UART_CLI_ProcessCommand
                0x08007748       0x5c CMakeFiles/test.elf.dir/oslib/uart/oslib_uart_cmd.c.obj
 .text.UART_CLI_Task
                0x080077a4       0x5c CMakeFiles/test.elf.dir/oslib/uart/oslib_uart_cmd.c.obj
 .text.OSLIB_UART_CLI_AddCommand
                0x08007800       0x24 CMakeFiles/test.elf.dir/oslib/uart/oslib_uart_cmd.c.obj
                0x08007800                OSLIB_UART_CLI_AddCommand
 .text.OSLIB_UART_CLI_Init
                0x08007824       0x78 CMakeFiles/test.elf.dir/oslib/uart/oslib_uart_cmd.c.obj
                0x08007824                OSLIB_UART_CLI_Init
 .text.cmpAtom  0x0800789c        0x8 CMakeFiles/test.elf.dir/oslib/utils/oslib_hash.c.obj
 .text.hashAtom
                0x080078a4        0x4 CMakeFiles/test.elf.dir/oslib/utils/oslib_hash.c.obj
 .text.freeKeyAtom
                0x080078a8        0x2 CMakeFiles/test.elf.dir/oslib/utils/oslib_hash.c.obj
 .text.cmpStr   0x080078aa        0xe CMakeFiles/test.elf.dir/oslib/utils/oslib_hash.c.obj
                0x080078aa                cmpStr
 .text.hashStr  0x080078b8       0x1a CMakeFiles/test.elf.dir/oslib/utils/oslib_hash.c.obj
                0x080078b8                hashStr
 *fill*         0x080078d2        0x2 
 .text.HashTable_create
                0x080078d4       0x54 CMakeFiles/test.elf.dir/oslib/utils/oslib_hash.c.obj
                0x080078d4                HashTable_create
 .text.HashTable_insert
                0x08007928       0xa8 CMakeFiles/test.elf.dir/oslib/utils/oslib_hash.c.obj
                0x08007928                HashTable_insert
 .text.HashTable_get
                0x080079d0       0x70 CMakeFiles/test.elf.dir/oslib/utils/oslib_hash.c.obj
                0x080079d0                HashTable_get
 .text.HashTable_map
                0x08007a40       0x7c CMakeFiles/test.elf.dir/oslib/utils/oslib_hash.c.obj
                0x08007a40                HashTable_map
 .text._GetAvailWriteSpace
                0x08007abc       0x18 CMakeFiles/test.elf.dir/oslib/debug/SEGGER_RTT.c.obj
 .text._WriteNoCheck
                0x08007ad4       0x4c CMakeFiles/test.elf.dir/oslib/debug/SEGGER_RTT.c.obj
 .text._WriteBlocking
                0x08007b20       0x62 CMakeFiles/test.elf.dir/oslib/debug/SEGGER_RTT.c.obj
 *fill*         0x08007b82        0x2 
 .text._DoInit  0x08007b84       0x70 CMakeFiles/test.elf.dir/oslib/debug/SEGGER_RTT.c.obj
 .text.SEGGER_RTT_WriteNoLock
                0x08007bf4       0x6c CMakeFiles/test.elf.dir/oslib/debug/SEGGER_RTT.c.obj
                0x08007bf4                SEGGER_RTT_WriteNoLock
 .text.SEGGER_RTT_Write
                0x08007c60       0x34 CMakeFiles/test.elf.dir/oslib/debug/SEGGER_RTT.c.obj
                0x08007c60                SEGGER_RTT_Write
 .text._StoreChar
                0x08007c94       0x40 CMakeFiles/test.elf.dir/oslib/debug/SEGGER_RTT_printf.c.obj
 .text._PrintUnsigned
                0x08007cd4       0xe0 CMakeFiles/test.elf.dir/oslib/debug/SEGGER_RTT_printf.c.obj
 .text._PrintInt
                0x08007db4       0xea CMakeFiles/test.elf.dir/oslib/debug/SEGGER_RTT_printf.c.obj
 *fill*         0x08007e9e        0x2 
 .text.SEGGER_RTT_vprintf
                0x08007ea0      0x1f0 CMakeFiles/test.elf.dir/oslib/debug/SEGGER_RTT_printf.c.obj
                0x08007ea0                SEGGER_RTT_vprintf
 .text.SEGGER_RTT_printf
                0x08008090       0x1e CMakeFiles/test.elf.dir/oslib/debug/SEGGER_RTT_printf.c.obj
                0x08008090                SEGGER_RTT_printf
 *fill*         0x080080ae        0x2 
 .text.OSLIB_Elog_Init
                0x080080b0       0x58 CMakeFiles/test.elf.dir/oslib/components/easylogger/port/elog_port.c.obj
                0x080080b0                OSLIB_Elog_Init
 .text.elog_port_init
                0x08008108       0x40 CMakeFiles/test.elf.dir/oslib/components/easylogger/port/elog_port.c.obj
                0x08008108                elog_port_init
 .text.elog_port_output
                0x08008148       0x14 CMakeFiles/test.elf.dir/oslib/components/easylogger/port/elog_port.c.obj
                0x08008148                elog_port_output
 .text.StartElogTask
                0x0800815c       0x3c CMakeFiles/test.elf.dir/oslib/components/easylogger/port/elog_port.c.obj
                0x0800815c                StartElogTask
 .text.elog_port_async_lock
                0x08008198       0x18 CMakeFiles/test.elf.dir/oslib/components/easylogger/port/elog_port.c.obj
                0x08008198                elog_port_async_lock
 .text.elog_port_async_unlock
                0x080081b0       0x10 CMakeFiles/test.elf.dir/oslib/components/easylogger/port/elog_port.c.obj
                0x080081b0                elog_port_async_unlock
 .text.elog_port_output_lock
                0x080081c0       0x18 CMakeFiles/test.elf.dir/oslib/components/easylogger/port/elog_port.c.obj
                0x080081c0                elog_port_output_lock
 .text.elog_port_output_unlock
                0x080081d8       0x10 CMakeFiles/test.elf.dir/oslib/components/easylogger/port/elog_port.c.obj
                0x080081d8                elog_port_output_unlock
 .text.elog_port_get_time
                0x080081e8       0x20 CMakeFiles/test.elf.dir/oslib/components/easylogger/port/elog_port.c.obj
                0x080081e8                elog_port_get_time
 .text.elog_port_get_p_info
                0x08008208        0x8 CMakeFiles/test.elf.dir/oslib/components/easylogger/port/elog_port.c.obj
                0x08008208                elog_port_get_p_info
 .text.elog_port_get_t_info
                0x08008210        0x8 CMakeFiles/test.elf.dir/oslib/components/easylogger/port/elog_port.c.obj
                0x08008210                elog_port_get_t_info
 .text.elog_async_output_notice
                0x08008218       0x1c CMakeFiles/test.elf.dir/oslib/components/easylogger/port/elog_port.c.obj
                0x08008218                elog_async_output_notice
 .text.Command_Log_SetTagFiltLVL
                0x08008234       0xe4 CMakeFiles/test.elf.dir/oslib/components/easylogger/port/elog_cmd.c.obj
 .text.Command_Log_SetFiltLVL
                0x08008318       0xd4 CMakeFiles/test.elf.dir/oslib/components/easylogger/port/elog_cmd.c.obj
 .text.Command_Log_ColorEnable
                0x080083ec       0x5c CMakeFiles/test.elf.dir/oslib/components/easylogger/port/elog_cmd.c.obj
 .text.Command_Log_OutPutEnable
                0x08008448       0x5c CMakeFiles/test.elf.dir/oslib/components/easylogger/port/elog_cmd.c.obj
 .text.OSLIB_UART_CLI_AddElogCMD
                0x080084a4       0x64 CMakeFiles/test.elf.dir/oslib/components/easylogger/port/elog_cmd.c.obj
                0x080084a4                OSLIB_UART_CLI_AddElogCMD
 .text.elog_set_filter_tag_lvl_default
                0x08008508       0x48 CMakeFiles/test.elf.dir/oslib/components/easylogger/src/elog.c.obj
 .text.elog_set_output_enabled
                0x08008550        0xc CMakeFiles/test.elf.dir/oslib/components/easylogger/src/elog.c.obj
                0x08008550                elog_set_output_enabled
 .text.elog_set_text_color_enabled
                0x0800855c        0xc CMakeFiles/test.elf.dir/oslib/components/easylogger/src/elog.c.obj
                0x0800855c                elog_set_text_color_enabled
 .text.elog_output_lock
                0x08008568       0x28 CMakeFiles/test.elf.dir/oslib/components/easylogger/src/elog.c.obj
                0x08008568                elog_output_lock
 .text.elog_output_unlock
                0x08008590       0x28 CMakeFiles/test.elf.dir/oslib/components/easylogger/src/elog.c.obj
                0x08008590                elog_output_unlock
 .text.elog_output
                0x080085b8      0x394 CMakeFiles/test.elf.dir/oslib/components/easylogger/src/elog.c.obj
                0x080085b8                elog_output
 .text.elog_start
                0x0800894c       0x50 CMakeFiles/test.elf.dir/oslib/components/easylogger/src/elog.c.obj
                0x0800894c                elog_start
 .text.elog_set_fmt
                0x0800899c       0x68 CMakeFiles/test.elf.dir/oslib/components/easylogger/src/elog.c.obj
                0x0800899c                elog_set_fmt
 .text.elog_set_filter_lvl
                0x08008a04       0x60 CMakeFiles/test.elf.dir/oslib/components/easylogger/src/elog.c.obj
                0x08008a04                elog_set_filter_lvl
 .text.elog_set_filter_tag_lvl
                0x08008a64      0x174 CMakeFiles/test.elf.dir/oslib/components/easylogger/src/elog.c.obj
                0x08008a64                elog_set_filter_tag_lvl
 .text.elog_get_filter_tag_lvl
                0x08008bd8       0xb4 CMakeFiles/test.elf.dir/oslib/components/easylogger/src/elog.c.obj
                0x08008bd8                elog_get_filter_tag_lvl
 .text.get_fmt_enabled
                0x08008c8c       0x70 CMakeFiles/test.elf.dir/oslib/components/easylogger/src/elog.c.obj
 .text.elog_output_lock_enabled
                0x08008cfc       0x34 CMakeFiles/test.elf.dir/oslib/components/easylogger/src/elog.c.obj
                0x08008cfc                elog_output_lock_enabled
 .text.elog_init
                0x08008d30       0x54 CMakeFiles/test.elf.dir/oslib/components/easylogger/src/elog.c.obj
                0x08008d30                elog_init
 .text.elog_async_get_buf_used
                0x08008d84       0x40 CMakeFiles/test.elf.dir/oslib/components/easylogger/src/elog_async.c.obj
 .text.async_get_buf_space
                0x08008dc4        0xc CMakeFiles/test.elf.dir/oslib/components/easylogger/src/elog_async.c.obj
 .text.elog_async_lock
                0x08008dd0        0x8 CMakeFiles/test.elf.dir/oslib/components/easylogger/src/elog_async.c.obj
                0x08008dd0                elog_async_lock
 .text.elog_async_unlock
                0x08008dd8        0x8 CMakeFiles/test.elf.dir/oslib/components/easylogger/src/elog_async.c.obj
                0x08008dd8                elog_async_unlock
 .text.async_put_log
                0x08008de0       0x84 CMakeFiles/test.elf.dir/oslib/components/easylogger/src/elog_async.c.obj
 .text.elog_async_get_log
                0x08008e64       0x8c CMakeFiles/test.elf.dir/oslib/components/easylogger/src/elog_async.c.obj
                0x08008e64                elog_async_get_log
 .text.elog_async_output
                0x08008ef0       0x28 CMakeFiles/test.elf.dir/oslib/components/easylogger/src/elog_async.c.obj
                0x08008ef0                elog_async_output
 .text.elog_async_enabled
                0x08008f18        0xc CMakeFiles/test.elf.dir/oslib/components/easylogger/src/elog_async.c.obj
                0x08008f18                elog_async_enabled
 .text.elog_async_init
                0x08008f24       0x14 CMakeFiles/test.elf.dir/oslib/components/easylogger/src/elog_async.c.obj
                0x08008f24                elog_async_init
 .text.elog_strcpy
                0x08008f38       0xac CMakeFiles/test.elf.dir/oslib/components/easylogger/src/elog_utils.c.obj
                0x08008f38                elog_strcpy
 .text.CanCallback_EchoID
                0x08008fe4       0x18 CMakeFiles/test.elf.dir/oslib/example/can_func.c.obj
 .text.Command_CanSend
                0x08008ffc       0x84 CMakeFiles/test.elf.dir/oslib/example/cmd_func.c.obj
 .text.Command_Echo
                0x08009080       0x24 CMakeFiles/test.elf.dir/oslib/example/cmd_func.c.obj
 .text.Command_Hello
                0x080090a4       0x10 CMakeFiles/test.elf.dir/oslib/example/cmd_func.c.obj
 .text.Command_Task
                0x080090b4       0x3c CMakeFiles/test.elf.dir/oslib/example/cmd_func.c.obj
 .text.DJIBoard_MotorOn
                0x080090f0       0x24 CMakeFiles/test.elf.dir/BUPT_RobotTeam_Libraries/MotorLib/dji_boardv2_can.c.obj
                0x080090f0                DJIBoard_MotorOn
 .text.DJIBoard_VelCfg
                0x08009114       0x24 CMakeFiles/test.elf.dir/BUPT_RobotTeam_Libraries/MotorLib/dji_boardv2_can.c.obj
                0x08009114                DJIBoard_VelCfg
 .text.DJIBoard_VelCtrl
                0x08009138       0x22 CMakeFiles/test.elf.dir/BUPT_RobotTeam_Libraries/MotorLib/dji_boardv2_can.c.obj
                0x08009138                DJIBoard_VelCtrl
 .text.DJIBoard_PosCtrlAll
                0x0800915a       0x2e CMakeFiles/test.elf.dir/BUPT_RobotTeam_Libraries/MotorLib/dji_boardv2_can.c.obj
                0x0800915a                DJIBoard_PosCtrlAll
 .text.comm_can_transmit_eid
                0x08009188       0x14 CMakeFiles/test.elf.dir/BUPT_RobotTeam_Libraries/MotorLib/vesc_can.c.obj
                0x08009188                comm_can_transmit_eid
 .text.buffer_append_int32
                0x0800919c       0x2c CMakeFiles/test.elf.dir/BUPT_RobotTeam_Libraries/MotorLib/vesc_can.c.obj
                0x0800919c                buffer_append_int32
 .text.comm_can_set_duty
                0x080091c8       0x48 CMakeFiles/test.elf.dir/BUPT_RobotTeam_Libraries/MotorLib/vesc_can.c.obj
                0x080091c8                comm_can_set_duty
 .text.comm_can_set_rpm
                0x08009210       0x2c CMakeFiles/test.elf.dir/BUPT_RobotTeam_Libraries/MotorLib/vesc_can.c.obj
                0x08009210                comm_can_set_rpm
 .text.buffer_append_float32
                0x0800923c       0x16 CMakeFiles/test.elf.dir/BUPT_RobotTeam_Libraries/MotorLib/vesc_can.c.obj
                0x0800923c                buffer_append_float32
 *fill*         0x08009252        0x2 
 .text.comm_can_set_handbrake
                0x08009254       0x2c CMakeFiles/test.elf.dir/BUPT_RobotTeam_Libraries/MotorLib/vesc_can.c.obj
                0x08009254                comm_can_set_handbrake
 .text._ZN11PathTrackerD2Ev
                0x08009280       0x1c CMakeFiles/test.elf.dir/BUPT_RobotTeam_Libraries/ChassisLib_CXX/ctrlPathTracker.cpp.obj
                0x08009280                PathTracker::~PathTracker()
                0x08009280                PathTracker::~PathTracker()
 .text._ZN11PathTrackerD0Ev
                0x0800929c       0x14 CMakeFiles/test.elf.dir/BUPT_RobotTeam_Libraries/ChassisLib_CXX/ctrlPathTracker.cpp.obj
                0x0800929c                PathTracker::~PathTracker()
 .text._ZN11PathTrackerC2EP11BaseChassis
                0x080092b0       0xbc CMakeFiles/test.elf.dir/BUPT_RobotTeam_Libraries/ChassisLib_CXX/ctrlPathTracker.cpp.obj
                0x080092b0                PathTracker::PathTracker(BaseChassis*)
                0x080092b0                PathTracker::PathTracker(BaseChassis*)
 .text._ZN8Go2PointC2EP11BaseChassis
                0x0800936c       0xc4 CMakeFiles/test.elf.dir/BUPT_RobotTeam_Libraries/ChassisLib_CXX/ctrlGo2Point.cpp.obj
                0x0800936c                Go2Point::Go2Point(BaseChassis*)
                0x0800936c                Go2Point::Go2Point(BaseChassis*)
 .text._ZN10YawTurningC2EP11BaseChassis
                0x08009430       0x44 CMakeFiles/test.elf.dir/BUPT_RobotTeam_Libraries/ChassisLib_CXX/ctrlMacro.cpp.obj
                0x08009430                YawTurning::YawTurning(BaseChassis*)
                0x08009430                YawTurning::YawTurning(BaseChassis*)
 .text._Z41__static_initialization_and_destruction_0ii
                0x08009474       0x68 CMakeFiles/test.elf.dir/BUPT_RobotTeam_Libraries/ChassisLib_CXX/app_example/chassis_ctrl.cpp.obj
 .text._GLOBAL__sub_I_chassis
                0x080094dc        0xe CMakeFiles/test.elf.dir/BUPT_RobotTeam_Libraries/ChassisLib_CXX/app_example/chassis_ctrl.cpp.obj
 *fill*         0x080094ea        0x2 
 .text._ZN13SW_DriveMotorD2Ev
                0x080094ec        0xc CMakeFiles/test.elf.dir/BUPT_RobotTeam_Libraries/ChassisLib_CXX/steer_wheel.cpp.obj
                0x080094ec                SW_DriveMotor::~SW_DriveMotor()
                0x080094ec                SW_DriveMotor::~SW_DriveMotor()
 .text._ZN13SW_SteerMotorD2Ev
                0x080094f8        0xc CMakeFiles/test.elf.dir/BUPT_RobotTeam_Libraries/ChassisLib_CXX/steer_wheel.cpp.obj
                0x080094f8                SW_SteerMotor::~SW_SteerMotor()
                0x080094f8                SW_SteerMotor::~SW_SteerMotor()
 .text._ZN13SW_DriveMotor9HandbrakeEf
                0x08009504       0x38 CMakeFiles/test.elf.dir/BUPT_RobotTeam_Libraries/ChassisLib_CXX/steer_wheel.cpp.obj
                0x08009504                SW_DriveMotor::Handbrake(float)
 .text._ZN13SW_DriveMotorD0Ev
                0x0800953c       0x18 CMakeFiles/test.elf.dir/BUPT_RobotTeam_Libraries/ChassisLib_CXX/steer_wheel.cpp.obj
                0x0800953c                SW_DriveMotor::~SW_DriveMotor()
 .text._ZN13SW_SteerMotorD0Ev
                0x08009554       0x18 CMakeFiles/test.elf.dir/BUPT_RobotTeam_Libraries/ChassisLib_CXX/steer_wheel.cpp.obj
                0x08009554                SW_SteerMotor::~SW_SteerMotor()
 .text._ZN13SW_SteerMotorC2Ev
                0x0800956c       0x18 CMakeFiles/test.elf.dir/BUPT_RobotTeam_Libraries/ChassisLib_CXX/steer_wheel.cpp.obj
                0x0800956c                SW_SteerMotor::SW_SteerMotor()
                0x0800956c                SW_SteerMotor::SW_SteerMotor()
 .text._ZN13SW_SteerMotor23SW_SteerMotors_LimitPosEPf
                0x08009584       0x48 CMakeFiles/test.elf.dir/BUPT_RobotTeam_Libraries/ChassisLib_CXX/steer_wheel.cpp.obj
                0x08009584                SW_SteerMotor::SW_SteerMotors_LimitPos(float*)
 *fill*         0x080095cc        0x4 
 .text._ZN13SW_SteerMotor6SetPosEPf
                0x080095d0       0x5c CMakeFiles/test.elf.dir/BUPT_RobotTeam_Libraries/ChassisLib_CXX/steer_wheel.cpp.obj
                0x080095d0                SW_SteerMotor::SetPos(float*)
 .text._ZN13SW_DriveMotor25SW_DriveMotors_LimitSpeedEPf
                0x0800962c       0x3a CMakeFiles/test.elf.dir/BUPT_RobotTeam_Libraries/ChassisLib_CXX/steer_wheel.cpp.obj
                0x0800962c                SW_DriveMotor::SW_DriveMotors_LimitSpeed(float*)
 *fill*         0x08009666        0x2 
 .text._ZN13SW_DriveMotor13SW_Speed2eRPMEf
                0x08009668       0x20 CMakeFiles/test.elf.dir/BUPT_RobotTeam_Libraries/ChassisLib_CXX/steer_wheel.cpp.obj
                0x08009668                SW_DriveMotor::SW_Speed2eRPM(float)
 .text._ZN13SW_DriveMotor8SetSpeedEPf
                0x08009688       0x6c CMakeFiles/test.elf.dir/BUPT_RobotTeam_Libraries/ChassisLib_CXX/steer_wheel.cpp.obj
                0x08009688                SW_DriveMotor::SetSpeed(float*)
 .text._ZN13RudderChassisD2Ev
                0x080096f4       0x2c CMakeFiles/test.elf.dir/BUPT_RobotTeam_Libraries/ChassisLib_CXX/rudder_chassis.cpp.obj
                0x080096f4                RudderChassis::~RudderChassis()
                0x080096f4                RudderChassis::~RudderChassis()
 .text._ZN13RudderChassisD0Ev
                0x08009720       0x14 CMakeFiles/test.elf.dir/BUPT_RobotTeam_Libraries/ChassisLib_CXX/rudder_chassis.cpp.obj
                0x08009720                RudderChassis::~RudderChassis()
 .text._ZN13SW_DriveMotorC2Ev
                0x08009734       0x34 CMakeFiles/test.elf.dir/BUPT_RobotTeam_Libraries/ChassisLib_CXX/rudder_chassis.cpp.obj
                0x08009734                SW_DriveMotor::SW_DriveMotor()
                0x08009734                SW_DriveMotor::SW_DriveMotor()
 .text._ZN13RudderChassisC2Ev
                0x08009768       0x88 CMakeFiles/test.elf.dir/BUPT_RobotTeam_Libraries/ChassisLib_CXX/rudder_chassis.cpp.obj
                0x08009768                RudderChassis::RudderChassis()
                0x08009768                RudderChassis::RudderChassis()
 .text._ZN13RudderChassis26RudderChassis_TurnMinorArcEfRfS0_
                0x080097f0       0xf8 CMakeFiles/test.elf.dir/BUPT_RobotTeam_Libraries/ChassisLib_CXX/rudder_chassis.cpp.obj
                0x080097f0                RudderChassis::RudderChassis_TurnMinorArc(float, float&, float&)
 .text._ZN13RudderChassis11ChassisMoveEfff
                0x080098e8      0x288 CMakeFiles/test.elf.dir/BUPT_RobotTeam_Libraries/ChassisLib_CXX/rudder_chassis.cpp.obj
                0x080098e8                RudderChassis::ChassisMove(float, float, float)
 .text.__aeabi_atexit
                0x08009b70        0xc c:/progra~2/armgnu~1/12977f~1.2mp/bin/../lib/gcc/arm-none-eabi/12.2.1/thumb/v7e-m+fp/hard\libstdc++.a(atexit_arm.o)
                0x08009b70                __aeabi_atexit
 .text._ZNK10__cxxabiv117__class_type_info11__do_upcastEPKS0_PPv
                0x08009b7c       0x34 c:/progra~2/armgnu~1/12977f~1.2mp/bin/../lib/gcc/arm-none-eabi/12.2.1/thumb/v7e-m+fp/hard\libstdc++.a(class_type_info.o)
                0x08009b7c                __cxxabiv1::__class_type_info::__do_upcast(__cxxabiv1::__class_type_info const*, void**) const
 .text._ZNK10__cxxabiv117__class_type_info20__do_find_public_srcEiPKvPKS0_S2_
                0x08009bb0        0xc c:/progra~2/armgnu~1/12977f~1.2mp/bin/../lib/gcc/arm-none-eabi/12.2.1/thumb/v7e-m+fp/hard\libstdc++.a(class_type_info.o)
                0x08009bb0                __cxxabiv1::__class_type_info::__do_find_public_src(int, void const*, __cxxabiv1::__class_type_info const*, void const*) const
 .text._ZN10__cxxabiv117__class_type_infoD2Ev
                0x08009bbc       0x14 c:/progra~2/armgnu~1/12977f~1.2mp/bin/../lib/gcc/arm-none-eabi/12.2.1/thumb/v7e-m+fp/hard\libstdc++.a(class_type_info.o)
                0x08009bbc                __cxxabiv1::__class_type_info::~__class_type_info()
                0x08009bbc                __cxxabiv1::__class_type_info::~__class_type_info()
 .text._ZN10__cxxabiv117__class_type_infoD0Ev
                0x08009bd0       0x1c c:/progra~2/armgnu~1/12977f~1.2mp/bin/../lib/gcc/arm-none-eabi/12.2.1/thumb/v7e-m+fp/hard\libstdc++.a(class_type_info.o)
                0x08009bd0                __cxxabiv1::__class_type_info::~__class_type_info()
 .text._ZNK10__cxxabiv117__class_type_info12__do_dyncastEiNS0_10__sub_kindEPKS0_PKvS3_S5_RNS0_16__dyncast_resultE
                0x08009bec       0x44 c:/progra~2/armgnu~1/12977f~1.2mp/bin/../lib/gcc/arm-none-eabi/12.2.1/thumb/v7e-m+fp/hard\libstdc++.a(class_type_info.o)
                0x08009bec                __cxxabiv1::__class_type_info::__do_dyncast(int, __cxxabiv1::__class_type_info::__sub_kind, __cxxabiv1::__class_type_info const*, void const*, __cxxabiv1::__class_type_info const*, void const*, __cxxabiv1::__class_type_info::__dyncast_result&) const
 .text._ZNK10__cxxabiv117__class_type_info11__do_upcastEPKS0_PKvRNS0_15__upcast_resultE
                0x08009c30       0x1c c:/progra~2/armgnu~1/12977f~1.2mp/bin/../lib/gcc/arm-none-eabi/12.2.1/thumb/v7e-m+fp/hard\libstdc++.a(class_type_info.o)
                0x08009c30                __cxxabiv1::__class_type_info::__do_upcast(__cxxabiv1::__class_type_info const*, void const*, __cxxabiv1::__class_type_info::__upcast_result&) const
 .text._ZNK10__cxxabiv117__class_type_info10__do_catchEPKSt9type_infoPPvj
                0x08009c4c       0x2c c:/progra~2/armgnu~1/12977f~1.2mp/bin/../lib/gcc/arm-none-eabi/12.2.1/thumb/v7e-m+fp/hard\libstdc++.a(class_type_info.o)
                0x08009c4c                __cxxabiv1::__class_type_info::__do_catch(std::type_info const*, void**, unsigned int) const
 .text._ZdlPvj  0x08009c78        0x4 c:/progra~2/armgnu~1/12977f~1.2mp/bin/../lib/gcc/arm-none-eabi/12.2.1/thumb/v7e-m+fp/hard\libstdc++.a(del_ops.o)
                0x08009c78                operator delete(void*, unsigned int)
 .text.__cxa_end_cleanup
                0x08009c7c        0xc c:/progra~2/armgnu~1/12977f~1.2mp/bin/../lib/gcc/arm-none-eabi/12.2.1/thumb/v7e-m+fp/hard\libstdc++.a(eh_arm.o)
                0x08009c7c                __cxa_end_cleanup
 .text.__cxa_type_match
                0x08009c88       0xa8 c:/progra~2/armgnu~1/12977f~1.2mp/bin/../lib/gcc/arm-none-eabi/12.2.1/thumb/v7e-m+fp/hard\libstdc++.a(eh_arm.o)
                0x08009c88                __cxa_type_match
 .text.__cxa_begin_cleanup
                0x08009d30       0x64 c:/progra~2/armgnu~1/12977f~1.2mp/bin/../lib/gcc/arm-none-eabi/12.2.1/thumb/v7e-m+fp/hard\libstdc++.a(eh_arm.o)
                0x08009d30                __cxa_begin_cleanup
 .text.__gnu_end_cleanup
                0x08009d94       0x70 c:/progra~2/armgnu~1/12977f~1.2mp/bin/../lib/gcc/arm-none-eabi/12.2.1/thumb/v7e-m+fp/hard\libstdc++.a(eh_arm.o)
                0x08009d94                __gnu_end_cleanup
 .text._ZNSt9exceptionD2Ev
                0x08009e04        0x4 c:/progra~2/armgnu~1/12977f~1.2mp/bin/../lib/gcc/arm-none-eabi/12.2.1/thumb/v7e-m+fp/hard\libstdc++.a(eh_exception.o)
                0x08009e04                std::exception::~exception()
                0x08009e04                std::exception::~exception()
 .text._ZNSt13bad_exceptionD2Ev
                0x08009e08        0x4 c:/progra~2/armgnu~1/12977f~1.2mp/bin/../lib/gcc/arm-none-eabi/12.2.1/thumb/v7e-m+fp/hard\libstdc++.a(eh_exception.o)
                0x08009e08                std::bad_exception::~bad_exception()
                0x08009e08                std::bad_exception::~bad_exception()
 .text._ZNKSt13bad_exception4whatEv
                0x08009e0c        0x8 c:/progra~2/armgnu~1/12977f~1.2mp/bin/../lib/gcc/arm-none-eabi/12.2.1/thumb/v7e-m+fp/hard\libstdc++.a(eh_exception.o)
                0x08009e0c                std::bad_exception::what() const
                0x08009e0c                transaction clone for std::bad_exception::what() const
 .text._ZNSt13bad_exceptionD0Ev
                0x08009e14       0x10 c:/progra~2/armgnu~1/12977f~1.2mp/bin/../lib/gcc/arm-none-eabi/12.2.1/thumb/v7e-m+fp/hard\libstdc++.a(eh_exception.o)
                0x08009e14                std::bad_exception::~bad_exception()
 .text._ZN12_GLOBAL__N_113constant_initD2Ev
                0x08009e24        0x4 c:/progra~2/armgnu~1/12977f~1.2mp/bin/../lib/gcc/arm-none-eabi/12.2.1/thumb/v7e-m+fp/hard\libstdc++.a(eh_globals.o)
 .text.__cxa_get_globals_fast
                0x08009e28        0x8 c:/progra~2/armgnu~1/12977f~1.2mp/bin/../lib/gcc/arm-none-eabi/12.2.1/thumb/v7e-m+fp/hard\libstdc++.a(eh_globals.o)
                0x08009e28                __cxa_get_globals_fast
 .text.__cxa_get_globals
                0x08009e30        0x8 c:/progra~2/armgnu~1/12977f~1.2mp/bin/../lib/gcc/arm-none-eabi/12.2.1/thumb/v7e-m+fp/hard\libstdc++.a(eh_globals.o)
                0x08009e30                __cxa_get_globals
 .text.startup._GLOBAL__sub_I___cxa_get_globals_fast
                0x08009e38       0x18 c:/progra~2/armgnu~1/12977f~1.2mp/bin/../lib/gcc/arm-none-eabi/12.2.1/thumb/v7e-m+fp/hard\libstdc++.a(eh_globals.o)
 .text._ZL28read_encoded_value_with_basehjPKhPj
                0x08009e50       0xc0 c:/progra~2/armgnu~1/12977f~1.2mp/bin/../lib/gcc/arm-none-eabi/12.2.1/thumb/v7e-m+fp/hard\libstdc++.a(eh_personality.o)
 .text._ZL21base_of_encoded_valuehP15_Unwind_Context
                0x08009f10       0x44 c:/progra~2/armgnu~1/12977f~1.2mp/bin/../lib/gcc/arm-none-eabi/12.2.1/thumb/v7e-m+fp/hard\libstdc++.a(eh_personality.o)
 .text._ZL17parse_lsda_headerP15_Unwind_ContextPKhP16lsda_header_info
                0x08009f54       0x90 c:/progra~2/armgnu~1/12977f~1.2mp/bin/../lib/gcc/arm-none-eabi/12.2.1/thumb/v7e-m+fp/hard\libstdc++.a(eh_personality.o)
 .text.__gxx_personality_v0
                0x08009fe4      0x448 c:/progra~2/armgnu~1/12977f~1.2mp/bin/../lib/gcc/arm-none-eabi/12.2.1/thumb/v7e-m+fp/hard\libstdc++.a(eh_personality.o)
                0x08009fe4                __gxx_personality_v0
 .text._ZN10__cxxabiv111__terminateEPFvvE